Component: ARM Compiler 5.06 update 7 (build 960) Tool: armlink [4d3601]

==============================================================================

Section Cross References

    main.o(i.TIM3_IRQHandler) refers to stm32f10x_tim.o(i.TIM_GetITStatus) for TIM_GetITStatus
    main.o(i.TIM3_IRQHandler) refers to oled_ui.o(i.OLED_UI_InterruptHandler) for OLED_UI_InterruptHandler
    main.o(i.TIM3_IRQHandler) refers to stm32f10x_tim.o(i.TIM_ClearITPendingBit) for TIM_ClearITPendingBit
    main.o(i.main) refers to system_stm32f10x.o(i.SystemInit) for SystemInit
    main.o(i.main) refers to systick.o(i.systick_init) for systick_init
    main.o(i.main) refers to usart1.o(i.Usart1Init) for Usart1Init
    main.o(i.main) refers to pair_freq.o(i.get_chip_id) for get_chip_id
    main.o(i.main) refers to spi.o(i.SPI1_Init) for SPI1_Init
    main.o(i.main) refers to nrf24l01.o(i.NRF24L01_Init) for NRF24L01_Init
    main.o(i.main) refers to nrf24l01.o(i.NRF24L01_Check) for NRF24L01_Check
    main.o(i.main) refers to nrf24l01.o(i.NRF24L01_TX_Mode) for NRF24L01_TX_Mode
    main.o(i.main) refers to key.o(i.KeyInit) for KeyInit
    main.o(i.main) refers to adc.o(i.ADC_Config) for ADC_Config
    main.o(i.main) refers to timing_trigger.o(i.timing_trigger_init) for timing_trigger_init
    main.o(i.main) refers to oled_ui_driver.o(i.Timer_Init) for Timer_Init
    main.o(i.main) refers to nvic.o(i.NVIC_config) for NVIC_config
    main.o(i.main) refers to systick.o(i.delay_ms) for delay_ms
    main.o(i.main) refers to rcc.o(i.RCC_HSE_Configuration) for RCC_HSE_Configuration
    main.o(i.main) refers to oled_ui.o(i.OLED_UI_Init) for OLED_UI_Init
    main.o(i.main) refers to sendpacket.o(i.NrfTxPacket) for NrfTxPacket
    main.o(i.main) refers to oled_ui.o(i.OLED_UI_MainLoop) for OLED_UI_MainLoop
    main.o(i.main) refers to pair_freq.o(i.WaitPairing) for WaitPairing
    main.o(i.main) refers to oled_ui_menudata.o(.data) for MainMenuPage
    system_stm32f10x.o(i.SystemCoreClockUpdate) refers to system_stm32f10x.o(.data) for .data
    system_stm32f10x.o(i.SystemInit) refers to system_stm32f10x.o(i.SetSysClockTo72) for SetSysClockTo72
    systick.o(i.SysTick_Handler) refers to systick.o(.data) for .data
    systick.o(i.delay_ms) refers to systick.o(i.delay_us) for delay_us
    systick.o(i.systick_get_ms) refers to systick.o(.data) for .data
    systick.o(i.systick_init) refers to system_stm32f10x.o(.data) for SystemCoreClock
    spi.o(i.SPI1_Init) refers to stm32f10x_rcc.o(i.RCC_APB2PeriphClockCmd) for RCC_APB2PeriphClockCmd
    spi.o(i.SPI1_Init) refers to stm32f10x_gpio.o(i.GPIO_Init) for GPIO_Init
    spi.o(i.SPI1_Init) refers to stm32f10x_spi.o(i.SPI_Init) for SPI_Init
    spi.o(i.SPI1_Init) refers to stm32f10x_spi.o(i.SPI_Cmd) for SPI_Cmd
    spi.o(i.SPI1_Init) refers to spi.o(i.SPI1_RW) for SPI1_RW
    spi.o(i.SPI1_RW) refers to stm32f10x_spi.o(i.SPI_I2S_GetFlagStatus) for SPI_I2S_GetFlagStatus
    spi.o(i.SPI1_RW) refers to stm32f10x_spi.o(i.SPI_I2S_SendData) for SPI_I2S_SendData
    spi.o(i.SPI1_RW) refers to stm32f10x_spi.o(i.SPI_I2S_ReceiveData) for SPI_I2S_ReceiveData
    nrf24l01.o(i.NRF24L01_Check) refers to nrf24l01.o(i.NRF24L01_Write_Buf) for NRF24L01_Write_Buf
    nrf24l01.o(i.NRF24L01_Check) refers to nrf24l01.o(i.NRF24L01_Read_Buf) for NRF24L01_Read_Buf
    nrf24l01.o(i.NRF24L01_Init) refers to stm32f10x_rcc.o(i.RCC_APB2PeriphClockCmd) for RCC_APB2PeriphClockCmd
    nrf24l01.o(i.NRF24L01_Init) refers to stm32f10x_gpio.o(i.GPIO_Init) for GPIO_Init
    nrf24l01.o(i.NRF24L01_Init) refers to stm32f10x_gpio.o(i.GPIO_SetBits) for GPIO_SetBits
    nrf24l01.o(i.NRF24L01_Init) refers to stm32f10x_gpio.o(i.GPIO_ResetBits) for GPIO_ResetBits
    nrf24l01.o(i.NRF24L01_Read_Buf) refers to stm32f10x_gpio.o(i.GPIO_ResetBits) for GPIO_ResetBits
    nrf24l01.o(i.NRF24L01_Read_Buf) refers to spi.o(i.SPI1_RW) for SPI1_RW
    nrf24l01.o(i.NRF24L01_Read_Buf) refers to stm32f10x_gpio.o(i.GPIO_SetBits) for GPIO_SetBits
    nrf24l01.o(i.NRF24L01_Read_Reg) refers to stm32f10x_gpio.o(i.GPIO_ResetBits) for GPIO_ResetBits
    nrf24l01.o(i.NRF24L01_Read_Reg) refers to spi.o(i.SPI1_RW) for SPI1_RW
    nrf24l01.o(i.NRF24L01_Read_Reg) refers to stm32f10x_gpio.o(i.GPIO_SetBits) for GPIO_SetBits
    nrf24l01.o(i.NRF24L01_TX_Mode) refers to stm32f10x_gpio.o(i.GPIO_ResetBits) for GPIO_ResetBits
    nrf24l01.o(i.NRF24L01_TX_Mode) refers to nrf24l01.o(i.NRF24L01_Write_Reg) for NRF24L01_Write_Reg
    nrf24l01.o(i.NRF24L01_TX_Mode) refers to nrf24l01.o(i.NRF24L01_Write_Buf) for NRF24L01_Write_Buf
    nrf24l01.o(i.NRF24L01_TX_Mode) refers to stm32f10x_gpio.o(i.GPIO_SetBits) for GPIO_SetBits
    nrf24l01.o(i.NRF24L01_TX_Mode) refers to pair_freq.o(.data) for pair
    nrf24l01.o(i.NRF24L01_TxPacket) refers to stm32f10x_gpio.o(i.GPIO_ResetBits) for GPIO_ResetBits
    nrf24l01.o(i.NRF24L01_TxPacket) refers to nrf24l01.o(i.NRF24L01_Write_Buf) for NRF24L01_Write_Buf
    nrf24l01.o(i.NRF24L01_TxPacket) refers to stm32f10x_gpio.o(i.GPIO_SetBits) for GPIO_SetBits
[...]
    OLED_ShowCharArea                        0x0800433d   Thumb Code   128  oled.o(i.OLED_ShowCharArea)
    OLED_ShowChineseArea                     0x080043cd   Thumb Code   468  oled.o(i.OLED_ShowChineseArea)
    OLED_ShowImage                           0x080045b5   Thumb Code   328  oled.o(i.OLED_ShowImage)
    OLED_ShowImageArea                       0x08004701   Thumb Code   300  oled.o(i.OLED_ShowImageArea)
    OLED_ShowMixStringArea                   0x08004831   Thumb Code   118  oled.o(i.OLED_ShowMixStringArea)
    OLED_ShowString                          0x080048a7   Thumb Code    44  oled.o(i.OLED_ShowString)
    OLED_UI_Back                             0x080048d3   Thumb Code     4  oled_ui.o(i.OLED_UI_Back)
    OLED_UI_CreateWindow                     0x080048d9   Thumb Code    96  oled_ui.o(i.OLED_UI_CreateWindow)
    OLED_UI_FadeOut_Masking                  0x08004941   Thumb Code   206  oled_ui.o(i.OLED_UI_FadeOut_Masking)
    OLED_UI_FadeoutAllArea                   0x08004a19   Thumb Code    60  oled_ui.o(i.OLED_UI_FadeoutAllArea)
    OLED_UI_FadeoutCurrentArea               0x08004a59   Thumb Code    72  oled_ui.o(i.OLED_UI_FadeoutCurrentArea)
    OLED_UI_Init                             0x08004aa5   Thumb Code    32  oled_ui.o(i.OLED_UI_Init)
    OLED_UI_InterruptHandler                 0x08004ac9   Thumb Code   384  oled_ui.o(i.OLED_UI_InterruptHandler)
    OLED_UI_MainLoop                         0x08004c51   Thumb Code    30  oled_ui.o(i.OLED_UI_MainLoop)
    OLED_UI_ShowFPS                          0x08004c71   Thumb Code    58  oled_ui.o(i.OLED_UI_ShowFPS)
    OLED_Update                              0x08004cb5   Thumb Code    34  oled_driver.o(i.OLED_Update)
    OLED_W_SCL                               0x08004cdd   Thumb Code    12  oled_driver.o(i.OLED_W_SCL)
    OLED_W_SDA                               0x08004ced   Thumb Code    12  oled_driver.o(i.OLED_W_SDA)
    OLED_WindowDataDispose                   0x08004cfd   Thumb Code   562  oled_ui.o(i.OLED_WindowDataDispose)
    OLED_WriteCommand                        0x08004f39   Thumb Code    34  oled_driver.o(i.OLED_WriteCommand)
    OLED_WriteData                           0x08004f5d   Thumb Code    62  oled_driver.o(i.OLED_WriteData)
    PendSV_Handler                           0x08004fa1   Thumb Code     2  stm32f10x_it.o(i.PendSV_Handler)
    PrintMenuElements                        0x08004fa5   Thumb Code  1648  oled_ui.o(i.PrintMenuElements)
    RCC_ADCCLKConfig                         0x08005621   Thumb Code    14  stm32f10x_rcc.o(i.RCC_ADCCLKConfig)
    RCC_AHBPeriphClockCmd                    0x08005635   Thumb Code    18  stm32f10x_rcc.o(i.RCC_AHBPeriphClockCmd)
    RCC_APB1PeriphClockCmd                   0x0800564d   Thumb Code    18  stm32f10x_rcc.o(i.RCC_APB1PeriphClockCmd)
    RCC_APB2PeriphClockCmd                   0x08005665   Thumb Code    18  stm32f10x_rcc.o(i.RCC_APB2PeriphClockCmd)
    RCC_DeInit                               0x0800567d   Thumb Code    50  stm32f10x_rcc.o(i.RCC_DeInit)
    RCC_GetClocksFreq                        0x080056bd   Thumb Code   128  stm32f10x_rcc.o(i.RCC_GetClocksFreq)
    RCC_GetFlagStatus                        0x0800574d   Thumb Code    44  stm32f10x_rcc.o(i.RCC_GetFlagStatus)
    RCC_GetSYSCLKSource                      0x0800577d   Thumb Code    10  stm32f10x_rcc.o(i.RCC_GetSYSCLKSource)
    RCC_HCLKConfig                           0x0800578d   Thumb Code    14  stm32f10x_rcc.o(i.RCC_HCLKConfig)
    RCC_HSEConfig                            0x080057a1   Thumb Code    48  stm32f10x_rcc.o(i.RCC_HSEConfig)
    RCC_HSE_Configuration                    0x080057d5   Thumb Code    98  rcc.o(i.RCC_HSE_Configuration)
    RCC_PCLK1Config                          0x08005839   Thumb Code    14  stm32f10x_rcc.o(i.RCC_PCLK1Config)
    RCC_PCLK2Config                          0x0800584d   Thumb Code    16  stm32f10x_rcc.o(i.RCC_PCLK2Config)
    RCC_PLLCmd                               0x08005861   Thumb Code     6  stm32f10x_rcc.o(i.RCC_PLLCmd)
    RCC_PLLConfig                            0x0800586d   Thumb Code    16  stm32f10x_rcc.o(i.RCC_PLLConfig)
    RCC_SYSCLKConfig                         0x08005881   Thumb Code    14  stm32f10x_rcc.o(i.RCC_SYSCLKConfig)
    RCC_WaitForHSEStartUp                    0x08005895   Thumb Code    44  stm32f10x_rcc.o(i.RCC_WaitForHSEStartUp)
    RemoteVoltageDetect                      0x080058c1   Thumb Code    66  adc.o(i.RemoteVoltageDetect)
    ReverseCoordinate                        0x08005919   Thumb Code   276  oled_ui.o(i.ReverseCoordinate)
    RunCurrentCallBackFunction               0x08005a31   Thumb Code    46  oled_ui.o(i.RunCurrentCallBackFunction)
    RunFadeOut                               0x08005a65   Thumb Code   432  oled_ui.o(i.RunFadeOut)
    SPI1_Init                                0x08005c21   Thumb Code   132  spi.o(i.SPI1_Init)
    SPI1_RW                                  0x08005cad   Thumb Code    76  spi.o(i.SPI1_RW)
    SPI_Cmd                                  0x08005cfd   Thumb Code    20  stm32f10x_spi.o(i.SPI_Cmd)
    SPI_I2S_GetFlagStatus                    0x08005d11   Thumb Code    14  stm32f10x_spi.o(i.SPI_I2S_GetFlagStatus)
    SPI_I2S_ReceiveData                      0x08005d1f   Thumb Code     4  stm32f10x_spi.o(i.SPI_I2S_ReceiveData)
    SPI_I2S_SendData                         0x08005d23   Thumb Code     4  stm32f10x_spi.o(i.SPI_I2S_SendData)
    SPI_Init                                 0x08005d27   Thumb Code    56  stm32f10x_spi.o(i.SPI_Init)
    SVC_Handler                              0x08005d5f   Thumb Code     2  stm32f10x_it.o(i.SVC_Handler)
    SetCursorZero                            0x08005d61   Thumb Code    22  oled_ui.o(i.SetCursorZero)
    SetEnterFlag                             0x08005d7d   Thumb Code    10  oled_ui.o(i.SetEnterFlag)
    SetFadeOutFlag                           0x08005d8d   Thumb Code     8  oled_ui.o(i.SetFadeOutFlag)
    SetLineSplitZero                         0x08005d99   Thumb Code    52  oled_ui.o(i.SetLineSplitZero)
    SetTargetCursor                          0x08005e79   Thumb Code   492  oled_ui.o(i.SetTargetCursor)
    SetTargetMenuFrame                       0x08006071   Thumb Code    46  oled_ui.o(i.SetTargetMenuFrame)
    SetTargetProbWidth                       0x080060ad   Thumb Code   338  oled_ui.o(i.SetTargetProbWidth)
    SetTargetScrollBarHeight                 0x08006209   Thumb Code    96  oled_ui.o(i.SetTargetScrollBarHeight)
    SettingAuxFunc                           0x08006271   Thumb Code   200  oled_ui_menudata.o(i.SettingAuxFunc)
    ShowUavWindow                            0x08006351   Thumb Code     6  oled_ui_menudata.o(i.ShowUavWindow)
    SysTick_Handler                          0x0800635d   Thumb Code    10  systick.o(i.SysTick_Handler)
    SystemInit                               0x0800636d   Thumb Code    64  system_stm32f10x.o(i.SystemInit)
    TIM3_IRQHandler                          0x080064a5   Thumb Code    34  main.o(i.TIM3_IRQHandler)
    TIM_ARRPreloadConfig                     0x080064cd   Thumb Code    20  stm32f10x_tim.o(i.TIM_ARRPreloadConfig)
    TIM_ClearFlag                            0x080064e1   Thumb Code     6  stm32f10x_tim.o(i.TIM_ClearFlag)
    TIM_ClearITPendingBit                    0x080064e7   Thumb Code     6  stm32f10x_tim.o(i.TIM_ClearITPendingBit)
    TIM_Cmd                                  0x080064ed   Thumb Code    20  stm32f10x_tim.o(i.TIM_Cmd)
    TIM_EncoderInterfaceConfig               0x08006501   Thumb Code    50  stm32f10x_tim.o(i.TIM_EncoderInterfaceConfig)
    TIM_GetCounter                           0x08006533   Thumb Code     4  stm32f10x_tim.o(i.TIM_GetCounter)
    TIM_GetITStatus                          0x08006537   Thumb Code    24  stm32f10x_tim.o(i.TIM_GetITStatus)
    TIM_ICInit                               0x08006551   Thumb Code   280  stm32f10x_tim.o(i.TIM_ICInit)
    TIM_ICStructInit                         0x0800667d   Thumb Code    16  stm32f10x_tim.o(i.TIM_ICStructInit)
    TIM_ITConfig                             0x0800668d   Thumb Code    16  stm32f10x_tim.o(i.TIM_ITConfig)
    TIM_InternalClockConfig                  0x0800669d   Thumb Code    10  stm32f10x_tim.o(i.TIM_InternalClockConfig)
    TIM_OC4Init                              0x080066a9   Thumb Code    90  stm32f10x_tim.o(i.TIM_OC4Init)
    TIM_OC4PreloadConfig                     0x0800670d   Thumb Code    20  stm32f10x_tim.o(i.TIM_OC4PreloadConfig)
    TIM_SetCounter                           0x08006721   Thumb Code     4  stm32f10x_tim.o(i.TIM_SetCounter)
    TIM_SetIC1Prescaler                      0x08006725   Thumb Code    16  stm32f10x_tim.o(i.TIM_SetIC1Prescaler)
    TIM_SetIC2Prescaler                      0x08006735   Thumb Code    24  stm32f10x_tim.o(i.TIM_SetIC2Prescaler)
    TIM_SetIC3Prescaler                      0x0800674d   Thumb Code    16  stm32f10x_tim.o(i.TIM_SetIC3Prescaler)
    TIM_SetIC4Prescaler                      0x0800675d   Thumb Code    24  stm32f10x_tim.o(i.TIM_SetIC4Prescaler)
    TIM_TimeBaseInit                         0x08006775   Thumb Code   114  stm32f10x_tim.o(i.TIM_TimeBaseInit)
    Timer_Init                               0x08006811   Thumb Code   118  oled_ui_driver.o(i.Timer_Init)
    USART_Cmd                                0x0800688d   Thumb Code    20  stm32f10x_usart.o(i.USART_Cmd)
    USART_ITConfig                           0x080068a1   Thumb Code    48  stm32f10x_usart.o(i.USART_ITConfig)
    USART_Init                               0x080068d1   Thumb Code   166  stm32f10x_usart.o(i.USART_Init)
    Uav_Info                                 0x0800697d   Thumb Code   818  oled_ui.o(i.Uav_Info)
    UsageFault_Handler                       0x08006d49   Thumb Code     2  stm32f10x_it.o(i.UsageFault_Handler)
    Usart1Init                               0x08006d4d   Thumb Code   130  usart1.o(i.Usart1Init)
    WaitPairing                              0x08006dd9   Thumb Code   110  pair_freq.o(i.WaitPairing)
    __ARM_fpclassify                         0x08006e55   Thumb Code    40  fpclassify.o(i.__ARM_fpclassify)
    __kernel_poly                            0x08006e7d   Thumb Code   170  poly.o(i.__kernel_poly)
    __mathlib_dbl_infnan                     0x08006f27   Thumb Code     6  dunder.o(i.__mathlib_dbl_infnan)
    __mathlib_dbl_infnan2                    0x08006f2d   Thumb Code     4  dunder.o(i.__mathlib_dbl_infnan2)
    __mathlib_dbl_underflow                  0x08006f31   Thumb Code    10  dunder.o(i.__mathlib_dbl_underflow)
    _is_digit                                0x08006f41   Thumb Code    14  __printf_wp.o(i._is_digit)
    _sys_exit                                0x08006f4f   Thumb Code     2  usart1.o(i._sys_exit)
    adc_config                               0x08006f51   Thumb Code   178  adc.o(i.adc_config)
    adc_gpio_init                            0x08007009   Thumb Code    58  adc.o(i.adc_gpio_init)
    analyze_packet                           0x0800704d   Thumb Code    82  sendpacket.o(i.analyze_packet)
    atan                                     0x080070ad   Thumb Code   474  atan.o(i.atan)
    atan2                                    0x080072cd   Thumb Code   374  atan2.o(i.atan2)
    ceil                                     0x08007469   Thumb Code   204  ceil.o(i.ceil)
    data_exchange                            0x08007545   Thumb Code    74  sendpacket.o(i.data_exchange)
    delay_ms                                 0x08007599   Thumb Code    22  systick.o(i.delay_ms)
    delay_us                                 0x080075af   Thumb Code    22  systick.o(i.delay_us)
    fmin                                     0x080075c5   Thumb Code    66  fmin.o(i.fmin)
    get_chip_id                              0x08007609   Thumb Code    34  pair_freq.o(i.get_chip_id)
    main                                     0x08007639   Thumb Code    86  main.o(i.main)
    systick_init                             0x08007695   Thumb Code    32  systick.o(i.systick_init)
    timing_trigger_init                      0x080076b9   Thumb Code   106  timing_trigger.o(i.timing_trigger_init)
    _get_lc_numeric                          0x08007729   Thumb Code    44  lc_numeric_c.o(locale$$code)
    _get_lc_ctype                            0x08007755   Thumb Code    44  lc_ctype_c.o(locale$$code)
    __aeabi_d2f                              0x08007781   Thumb Code     0  d2f.o(x$fpl$d2f)
    _d2f                                     0x08007781   Thumb Code    98  d2f.o(x$fpl$d2f)
    __aeabi_dadd                             0x080077e5   Thumb Code     0  daddsub_clz.o(x$fpl$dadd)
    _dadd                                    0x080077e5   Thumb Code   332  daddsub_clz.o(x$fpl$dadd)
    __fpl_dcheck_NaN1                        0x08007935   Thumb Code    10  dcheck1.o(x$fpl$dcheck1)
    __dcmp4                                  0x08007945   Thumb Code    98  dcmp4.o(x$fpl$dcmp4)
    __ARM_dcmp4                              0x080079a7   Thumb Code     0  dcmp4.o(x$fpl$dcmp4)
    _dcmp4                                   0x080079a7   Thumb Code    60  dcmp4.o(x$fpl$dcmp4)
    __dcmp4e                                 0x080079e3   Thumb Code    98  dcmp4.o(x$fpl$dcmp4)
    __ARM_dcmp4e                             0x08007a45   Thumb Code     0  dcmp4.o(x$fpl$dcmp4)
    _dcmp4e                                  0x08007a45   Thumb Code    54  dcmp4.o(x$fpl$dcmp4)
    __fpl_dcmp_Inf                           0x08007a7b   Thumb Code    24  dcmpi.o(x$fpl$dcmpinf)
    __aeabi_ddiv                             0x08007a95   Thumb Code     0  ddiv.o(x$fpl$ddiv)
    _ddiv                                    0x08007a95   Thumb Code   552  ddiv.o(x$fpl$ddiv)
    __aeabi_cdcmpeq                          0x08007d45   Thumb Code     0  deqf.o(x$fpl$deqf)
    _dcmpeq                                  0x08007d45   Thumb Code   120  deqf.o(x$fpl$deqf)
    __aeabi_d2iz                             0x08007dbd   Thumb Code     0  dfix.o(x$fpl$dfix)
    _dfix                                    0x08007dbd   Thumb Code    94  dfix.o(x$fpl$dfix)
    __aeabi_i2d                              0x08007e1b   Thumb Code     0  dflt_clz.o(x$fpl$dflt)
    _dflt                                    0x08007e1b   Thumb Code    46  dflt_clz.o(x$fpl$dflt)
    __aeabi_cdcmple                          0x08007e49   Thumb Code     0  dleqf.o(x$fpl$dleqf)
    _dcmple                                  0x08007e49   Thumb Code   120  dleqf.o(x$fpl$dleqf)
    __fpl_dcmple_InfNaN                      0x08007eab   Thumb Code     0  dleqf.o(x$fpl$dleqf)
    __aeabi_dmul                             0x08007ec1   Thumb Code     0  dmul.o(x$fpl$dmul)
    _dmul                                    0x08007ec1   Thumb Code   332  dmul.o(x$fpl$dmul)
    __fpl_dnaninf                            0x08008015   Thumb Code   156  dnaninf.o(x$fpl$dnaninf)
    __fpl_dretinf                            0x080080b1   Thumb Code    12  dretinf.o(x$fpl$dretinf)
    __aeabi_cdrcmple                         0x080080bd   Thumb Code     0  drleqf.o(x$fpl$drleqf)
    _drcmple                                 0x080080bd   Thumb Code   108  drleqf.o(x$fpl$drleqf)
    __aeabi_drsub                            0x08008129   Thumb Code     0  daddsub_clz.o(x$fpl$drsb)
    _drsb                                    0x08008129   Thumb Code    22  daddsub_clz.o(x$fpl$drsb)
    __aeabi_dsub                             0x08008141   Thumb Code     0  daddsub_clz.o(x$fpl$dsub)
    _dsub                                    0x08008141   Thumb Code   464  daddsub_clz.o(x$fpl$dsub)
    __aeabi_f2d                              0x08008315   Thumb Code     0  f2d.o(x$fpl$f2d)
    _f2d                                     0x08008315   Thumb Code    86  f2d.o(x$fpl$f2d)
    __aeabi_fadd                             0x0800836d   Thumb Code     0  faddsub_clz.o(x$fpl$fadd)
    _fadd                                    0x0800836d   Thumb Code   196  faddsub_clz.o(x$fpl$fadd)
    __fpl_fcheck_NaN1                        0x08008431   Thumb Code     6  fcheck1.o(x$fpl$fcheck1)
    __fpl_fcmp_Inf                           0x0800843d   Thumb Code    24  fcmpi.o(x$fpl$fcmpinf)
    __aeabi_fdiv                             0x08008455   Thumb Code     0  fdiv.o(x$fpl$fdiv)
    _fdiv                                    0x08008455   Thumb Code   384  fdiv.o(x$fpl$fdiv)
    __aeabi_cfcmpeq                          0x080085d9   Thumb Code     0  feqf.o(x$fpl$feqf)
    _fcmpeq                                  0x080085d9   Thumb Code   104  feqf.o(x$fpl$feqf)
    __aeabi_f2iz                             0x08008641   Thumb Code     0  ffix.o(x$fpl$ffix)
    _ffix                                    0x08008641   Thumb Code    54  ffix.o(x$fpl$ffix)
    __aeabi_f2uiz                            0x08008679   Thumb Code     0  ffixu.o(x$fpl$ffixu)
    _ffixu                                   0x08008679   Thumb Code    62  ffixu.o(x$fpl$ffixu)
    __aeabi_i2f                              0x080086b9   Thumb Code     0  fflt_clz.o(x$fpl$fflt)
    _fflt                                    0x080086b9   Thumb Code    48  fflt_clz.o(x$fpl$fflt)
    __aeabi_ul2f                             0x080086e9   Thumb Code     0  ffltll_clz.o(x$fpl$ffltll)
    _ll_uto_f                                0x080086e9   Thumb Code     6  ffltll_clz.o(x$fpl$ffltll)
    __aeabi_l2f                              0x080086ef   Thumb Code     0  ffltll_clz.o(x$fpl$ffltll)
    _ll_sto_f                                0x080086ef   Thumb Code    90  ffltll_clz.o(x$fpl$ffltll)
    __aeabi_ui2f                             0x08008749   Thumb Code     0  fflt_clz.o(x$fpl$ffltu)
    _ffltu                                   0x08008749   Thumb Code    38  fflt_clz.o(x$fpl$ffltu)
    __aeabi_cfcmple                          0x08008771   Thumb Code     0  fleqf.o(x$fpl$fleqf)
    _fcmple                                  0x08008771   Thumb Code   104  fleqf.o(x$fpl$fleqf)
    __fpl_fcmple_InfNaN                      0x080087c3   Thumb Code     0  fleqf.o(x$fpl$fleqf)
    __aeabi_fmul                             0x080087d9   Thumb Code     0  fmul.o(x$fpl$fmul)
    _fmul                                    0x080087d9   Thumb Code   258  fmul.o(x$fpl$fmul)
    __fpl_fnaninf                            0x080088db   Thumb Code   140  fnaninf.o(x$fpl$fnaninf)
    __fpl_fretinf                            0x08008967   Thumb Code    10  fretinf.o(x$fpl$fretinf)
    __aeabi_cfrcmple                         0x08008971   Thumb Code     0  frleqf.o(x$fpl$frleqf)
    _frcmple                                 0x08008971   Thumb Code    98  frleqf.o(x$fpl$frleqf)
    __aeabi_frsub                            0x080089d3   Thumb Code     0  faddsub_clz.o(x$fpl$frsb)
    _frsb                                    0x080089d3   Thumb Code    20  faddsub_clz.o(x$fpl$frsb)
    __aeabi_fsub                             0x080089e9   Thumb Code     0  faddsub_clz.o(x$fpl$fsub)
    _fsub                                    0x080089e9   Thumb Code   234  faddsub_clz.o(x$fpl$fsub)
    __aeabi_f2lz                             0x08008ad5   Thumb Code     0  ffixll.o(x$fpl$llsfromf)
    _ll_sfrom_f                              0x08008ad5   Thumb Code   134  ffixll.o(x$fpl$llsfromf)
    _printf_fp_dec                           0x08008b5b   Thumb Code     4  printf1.o(x$fpl$printf1)
    _printf_fp_hex                           0x08008b5f   Thumb Code     4  printf2.o(x$fpl$printf2)
    __fpl_return_NaN                         0x08008b63   Thumb Code   100  retnan.o(x$fpl$retnan)
    __ARM_scalbn                             0x08008bc7   Thumb Code    92  scalbn.o(x$fpl$scalbn)
    __ARM_scalbnf                            0x08008c23   Thumb Code    76  scalbnf.o(x$fpl$scalbnf)
    __fpl_cmpreturn                          0x08008c6f   Thumb Code    48  trapv.o(x$fpl$trapveneer)
    OLED_F10x20                              0x08008c9e   Data        2850  oled_fonts.o(.constdata)
    __I$use$fp                               0x08008c9e   Number         0  usenofp.o(x$fpl$usenofp)
    OLED_F8x16                               0x080097c0   Data        1520  oled_fonts.o(.constdata)
    OLED_F7x12                               0x08009db0   Data        1330  oled_fonts.o(.constdata)
    OLED_F6x8                                0x0800a2e2   Data         570  oled_fonts.o(.constdata)
    OLED_CF20x20                             0x0800a51c   Data        3276  oled_fonts.o(.constdata)
    OLED_CF16x16                             0x0800b1e8   Data        3220  oled_fonts.o(.constdata)
    OLED_CF12x12                             0x0800be7c   Data        2943  oled_fonts.o(.constdata)
    OLED_CF8x8                               0x0800c9fb   Data         594  oled_fonts.o(.constdata)
    Arrow                                    0x0800cc4d   Data           6  oled_fonts.o(.constdata)
    UnKnown                                  0x0800cc53   Data         656  oled_fonts.o(.constdata)
    Image_setings                            0x0800cee3   Data         128  oled_fonts.o(.constdata)
    Image_uavinfo                            0x0800cf63   Data         128  oled_fonts.o(.constdata)
    Image_uavsettings                        0x0800cfe3   Data         128  oled_fonts.o(.constdata)
    Image_remoteicon                         0x0800d063   Data           9  oled_fonts.o(.constdata)
    Image_missingicon                        0x0800d06c   Data          11  oled_fonts.o(.constdata)
    Image_onlineicon                         0x0800d077   Data          11  oled_fonts.o(.constdata)
    Image_lockicon                           0x0800d082   Data          16  oled_fonts.o(.constdata)
    Image_unlockicon                         0x0800d092   Data          16  oled_fonts.o(.constdata)
    OLED_UI_LOGOGithub                       0x0800d0a2   Data         128  oled_fonts.o(.constdata)
    OLED_UI_LOGOTEXT64                       0x0800d122   Data         208  oled_fonts.o(.constdata)
    OLED_UI_SettingsLogo                     0x0800d1f2   Data         256  oled_fonts.o(.constdata)
    __mathlib_zero                           0x0800d3f8   Data           8  qnan.o(.constdata)
    Region$$Table$$Base                      0x0800d648   Number         0  anon$$obj.o(Region$$Table)
    Region$$Table$$Limit                     0x0800d668   Number         0  anon$$obj.o(Region$$Table)
    __ctype                                  0x0800d691   Data           0  lc_ctype_c.o(locale$$data)
    SystemCoreClock                          0x20000000   Data           4  system_stm32f10x.o(.data)
    AHBPrescTable                            0x20000004   Data          16  system_stm32f10x.o(.data)
    millis_count                             0x20000014   Data           4  systick.o(.data)
    remoteVoltage                            0x2000001c   Data           4  adc.o(.data)
    adc_dma_done                             0x20000020   Data           1  sendpacket.o(.data)
    rxPacketStatus                           0x20000021   Data           1  sendpacket.o(.data)
    tx                                       0x20000022   Data           6  sendpacket.o(.data)
    ID                                       0x20000028   Data           4  pair_freq.o(.data)
    pair                                     0x2000002c   Data           7  pair_freq.o(.data)
    OLED_ColorMode                           0x20000047   Data           1  oled_driver.o(.data)
    KeyEnterFlag                             0x20000048   Data           1  oled_ui.o(.data)
    FadeOutFlag                              0x20000049   Data           1  oled_ui.o(.data)
    ColorMode                                0x2000004a   Data           1  oled_ui.o(.data)
    OLED_UI_ShowFps                          0x2000004b   Data           1  oled_ui.o(.data)
    bar_x_T_R                                0x2000004e   Data           1  oled_ui.o(.data)
    bar_x_P_Y                                0x2000004f   Data           1  oled_ui.o(.data)
    bar                                      0x20000052   Data           1  oled_ui.o(.data)
    OLED_UI_Brightness                       0x20000054   Data           2  oled_ui.o(.data)
    WindowProbDeltaData                      0x20000056   Data           2  oled_ui.o(.data)
    voltage                                  0x20000058   Data           2  oled_ui.o(.data)
    OLED_UI_Key                              0x20000062   Data           4  oled_ui.o(.data)
    OLED_UI_LastKey                          0x20000066   Data           4  oled_ui.o(.data)
    CurrentMenuPage                          0x2000006c   Data           4  oled_ui.o(.data)
    CurrentWindow                            0x20000070   Data           4  oled_ui.o(.data)
    OLED_SustainCounter                      0x20000074   Data           4  oled_ui.o(.data)
    smooth_thr                               0x20000078   Data           4  oled_ui.o(.data)
    smooth_pit                               0x2000007c   Data           4  oled_ui.o(.data)
    smooth_rol                               0x20000080   Data           4  oled_ui.o(.data)
    smooth_yaw                               0x20000084   Data           4  oled_ui.o(.data)
    OLED_FPS                                 0x20000088   Data           6  oled_ui.o(.data)
    testfloatnum                             0x20000094   Data           4  oled_ui_menudata.o(.data)
    testintnum                               0x20000098   Data           4  oled_ui_menudata.o(.data)
    SetBrightnessWindow                      0x2000009c   Data          68  oled_ui_menudata.o(.data)
    NullWindow                               0x200000e0   Data          68  oled_ui_menudata.o(.data)
    TextWindow                               0x20000124   Data          68  oled_ui_menudata.o(.data)
    UavWindow                                0x20000168   Data          68  oled_ui_menudata.o(.data)
    FloatDataWindow                          0x200001ac   Data          68  oled_ui_menudata.o(.data)
    IntDataWindow                            0x200001f0   Data          68  oled_ui_menudata.o(.data)
    MainMenuItems                            0x20000234   Data          96  oled_ui_menudata.o(.data)
    UavMenuItems                             0x20000294   Data          96  oled_ui_menudata.o(.data)
    SettingsMenuItems                        0x200002f4   Data         168  oled_ui_menudata.o(.data)
    AboutThisDeviceMenuItems                 0x2000039c   Data         240  oled_ui_menudata.o(.data)
    AboutOLED_UIMenuItems                    0x2000048c   Data         144  oled_ui_menudata.o(.data)
    MainMenuPage                             0x2000051c   Data          76  oled_ui_menudata.o(.data)
    SettingsMenuPage                         0x20000568   Data          76  oled_ui_menudata.o(.data)
    AboutThisDeviceMenuPage                  0x200005b4   Data          76  oled_ui_menudata.o(.data)
    AboutOLED_UIMenuPage                     0x20000600   Data          76  oled_ui_menudata.o(.data)
    UavMenuPage                              0x2000064c   Data          76  oled_ui_menudata.o(.data)
    UavInfoPage                              0x20000698   Data          76  oled_ui_menudata.o(.data)
    ADC_value                                0x200006e4   Data          10  adc.o(.bss)
    rxPacket                                 0x200006ee   Data          11  sendpacket.o(.bss)
    tx_dat                                   0x200006f9   Data          11  sendpacket.o(.bss)
    chip_id                                  0x20000704   Data          12  pair_freq.o(.bss)
    OLED_DisplayBuf                          0x20000710   Data        1024  oled_driver.o(.bss)
    buffer                                   0x20000b10   Data          16  oled_ui.o(.bss)
    OLED_UI_Cursor                           0x20000b20   Data          96  oled_ui.o(.bss)
    OLED_UI_MenuFrame                        0x20000b80   Data          96  oled_ui.o(.bss)
    OLED_UI_Window                           0x20000be0   Data          96  oled_ui.o(.bss)
    OLED_UI_ScrollBarHeight                  0x20000c40   Data          24  oled_ui.o(.bss)
    OLED_UI_ProbWidth                        0x20000c58   Data          24  oled_ui.o(.bss)
    OLED_UI_PageStartPoint                   0x20000c70   Data          48  oled_ui.o(.bss)
    OLED_UI_LineStep                         0x20000ca0   Data          24  oled_ui.o(.bss)
    LogoMove                                 0x20000cb8   Data          48  oled_ui_menudata.o(.bss)
    LogoTextMove                             0x20000ce8   Data          48  oled_ui_menudata.o(.bss)
    WelcomeTextMove                          0x20000d18   Data          48  oled_ui_menudata.o(.bss)
    __libspace_start                         0x20000d48   Data          96  libspace.o(.bss)
    __temporary_stack_top$libspace           0x20000da8   Data           0  libspace.o(.bss)



==============================================================================

Memory Map of the image

  Image Entry point : 0x080000ed

  Load Region LR_IROM1 (Base: 0x08000000, Size: 0x0000de78, Max: 0x00010000, ABSOLUTE, COMPRESSED[0x0000d93c])

    Execution Region ER_IROM1 (Exec base: 0x08000000, Load base: 0x08000000, Size: 0x0000d794, Max: 0x00010000, ABSOLUTE)

    Exec Addr    Load Addr    Size         Type   Attr      Idx    E Section Name        Object

    0x08000000   0x08000000   0x000000ec   Data   RO         2554    RESET               startup_stm32f10x_md.o
    0x080000ec   0x080000ec   0x00000008   Code   RO         3489  * !!!main             c_w.l(__main.o)
    0x080000f4   0x080000f4   0x00000034   Code   RO         3936    !!!scatter          c_w.l(__scatter.o)
    0x08000128   0x08000128   0x0000005a   Code   RO         3934    !!dczerorl2         c_w.l(__dczerorl2.o)
    0x08000182   0x08000182   0x00000002   PAD
    0x08000184   0x08000184   0x0000001c   Code   RO         3938    !!handler_zi        c_w.l(__scatter_zi.o)
    0x080001a0   0x080001a0   0x00000000   Code   RO         3482    .ARM.Collect$$_printf_percent$$00000000  c_w.l(_printf_percent.o)
    0x080001a0   0x080001a0   0x00000006   Code   RO         3634    .ARM.Collect$$_printf_percent$$00000001  c_w.l(_printf_n.o)
    0x080001a6   0x080001a6   0x00000006   Code   RO         3636    .ARM.Collect$$_printf_percent$$00000002  c_w.l(_printf_p.o)
    0x080001ac   0x080001ac   0x00000006   Code   RO         3640    .ARM.Collect$$_printf_percent$$00000003  c_w.l(_printf_f.o)
    0x080001b2   0x080001b2   0x00000006   Code   RO         3641    .ARM.Collect$$_printf_percent$$00000004  c_w.l(_printf_e.o)
    0x080001b8   0x080001b8   0x00000006   Code   RO         3642    .ARM.Collect$$_printf_percent$$00000005  c_w.l(_printf_g.o)
    0x080001be   0x080001be   0x00000006   Code   RO         3643    .ARM.Collect$$_printf_percent$$00000006  c_w.l(_printf_a.o)
    0x080001c4   0x080001c4   0x0000000a   Code   RO         3648    .ARM.Collect$$_printf_percent$$00000007  c_w.l(_printf_ll.o)
    0x080001ce   0x080001ce   0x00000006   Code   RO         3638    .ARM.Collect$$_printf_percent$$00000008  c_w.l(_printf_i.o)
    0x080001d4   0x080001d4   0x00000006   Code   RO         3481    .ARM.Collect$$_printf_percent$$00000009  c_w.l(_printf_d.o)
    0x080001da   0x080001da   0x00000006   Code   RO         3639    .ARM.Collect$$_printf_percent$$0000000A  c_w.l(_printf_u.o)
    0x080001e0   0x080001e0   0x00000006   Code   RO         3637    .ARM.Collect$$_printf_percent$$0000000B  c_w.l(_printf_o.o)
    0x080001e6   0x080001e6   0x00000006   Code   RO         3635    .ARM.Collect$$_printf_percent$$0000000C  c_w.l(_printf_x.o)
    0x080001ec   0x080001ec   0x00000006   Code   RO         3645    .ARM.Collect$$_printf_percent$$0000000D  c_w.l(_printf_lli.o)
    0x080001f2   0x080001f2   0x00000006   Code   RO         3646    .ARM.Collect$$_printf_percent$$0000000E  c_w.l(_printf_lld.o)
    0x080001f8   0x080001f8   0x00000006   Code   RO         3647    .ARM.Collect$$_printf_percent$$0000000F  c_w.l(_printf_llu.o)
    0x080001fe   0x080001fe   0x00000006   Code   RO         3652    .ARM.Collect$$_printf_percent$$00000010  c_w.l(_printf_llo.o)
    0x08000204   0x08000204   0x00000006   Code   RO         3653    .ARM.Collect$$_printf_percent$$00000011  c_w.l(_printf_llx.o)
    0x0800020a   0x0800020a   0x0000000a   Code   RO         3649    .ARM.Collect$$_printf_percent$$00000012  c_w.l(_printf_l.o)
    0x08000214   0x08000214   0x00000006   Code   RO         3632    .ARM.Collect$$_printf_percent$$00000013  c_w.l(_printf_c.o)
    0x0800021a   0x0800021a   0x00000006   Code   RO         3633    .ARM.Collect$$_printf_percent$$00000014  c_w.l(_printf_s.o)
    0x08000220   0x08000220   0x00000006   Code   RO         3650    .ARM.Collect$$_printf_percent$$00000015  c_w.l(_printf_lc.o)
    0x08000226   0x08000226   0x00000006   Code   RO         3651    .ARM.Collect$$_printf_percent$$00000016  c_w.l(_printf_ls.o)
    0x0800022c   0x0800022c   0x00000004   Code   RO         3644    .ARM.Collect$$_printf_percent$$00000017  c_w.l(_printf_percent_end.o)
    0x08000230   0x08000230   0x00000002   Code   RO         3800    .ARM.Collect$$libinit$$00000000  c_w.l(libinit.o)
    0x08000232   0x08000232   0x00000000   Code   RO         3813    .ARM.Collect$$libinit$$00000002  c_w.l(libinit2.o)
    0x08000232   0x08000232   0x00000000   Code   RO         3815    .ARM.Collect$$libinit$$00000004  c_w.l(libinit2.o)
    0x08000232   0x08000232   0x00000000   Code   RO         3818    .ARM.Collect$$libinit$$0000000A  c_w.l(libinit2.o)
    0x08000232   0x08000232   0x00000000   Code   RO         3820    .ARM.Collect$$libinit$$0000000C  c_w.l(libinit2.o)
    0x08000232   0x08000232   0x00000000   Code   RO         3822    .ARM.Collect$$libinit$$0000000E  c_w.l(libinit2.o)
    0x08000232   0x08000232   0x00000006   Code   RO         3823    .ARM.Collect$$libinit$$0000000F  c_w.l(libinit2.o)
    0x08000238   0x08000238   0x00000000   Code   RO         3825    .ARM.Collect$$libinit$$00000011  c_w.l(libinit2.o)
    0x08000238   0x08000238   0x0000000c   Code   RO         3826    .ARM.Collect$$libinit$$00000012  c_w.l(libinit2.o)
    0x08000244   0x08000244   0x00000000   Code   RO         3827    .ARM.Collect$$libinit$$00000013  c_w.l(libinit2.o)
    0x08000244   0x08000244   0x00000000   Code   RO         3829    .ARM.Collect$$libinit$$00000015  c_w.l(libinit2.o)
    0x08000244   0x08000244   0x0000000a   Code   RO         3830    .ARM.Collect$$libinit$$00000016  c_w.l(libinit2.o)
    0x0800024e   0x0800024e   0x00000000   Code   RO         3831    .ARM.Collect$$libinit$$00000017  c_w.l(libinit2.o)
    0x0800024e   0x0800024e   0x00000000   Code   RO         3833    .ARM.Collect$$libinit$$00000019  c_w.l(libinit2.o)
    0x0800024e   0x0800024e   0x00000000   Code   RO         3835    .ARM.Collect$$libinit$$0000001B  c_w.l(libinit2.o)
    0x0800024e   0x0800024e   0x00000000   Code   RO         3837    .ARM.Collect$$libinit$$0000001D  c_w.l(libinit2.o)
    0x0800024e   0x0800024e   0x00000000   Code   RO         3839    .ARM.Collect$$libinit$$0000001F  c_w.l(libinit2.o)
    0x0800024e   0x0800024e   0x00000000   Code   RO         3841    .ARM.Collect$$libinit$$00000021  c_w.l(libinit2.o)
    0x0800024e   0x0800024e   0x00000000   Code   RO         3843    .ARM.Collect$$libinit$$00000023  c_w.l(libinit2.o)
    0x0800024e   0x0800024e   0x00000000   Code   RO         3845    .ARM.Collect$$libinit$$00000025  c_w.l(libinit2.o)
    0x0800024e   0x0800024e   0x00000000   Code   RO         3849    .ARM.Collect$$libinit$$0000002C  c_w.l(libinit2.o)
    0x0800024e   0x0800024e   0x00000000   Code   RO         3851    .ARM.Collect$$libinit$$0000002E  c_w.l(libinit2.o)
    0x0800024e   0x0800024e   0x00000000   Code   RO         3853    .ARM.Collect$$libinit$$00000030  c_w.l(libinit2.o)
    0x0800024e   0x0800024e   0x00000000   Code   RO         3855    .ARM.Collect$$libinit$$00000032  c_w.l(libinit2.o)
    0x0800024e   0x0800024e   0x00000002   Code   RO         3856    .ARM.Collect$$libinit$$00000033  c_w.l(libinit2.o)
    0x08000250   0x08000250   0x00000002   Code   RO         3874    .ARM.Collect$$libshutdown$$00000000  c_w.l(libshutdown.o)
    0x08000252   0x08000252   0x00000000   Code   RO         3884    .ARM.Collect$$libshutdown$$00000002  c_w.l(libshutdown2.o)
    0x08000252   0x08000252   0x00000000   Code   RO         3886    .ARM.Collect$$libshutdown$$00000004  c_w.l(libshutdown2.o)
    0x08000252   0x08000252   0x00000000   Code   RO         3888    .ARM.Collect$$libshutdown$$00000006  c_w.l(libshutdown2.o)
    0x08000252   0x08000252   0x00000000   Code   RO         3891    .ARM.Collect$$libshutdown$$00000009  c_w.l(libshutdown2.o)
    0x08000252   0x08000252   0x00000000   Code   RO         3894    .ARM.Collect$$libshutdown$$0000000C  c_w.l(libshutdown2.o)
    0x08000252   0x08000252   0x00000000   Code   RO         3896    .ARM.Collect$$libshutdown$$0000000E  c_w.l(libshutdown2.o)
    0x08000252   0x08000252   0x00000000   Code   RO         3899    .ARM.Collect$$libshutdown$$00000011  c_w.l(libshutdown2.o)
    0x08000252   0x08000252   0x00000002   Code   RO         3900    .ARM.Collect$$libshutdown$$00000012  c_w.l(libshutdown2.o)
    0x08000254   0x08000254   0x00000000   Code   RO         3583    .ARM.Collect$$rtentry$$00000000  c_w.l(__rtentry.o)
    0x08000254   0x08000254   0x00000000   Code   RO         3709    .ARM.Collect$$rtentry$$00000002  c_w.l(__rtentry2.o)
    0x08000254   0x08000254   0x00000006   Code   RO         3721    .ARM.Collect$$rtentry$$00000004  c_w.l(__rtentry4.o)
    0x0800025a   0x0800025a   0x00000000   Code   RO         3711    .ARM.Collect$$rtentry$$00000009  c_w.l(__rtentry2.o)
    0x0800025a   0x0800025a   0x00000004   Code   RO         3712    .ARM.Collect$$rtentry$$0000000A  c_w.l(__rtentry2.o)
    0x0800025e   0x0800025e   0x00000000   Code   RO         3714    .ARM.Collect$$rtentry$$0000000C  c_w.l(__rtentry2.o)
    0x0800025e   0x0800025e   0x00000008   Code   RO         3715    .ARM.Collect$$rtentry$$0000000D  c_w.l(__rtentry2.o)
    0x08000266   0x08000266   0x00000002   Code   RO         3807    .ARM.Collect$$rtexit$$00000000  c_w.l(rtexit.o)
    0x08000268   0x08000268   0x00000000   Code   RO         3858    .ARM.Collect$$rtexit$$00000002  c_w.l(rtexit2.o)
    0x08000268   0x08000268   0x00000004   Code   RO         3859    .ARM.Collect$$rtexit$$00000003  c_w.l(rtexit2.o)
    0x0800026c   0x0800026c   0x00000006   Code   RO         3860    .ARM.Collect$$rtexit$$00000004  c_w.l(rtexit2.o)
    0x08000272   0x08000272   0x00000002   PAD
    0x08000274   0x08000274   0x00000040   Code   RO         2555    .text               startup_stm32f10x_md.o
    0x080002b4   0x080002b4   0x00000002   Code   RO         3445    .text               c_w.l(use_no_semi_2.o)
    0x080002b6   0x080002b6   0x00000002   PAD
    0x080002b8   0x080002b8   0x00000024   Code   RO         3447    .text               c_w.l(vsprintf.o)
    0x080002dc   0x080002dc   0x00000034   Code   RO         3449    .text               c_w.l(vsnprintf.o)
    0x08000310   0x08000310   0x0000002c   Code   RO         3451    .text               c_w.l(__2sprintf.o)
    0x0800033c   0x0800033c   0x0000004e   Code   RO         3457    .text               c_w.l(_printf_pad.o)
    0x0800038a   0x0800038a   0x00000002   PAD
    0x0800038c   0x0800038c   0x00000078   Code   RO         3459    .text               c_w.l(_printf_dec.o)
    0x08000404   0x08000404   0x00000188   Code   RO         3478    .text               c_w.l(__printf_flags_ss_wp.o)
    0x0800058c   0x0800058c   0x00000064   Code   RO         3483    .text               c_w.l(rt_memcpy_w.o)
    0x080005f0   0x080005f0   0x00000080   Code   RO         3485    .text               c_w.l(strcmpv7m.o)
    0x08000670   0x08000670   0x00000006   Code   RO         3487    .text               c_w.l(heapauxi.o)
    0x08000676   0x08000676   0x00000002   Code   RO         3581    .text               c_w.l(use_no_semi.o)
    0x08000678   0x08000678   0x00000016   Code   RO         3584    .text               c_w.l(_rserrno.o)
    0x0800068e   0x0800068e   0x00000024   Code   RO         3586    .text               c_w.l(_printf_truncate.o)
    0x080006b2   0x080006b2   0x00000052   Code   RO         3588    .text               c_w.l(_printf_str.o)
    0x08000704   0x08000704   0x000000b2   Code   RO         3590    .text               c_w.l(_printf_intcommon.o)
    0x080007b6   0x080007b6   0x00000028   Code   RO         3592    .text               c_w.l(_printf_charcount.o)
    0x080007de   0x080007de   0x00000002   PAD
    0x080007e0   0x080007e0   0x00000030   Code   RO         3594    .text               c_w.l(_printf_char_common.o)
    0x08000810   0x08000810   0x0000000a   Code   RO         3596    .text               c_w.l(_sputc.o)
    0x0800081a   0x0800081a   0x00000010   Code   RO         3598    .text               c_w.l(_snputc.o)
    0x0800082a   0x0800082a   0x00000002   PAD
    0x0800082c   0x0800082c   0x000000bc   Code   RO         3600    .text               c_w.l(_printf_wctomb.o)
    0x080008e8   0x080008e8   0x0000007c   Code   RO         3603    .text               c_w.l(_printf_longlong_dec.o)
    0x08000964   0x08000964   0x00000070   Code   RO         3609    .text               c_w.l(_printf_oct_int_ll.o)
    0x080009d4   0x080009d4   0x00000094   Code   RO         3629    .text               c_w.l(_printf_hex_int_ll_ptr.o)
    0x08000a68   0x08000a68   0x00000008   Code   RO         3726    .text               c_w.l(rt_errno_addr_intlibspace.o)
    0x08000a70   0x08000a70   0x0000008a   Code   RO         3728    .text               c_w.l(lludiv10.o)
    0x08000afa   0x08000afa   0x0000041e   Code   RO         3730    .text               c_w.l(_printf_fp_dec.o)
    0x08000f18   0x08000f18   0x000002fc   Code   RO         3732    .text               c_w.l(_printf_fp_hex.o)
    0x08001214   0x08001214   0x0000002c   Code   RO         3737    .text               c_w.l(_printf_char.o)
    0x08001240   0x08001240   0x0000002c   Code   RO         3739    .text               c_w.l(_printf_wchar.o)
    0x0800126c   0x0800126c   0x00000040   Code   RO         3741    .text               c_w.l(_wcrtomb.o)
    0x080012ac   0x080012ac   0x00000008   Code   RO         3751    .text               c_w.l(libspace.o)
    0x080012b4   0x080012b4   0x0000004a   Code   RO         3754    .text               c_w.l(sys_stackheap_outer.o)
    0x080012fe   0x080012fe   0x00000002   PAD
    0x08001300   0x08001300   0x00000010   Code   RO         3756    .text               c_w.l(rt_ctype_table.o)
    0x08001310   0x08001310   0x00000008   Code   RO         3761    .text               c_w.l(rt_locale_intlibspace.o)
    0x08001318   0x08001318   0x00000080   Code   RO         3763    .text               c_w.l(_printf_fp_infnan.o)
    0x08001398   0x08001398   0x000000e4   Code   RO         3765    .text               c_w.l(bigflt0.o)
    0x0800147c   0x0800147c   0x00000012   Code   RO         3793    .text               c_w.l(exit.o)
    0x0800148e   0x0800148e   0x0000003e   Code   RO         3768    CL$$btod_d2e        c_w.l(btod.o)
    0x080014cc   0x080014cc   0x00000046   Code   RO         3770    CL$$btod_d2e_denorm_low  c_w.l(btod.o)
    0x08001512   0x08001512   0x00000060   Code   RO         3769    CL$$btod_d2e_norm_op1  c_w.l(btod.o)
    0x08001572   0x08001572   0x00000338   Code   RO         3778    CL$$btod_div_common  c_w.l(btod.o)
    0x080018aa   0x080018aa   0x000000dc   Code   RO         3775    CL$$btod_e2e        c_w.l(btod.o)
    0x08001986   0x08001986   0x0000002a   Code   RO         3772    CL$$btod_ediv       c_w.l(btod.o)
    0x080019b0   0x080019b0   0x0000002a   Code   RO         3771    CL$$btod_emul       c_w.l(btod.o)
    0x080019da   0x080019da   0x00000244   Code   RO         3777    CL$$btod_mult_common  c_w.l(btod.o)
    0x08001c1e   0x08001c1e   0x00000014   Code   RO          910    i.ADC_Cmd           stm32f10x_adc.o
    0x08001c32   0x08001c32   0x00000012   Code   RO          595    i.ADC_Config        adc.o
    0x08001c44   0x08001c44   0x00000014   Code   RO          911    i.ADC_DMACmd        stm32f10x_adc.o
    0x08001c58   0x08001c58   0x00000068   Code   RO          596    i.ADC_DMA_Config    adc.o
    0x08001cc0   0x08001cc0   0x00000014   Code   RO          915    i.ADC_ExternalTrigConvCmd  stm32f10x_adc.o
    0x08001cd4   0x08001cd4   0x0000000e   Code   RO          918    i.ADC_GetCalibrationStatus  stm32f10x_adc.o
    0x08001ce2   0x08001ce2   0x00000002   PAD
    0x08001ce4   0x08001ce4   0x00000048   Code   RO          928    i.ADC_Init          stm32f10x_adc.o
    0x08001d2c   0x08001d2c   0x00000074   Code   RO          932    i.ADC_RegularChannelConfig  stm32f10x_adc.o
    0x08001da0   0x08001da0   0x0000000a   Code   RO          933    i.ADC_ResetCalibration  stm32f10x_adc.o
    0x08001daa   0x08001daa   0x0000000a   Code   RO          937    i.ADC_StartCalibration  stm32f10x_adc.o
    0x08001db4   0x08001db4   0x000000a4   Code   RO         3321    i.AboutOLED_UIAuxFunc  oled_ui_menudata.o
    0x08001e58   0x08001e58   0x000000a4   Code   RO         3322    i.AboutThisDeviceAuxFunc  oled_ui_menudata.o
    0x08001efc   0x08001efc   0x00000018   Code   RO         2945    i.BackEventMenuItem  oled_ui.o
    0x08001f14   0x08001f14   0x0000000c   Code   RO         3323    i.BrightnessWindow  oled_ui_menudata.o
    0x08001f20   0x08001f20   0x00000002   Code   RO          184    i.BusFault_Handler  stm32f10x_it.o
    0x08001f22   0x08001f22   0x0000003e   Code   RO         2946    i.CalcStringWidth   oled_ui.o
    0x08001f60   0x08001f60   0x00000076   Code   RO         2947    i.ChangeArea        oled_ui.o
    0x08001fd6   0x08001fd6   0x00000018   Code   RO         2948    i.ChangeDistance    oled_ui.o
    0x08001fee   0x08001fee   0x00000002   PAD
    0x08001ff0   0x08001ff0   0x000001ac   Code   RO         2949    i.ChangeFloatNum    oled_ui.o
    0x0800219c   0x0800219c   0x0000003e   Code   RO         2950    i.ChangePoint       oled_ui.o
    0x080021da   0x080021da   0x00000002   PAD
    0x080021dc   0x080021dc   0x0000009c   Code   RO         2951    i.CurrentMenuPageBackUp  oled_ui.o
    0x08002278   0x08002278   0x00000118   Code   RO         2952    i.CurrentMenuPageInit  oled_ui.o
    0x08002390   0x08002390   0x00000020   Code   RO          657    i.DMA1_Channel1_IRQHandler  sendpacket.o
    0x080023b0   0x080023b0   0x00000018   Code   RO         1127    i.DMA_ClearITPendingBit  stm32f10x_dma.o
    0x080023c8   0x080023c8   0x00000016   Code   RO         1128    i.DMA_Cmd           stm32f10x_dma.o
    0x080023de   0x080023de   0x00000002   PAD
    0x080023e0   0x080023e0   0x00000020   Code   RO         1132    i.DMA_GetITStatus   stm32f10x_dma.o
    0x08002400   0x08002400   0x00000010   Code   RO         1133    i.DMA_ITConfig      stm32f10x_dma.o
    0x08002410   0x08002410   0x0000003a   Code   RO         1134    i.DMA_Init          stm32f10x_dma.o
    0x0800244a   0x0800244a   0x00000002   Code   RO          185    i.DebugMon_Handler  stm32f10x_it.o
    0x0800244c   0x0800244c   0x00000016   Code   RO         3261    i.Delay_ms          oled_ui_driver.o
    0x08002462   0x08002462   0x00000020   Code   RO         3263    i.Delay_us          oled_ui_driver.o
    0x08002482   0x08002482   0x00000002   PAD
    0x08002484   0x08002484   0x000000d0   Code   RO         2953    i.DrawLinePermix    oled_ui.o
    0x08002554   0x08002554   0x0000000c   Code   RO         3264    i.Encoder_Disable   oled_ui_driver.o
    0x08002560   0x08002560   0x0000000c   Code   RO         3265    i.Encoder_Enable    oled_ui_driver.o
    0x0800256c   0x0800256c   0x00000038   Code   RO         3266    i.Encoder_Get       oled_ui_driver.o
    0x080025a4   0x080025a4   0x000000a8   Code   RO         3267    i.Encoder_Init      oled_ui_driver.o
    0x0800264c   0x0800264c   0x0000005c   Code   RO         2954    i.EnterEventMenuItem  oled_ui.o
    0x080026a8   0x080026a8   0x00000018   Code   RO         1215    i.FLASH_PrefetchBufferCmd  stm32f10x_flash.o
    0x080026c0   0x080026c0   0x00000014   Code   RO         1220    i.FLASH_SetLatency  stm32f10x_flash.o
    0x080026d4   0x080026d4   0x000000a2   Code   RO         1376    i.GPIO_Init         stm32f10x_gpio.o
    0x08002776   0x08002776   0x0000000e   Code   RO         1380    i.GPIO_ReadInputDataBit  stm32f10x_gpio.o
    0x08002784   0x08002784   0x00000004   Code   RO         1383    i.GPIO_ResetBits    stm32f10x_gpio.o
    0x08002788   0x08002788   0x00000004   Code   RO         1384    i.GPIO_SetBits      stm32f10x_gpio.o
    0x0800278c   0x0800278c   0x0000000a   Code   RO         1387    i.GPIO_WriteBit     stm32f10x_gpio.o
    0x08002796   0x08002796   0x00000002   PAD
    0x08002798   0x08002798   0x00000058   Code   RO         2955    i.GetCurrentMenuPageMaxSlotNum  oled_ui.o
    0x080027f0   0x080027f0   0x00000014   Code   RO         2956    i.GetEnterFlag      oled_ui.o
    0x08002804   0x08002804   0x00000020   Code   RO         2957    i.GetFPS            oled_ui.o
    0x08002824   0x08002824   0x00000014   Code   RO         2958    i.GetFadeoutFlag    oled_ui.o
    0x08002838   0x08002838   0x00000018   Code   RO         2959    i.GetMenuItemNum    oled_ui.o
    0x08002850   0x08002850   0x0000002e   Code   RO         2960    i.GetOLED_Font      oled_ui.o
    0x0800287e   0x0800287e   0x0000002e   Code   RO         2961    i.GetWindowProbDataStyle  oled_ui.o
    0x080028ac   0x080028ac   0x00000002   Code   RO          186    i.HardFault_Handler  stm32f10x_it.o
    0x080028ae   0x080028ae   0x00000002   PAD
    0x080028b0   0x080028b0   0x00000080   Code   RO          816    i.KeyInit           key.o
    0x08002930   0x08002930   0x00000074   Code   RO         3268    i.Key_Init          oled_ui_driver.o
    0x080029a4   0x080029a4   0x00000038   Code   RO         3325    i.MainAuxFunc       oled_ui_menudata.o
    0x080029dc   0x080029dc   0x00000002   Code   RO          187    i.MemManage_Handler  stm32f10x_it.o
    0x080029de   0x080029de   0x00000002   PAD
    0x080029e0   0x080029e0   0x0000002c   Code   RO         2962    i.MenuItemsMoveDown  oled_ui.o
    0x08002a0c   0x08002a0c   0x0000002c   Code   RO         2963    i.MenuItemsMoveLeft  oled_ui.o
    0x08002a38   0x08002a38   0x0000002c   Code   RO         2964    i.MenuItemsMoveRight  oled_ui.o
    0x08002a64   0x08002a64   0x0000002c   Code   RO         2965    i.MenuItemsMoveUp   oled_ui.o
    0x08002a90   0x08002a90   0x000000a4   Code   RO         2966    i.MoveMenuElements  oled_ui.o
    0x08002b34   0x08002b34   0x00000002   Code   RO          188    i.NMI_Handler       stm32f10x_it.o
    0x08002b36   0x08002b36   0x00000002   PAD
    0x08002b38   0x08002b38   0x00000048   Code   RO          453    i.NRF24L01_Check    nrf24l01.o
    0x08002b80   0x08002b80   0x00000090   Code   RO          454    i.NRF24L01_Init     nrf24l01.o
    0x08002c10   0x08002c10   0x00000044   Code   RO          455    i.NRF24L01_Read_Buf  nrf24l01.o
    0x08002c54   0x08002c54   0x0000002c   Code   RO          456    i.NRF24L01_Read_Reg  nrf24l01.o
    0x08002c80   0x08002c80   0x00000084   Code   RO          457    i.NRF24L01_TX_Mode  nrf24l01.o
    0x08002d04   0x08002d04   0x00000064   Code   RO          458    i.NRF24L01_TxPacket  nrf24l01.o
    0x08002d68   0x08002d68   0x00000048   Code   RO          459    i.NRF24L01_Write_Buf  nrf24l01.o
    0x08002db0   0x08002db0   0x00000030   Code   RO          460    i.NRF24L01_Write_Reg  nrf24l01.o
    0x08002de0   0x08002de0   0x00000064   Code   RO          868    i.NVIC_Init         misc.o
    0x08002e44   0x08002e44   0x00000014   Code   RO          869    i.NVIC_PriorityGroupConfig  misc.o
    0x08002e58   0x08002e58   0x00000028   Code   RO          642    i.NVIC_config       nvic.o
    0x08002e80   0x08002e80   0x00000030   Code   RO          658    i.NrfRxPacket       sendpacket.o
    0x08002eb0   0x08002eb0   0x00000034   Code   RO          659    i.NrfTxPacket       sendpacket.o
    0x08002ee4   0x08002ee4   0x00000022   Code   RO         2805    i.OLED_Brightness   oled_driver.o
    0x08002f06   0x08002f06   0x00000002   PAD
    0x08002f08   0x08002f08   0x00000028   Code   RO         2571    i.OLED_Clear        oled.o
    0x08002f30   0x08002f30   0x00000080   Code   RO         2572    i.OLED_ClearArea    oled.o
    0x08002fb0   0x08002fb0   0x00000258   Code   RO         2573    i.OLED_DrawArc      oled.o
    0x08003208   0x08003208   0x000000ea   Code   RO         2576    i.OLED_DrawLine     oled.o
    0x080032f2   0x080032f2   0x00000002   PAD
    0x080032f4   0x080032f4   0x00000038   Code   RO         2577    i.OLED_DrawPoint    oled.o
    0x0800332c   0x0800332c   0x00000114   Code   RO         2578    i.OLED_DrawRectangle  oled.o
    0x08003440   0x08003440   0x00000124   Code   RO         2579    i.OLED_DrawRoundedRectangle  oled.o
    0x08003564   0x08003564   0x00000910   Code   RO         2968    i.OLED_DrawWindow   oled_ui.o
    0x08003e74   0x08003e74   0x00000060   Code   RO         2806    i.OLED_GPIO_Init    oled_driver.o
    0x08003ed4   0x08003ed4   0x0000003a   Code   RO         2807    i.OLED_I2C_SendByte  oled_driver.o
    0x08003f0e   0x08003f0e   0x0000001e   Code   RO         2808    i.OLED_I2C_Start    oled_driver.o
    0x08003f2c   0x08003f2c   0x00000018   Code   RO         2809    i.OLED_I2C_Stop     oled_driver.o
    0x08003f44   0x08003f44   0x0000009c   Code   RO         2810    i.OLED_Init         oled_driver.o
    0x08003fe0   0x08003fe0   0x00000060   Code   RO         2582    i.OLED_IsInAngle    oled.o
    0x08004040   0x08004040   0x0000016c   Code   RO         2969    i.OLED_KeyAndEncoderRecord  oled_ui.o
    0x080041ac   0x080041ac   0x0000002a   Code   RO         2584    i.OLED_Printf       oled.o
    0x080041d6   0x080041d6   0x0000003e   Code   RO         2587    i.OLED_PrintfMixArea  oled.o
    0x08004214   0x08004214   0x00000080   Code   RO         2589    i.OLED_ReverseArea  oled.o
    0x08004294   0x08004294   0x0000000c   Code   RO         2811    i.OLED_SetColorMode  oled_driver.o
    0x080042a0   0x080042a0   0x00000022   Code   RO         2812    i.OLED_SetCursor    oled_driver.o
    0x080042c2   0x080042c2   0x00000002   PAD
    0x080042c4   0x080042c4   0x00000078   Code   RO         2591    i.OLED_ShowChar     oled.o
    0x0800433c   0x0800433c   0x00000090   Code   RO         2592    i.OLED_ShowCharArea  oled.o
    0x080043cc   0x080043cc   0x000001e8   Code   RO         2594    i.OLED_ShowChineseArea  oled.o
    0x080045b4   0x080045b4   0x0000014c   Code   RO         2597    i.OLED_ShowImage    oled.o
    0x08004700   0x08004700   0x00000130   Code   RO         2598    i.OLED_ShowImageArea  oled.o
    0x08004830   0x08004830   0x00000076   Code   RO         2600    i.OLED_ShowMixStringArea  oled.o
    0x080048a6   0x080048a6   0x0000002c   Code   RO         2603    i.OLED_ShowString   oled.o
    0x080048d2   0x080048d2   0x00000004   Code   RO         2970    i.OLED_UI_Back      oled_ui.o
    0x080048d6   0x080048d6   0x00000002   PAD
    0x080048d8   0x080048d8   0x00000068   Code   RO         2971    i.OLED_UI_CreateWindow  oled_ui.o
    0x08004940   0x08004940   0x000000d8   Code   RO         2972    i.OLED_UI_FadeOut_Masking  oled_ui.o
    0x08004a18   0x08004a18   0x00000040   Code   RO         2973    i.OLED_UI_FadeoutAllArea  oled_ui.o
    0x08004a58   0x08004a58   0x0000004c   Code   RO         2974    i.OLED_UI_FadeoutCurrentArea  oled_ui.o
    0x08004aa4   0x08004aa4   0x00000024   Code   RO         2975    i.OLED_UI_Init      oled_ui.o
    0x08004ac8   0x08004ac8   0x00000188   Code   RO         2976    i.OLED_UI_InterruptHandler  oled_ui.o
    0x08004c50   0x08004c50   0x0000001e   Code   RO         2977    i.OLED_UI_MainLoop  oled_ui.o
    0x08004c6e   0x08004c6e   0x00000002   PAD
    0x08004c70   0x08004c70   0x00000044   Code   RO         2978    i.OLED_UI_ShowFPS   oled_ui.o
    0x08004cb4   0x08004cb4   0x00000028   Code   RO         2813    i.OLED_Update       oled_driver.o
    0x08004cdc   0x08004cdc   0x00000010   Code   RO         2815    i.OLED_W_SCL        oled_driver.o
    0x08004cec   0x08004cec   0x00000010   Code   RO         2816    i.OLED_W_SDA        oled_driver.o
    0x08004cfc   0x08004cfc   0x0000023c   Code   RO         2979    i.OLED_WindowDataDispose  oled_ui.o
    0x08004f38   0x08004f38   0x00000022   Code   RO         2817    i.OLED_WriteCommand  oled_driver.o
    0x08004f5a   0x08004f5a   0x00000002   PAD
    0x08004f5c   0x08004f5c   0x00000044   Code   RO         2818    i.OLED_WriteData    oled_driver.o
    0x08004fa0   0x08004fa0   0x00000002   Code   RO          189    i.PendSV_Handler    stm32f10x_it.o
    0x08004fa2   0x08004fa2   0x00000002   PAD
    0x08004fa4   0x08004fa4   0x0000067c   Code   RO         2980    i.PrintMenuElements  oled_ui.o
    0x08005620   0x08005620   0x00000014   Code   RO         1484    i.RCC_ADCCLKConfig  stm32f10x_rcc.o
    0x08005634   0x08005634   0x00000018   Code   RO         1485    i.RCC_AHBPeriphClockCmd  stm32f10x_rcc.o
    0x0800564c   0x0800564c   0x00000018   Code   RO         1486    i.RCC_APB1PeriphClockCmd  stm32f10x_rcc.o
    0x08005664   0x08005664   0x00000018   Code   RO         1488    i.RCC_APB2PeriphClockCmd  stm32f10x_rcc.o
    0x0800567c   0x0800567c   0x00000040   Code   RO         1495    i.RCC_DeInit        stm32f10x_rcc.o
    0x080056bc   0x080056bc   0x00000090   Code   RO         1496    i.RCC_GetClocksFreq  stm32f10x_rcc.o
    0x0800574c   0x0800574c   0x00000030   Code   RO         1497    i.RCC_GetFlagStatus  stm32f10x_rcc.o
    0x0800577c   0x0800577c   0x00000010   Code   RO         1499    i.RCC_GetSYSCLKSource  stm32f10x_rcc.o
    0x0800578c   0x0800578c   0x00000014   Code   RO         1500    i.RCC_HCLKConfig    stm32f10x_rcc.o
    0x080057a0   0x080057a0   0x00000034   Code   RO         1501    i.RCC_HSEConfig     stm32f10x_rcc.o
    0x080057d4   0x080057d4   0x00000062   Code   RO         2559    i.RCC_HSE_Configuration  rcc.o
    0x08005836   0x08005836   0x00000002   PAD
    0x08005838   0x08005838   0x00000014   Code   RO         1507    i.RCC_PCLK1Config   stm32f10x_rcc.o
    0x0800584c   0x0800584c   0x00000014   Code   RO         1508    i.RCC_PCLK2Config   stm32f10x_rcc.o
    0x08005860   0x08005860   0x0000000c   Code   RO         1509    i.RCC_PLLCmd        stm32f10x_rcc.o
    0x0800586c   0x0800586c   0x00000014   Code   RO         1510    i.RCC_PLLConfig     stm32f10x_rcc.o
    0x08005880   0x08005880   0x00000014   Code   RO         1513    i.RCC_SYSCLKConfig  stm32f10x_rcc.o
    0x08005894   0x08005894   0x0000002c   Code   RO         1515    i.RCC_WaitForHSEStartUp  stm32f10x_rcc.o
    0x080058c0   0x080058c0   0x00000058   Code   RO          597    i.RemoteVoltageDetect  adc.o
    0x08005918   0x08005918   0x00000118   Code   RO         2983    i.ReverseCoordinate  oled_ui.o
    0x08005a30   0x08005a30   0x00000034   Code   RO         2984    i.RunCurrentCallBackFunction  oled_ui.o
    0x08005a64   0x08005a64   0x000001bc   Code   RO         2985    i.RunFadeOut        oled_ui.o
    0x08005c20   0x08005c20   0x0000008c   Code   RO          432    i.SPI1_Init         spi.o
    0x08005cac   0x08005cac   0x00000050   Code   RO          433    i.SPI1_RW           spi.o
    0x08005cfc   0x08005cfc   0x00000014   Code   RO         1689    i.SPI_Cmd           stm32f10x_spi.o
    0x08005d10   0x08005d10   0x0000000e   Code   RO         1697    i.SPI_I2S_GetFlagStatus  stm32f10x_spi.o
    0x08005d1e   0x08005d1e   0x00000004   Code   RO         1700    i.SPI_I2S_ReceiveData  stm32f10x_spi.o
    0x08005d22   0x08005d22   0x00000004   Code   RO         1701    i.SPI_I2S_SendData  stm32f10x_spi.o
    0x08005d26   0x08005d26   0x00000038   Code   RO         1702    i.SPI_Init          stm32f10x_spi.o
    0x08005d5e   0x08005d5e   0x00000002   Code   RO          190    i.SVC_Handler       stm32f10x_it.o
    0x08005d60   0x08005d60   0x0000001c   Code   RO         2986    i.SetCursorZero     oled_ui.o
    0x08005d7c   0x08005d7c   0x00000010   Code   RO         2987    i.SetEnterFlag      oled_ui.o
    0x08005d8c   0x08005d8c   0x0000000c   Code   RO         2988    i.SetFadeOutFlag    oled_ui.o
    0x08005d98   0x08005d98   0x00000038   Code   RO         2989    i.SetLineSplitZero  oled_ui.o
    0x08005dd0   0x08005dd0   0x000000a8   Code   RO          324    i.SetSysClockTo72   system_stm32f10x.o
    0x08005e78   0x08005e78   0x000001f8   Code   RO         2990    i.SetTargetCursor   oled_ui.o
    0x08006070   0x08006070   0x0000003c   Code   RO         2991    i.SetTargetMenuFrame  oled_ui.o
    0x080060ac   0x080060ac   0x0000015c   Code   RO         2992    i.SetTargetProbWidth  oled_ui.o
    0x08006208   0x08006208   0x00000068   Code   RO         2993    i.SetTargetScrollBarHeight  oled_ui.o
    0x08006270   0x08006270   0x000000e0   Code   RO         3326    i.SettingAuxFunc    oled_ui_menudata.o
    0x08006350   0x08006350   0x0000000c   Code   RO         3330    i.ShowUavWindow     oled_ui_menudata.o
    0x0800635c   0x0800635c   0x00000010   Code   RO          353    i.SysTick_Handler   systick.o
    0x0800636c   0x0800636c   0x00000050   Code   RO          326    i.SystemInit        system_stm32f10x.o
    0x080063bc   0x080063bc   0x0000006c   Code   RO         1828    i.TI1_Config        stm32f10x_tim.o
    0x08006428   0x08006428   0x0000007c   Code   RO         1829    i.TI2_Config        stm32f10x_tim.o
    0x080064a4   0x080064a4   0x00000028   Code   RO            1    i.TIM3_IRQHandler   main.o
    0x080064cc   0x080064cc   0x00000014   Code   RO         1830    i.TIM_ARRPreloadConfig  stm32f10x_tim.o
    0x080064e0   0x080064e0   0x00000006   Code   RO         1836    i.TIM_ClearFlag     stm32f10x_tim.o
    0x080064e6   0x080064e6   0x00000006   Code   RO         1837    i.TIM_ClearITPendingBit  stm32f10x_tim.o
    0x080064ec   0x080064ec   0x00000014   Code   RO         1842    i.TIM_Cmd           stm32f10x_tim.o
    0x08006500   0x08006500   0x00000032   Code   RO         1851    i.TIM_EncoderInterfaceConfig  stm32f10x_tim.o
    0x08006532   0x08006532   0x00000004   Code   RO         1861    i.TIM_GetCounter    stm32f10x_tim.o
    0x08006536   0x08006536   0x00000018   Code   RO         1863    i.TIM_GetITStatus   stm32f10x_tim.o
    0x0800654e   0x0800654e   0x00000002   PAD
    0x08006550   0x08006550   0x0000012c   Code   RO         1865    i.TIM_ICInit        stm32f10x_tim.o
    0x0800667c   0x0800667c   0x00000010   Code   RO         1866    i.TIM_ICStructInit  stm32f10x_tim.o
    0x0800668c   0x0800668c   0x00000010   Code   RO         1867    i.TIM_ITConfig      stm32f10x_tim.o
    0x0800669c   0x0800669c   0x0000000a   Code   RO         1869    i.TIM_InternalClockConfig  stm32f10x_tim.o
    0x080066a6   0x080066a6   0x00000002   PAD
    0x080066a8   0x080066a8   0x00000064   Code   RO         1886    i.TIM_OC4Init       stm32f10x_tim.o
    0x0800670c   0x0800670c   0x00000014   Code   RO         1888    i.TIM_OC4PreloadConfig  stm32f10x_tim.o
    0x08006720   0x08006720   0x00000004   Code   RO         1907    i.TIM_SetCounter    stm32f10x_tim.o
    0x08006724   0x08006724   0x00000010   Code   RO         1908    i.TIM_SetIC1Prescaler  stm32f10x_tim.o
    0x08006734   0x08006734   0x00000018   Code   RO         1909    i.TIM_SetIC2Prescaler  stm32f10x_tim.o
    0x0800674c   0x0800674c   0x00000010   Code   RO         1910    i.TIM_SetIC3Prescaler  stm32f10x_tim.o
    0x0800675c   0x0800675c   0x00000018   Code   RO         1911    i.TIM_SetIC4Prescaler  stm32f10x_tim.o
    0x08006774   0x08006774   0x0000009c   Code   RO         1913    i.TIM_TimeBaseInit  stm32f10x_tim.o
    0x08006810   0x08006810   0x0000007c   Code   RO         3269    i.Timer_Init        oled_ui_driver.o
    0x0800688c   0x0800688c   0x00000014   Code   RO         2365    i.USART_Cmd         stm32f10x_usart.o
    0x080068a0   0x080068a0   0x00000030   Code   RO         2371    i.USART_ITConfig    stm32f10x_usart.o
    0x080068d0   0x080068d0   0x000000ac   Code   RO         2372    i.USART_Init        stm32f10x_usart.o
    0x0800697c   0x0800697c   0x000003cc   Code   RO         2994    i.Uav_Info          oled_ui.o
    0x08006d48   0x08006d48   0x00000002   Code   RO          191    i.UsageFault_Handler  stm32f10x_it.o
    0x08006d4a   0x08006d4a   0x00000002   PAD
    0x08006d4c   0x08006d4c   0x0000008c   Code   RO          519    i.Usart1Init        usart1.o
    0x08006dd8   0x08006dd8   0x0000007c   Code   RO          722    i.WaitPairing       pair_freq.o
    0x08006e54   0x08006e54   0x00000028   Code   RO         3747    i.__ARM_fpclassify  m_ws.l(fpclassify.o)
    0x08006e7c   0x08006e7c   0x000000aa   Code   RO         3749    i.__kernel_poly     m_ws.l(poly.o)
    0x08006f26   0x08006f26   0x00000006   Code   RO         3694    i.__mathlib_dbl_infnan  m_ws.l(dunder.o)
    0x08006f2c   0x08006f2c   0x00000004   Code   RO         3695    i.__mathlib_dbl_infnan2  m_ws.l(dunder.o)
    0x08006f30   0x08006f30   0x00000010   Code   RO         3699    i.__mathlib_dbl_underflow  m_ws.l(dunder.o)
    0x08006f40   0x08006f40   0x0000000e   Code   RO         3471    i._is_digit         c_w.l(__printf_wp.o)
    0x08006f4e   0x08006f4e   0x00000002   Code   RO          520    i._sys_exit         usart1.o
    0x08006f50   0x08006f50   0x000000b8   Code   RO          598    i.adc_config        adc.o
    0x08007008   0x08007008   0x00000044   Code   RO          599    i.adc_gpio_init     adc.o
    0x0800704c   0x0800704c   0x00000060   Code   RO          660    i.analyze_packet    sendpacket.o
    0x080070ac   0x080070ac   0x00000220   Code   RO         3684    i.atan              m_ws.l(atan.o)
    0x080072cc   0x080072cc   0x0000019c   Code   RO         3566    i.atan2             m_ws.l(atan2.o)
    0x08007468   0x08007468   0x000000dc   Code   RO         3574    i.ceil              m_ws.l(ceil.o)
    0x08007544   0x08007544   0x00000054   Code   RO          661    i.data_exchange     sendpacket.o
    0x08007598   0x08007598   0x00000016   Code   RO          354    i.delay_ms          systick.o
    0x080075ae   0x080075ae   0x00000016   Code   RO          355    i.delay_us          systick.o
    0x080075c4   0x080075c4   0x00000042   Code   RO         3579    i.fmin              m_ws.l(fmin.o)
    0x08007606   0x08007606   0x00000002   PAD
    0x08007608   0x08007608   0x00000030   Code   RO          723    i.get_chip_id       pair_freq.o
    0x08007638   0x08007638   0x0000005c   Code   RO            2    i.main              main.o
    0x08007694   0x08007694   0x00000024   Code   RO          357    i.systick_init      systick.o
    0x080076b8   0x080076b8   0x00000070   Code   RO          710    i.timing_trigger_init  timing_trigger.o
    0x08007728   0x08007728   0x0000002c   Code   RO         3791    locale$$code        c_w.l(lc_numeric_c.o)
    0x08007754   0x08007754   0x0000002c   Code   RO         3810    locale$$code        c_w.l(lc_ctype_c.o)
    0x08007780   0x08007780   0x00000062   Code   RO         3491    x$fpl$d2f           fz_ws.l(d2f.o)
    0x080077e2   0x080077e2   0x00000002   PAD
    0x080077e4   0x080077e4   0x00000150   Code   RO         3493    x$fpl$dadd          fz_ws.l(daddsub_clz.o)
    0x08007934   0x08007934   0x00000010   Code   RO         3801    x$fpl$dcheck1       fz_ws.l(dcheck1.o)
    0x08007944   0x08007944   0x00000136   Code   RO         3654    x$fpl$dcmp4         fz_ws.l(dcmp4.o)
    0x08007a7a   0x08007a7a   0x00000018   Code   RO         3656    x$fpl$dcmpinf       fz_ws.l(dcmpi.o)
    0x08007a92   0x08007a92   0x00000002   PAD
    0x08007a94   0x08007a94   0x000002b0   Code   RO         3500    x$fpl$ddiv          fz_ws.l(ddiv.o)
    0x08007d44   0x08007d44   0x00000078   Code   RO         3658    x$fpl$deqf          fz_ws.l(deqf.o)
    0x08007dbc   0x08007dbc   0x0000005e   Code   RO         3503    x$fpl$dfix          fz_ws.l(dfix.o)
    0x08007e1a   0x08007e1a   0x0000002e   Code   RO         3512    x$fpl$dflt          fz_ws.l(dflt_clz.o)
    0x08007e48   0x08007e48   0x00000078   Code   RO         3517    x$fpl$dleqf         fz_ws.l(dleqf.o)
    0x08007ec0   0x08007ec0   0x00000154   Code   RO         3519    x$fpl$dmul          fz_ws.l(dmul.o)
    0x08008014   0x08008014   0x0000009c   Code   RO         3660    x$fpl$dnaninf       fz_ws.l(dnaninf.o)
    0x080080b0   0x080080b0   0x0000000c   Code   RO         3662    x$fpl$dretinf       fz_ws.l(dretinf.o)
    0x080080bc   0x080080bc   0x0000006c   Code   RO         3521    x$fpl$drleqf        fz_ws.l(drleqf.o)
    0x08008128   0x08008128   0x00000016   Code   RO         3494    x$fpl$drsb          fz_ws.l(daddsub_clz.o)
    0x0800813e   0x0800813e   0x00000002   PAD
    0x08008140   0x08008140   0x000001d4   Code   RO         3495    x$fpl$dsub          fz_ws.l(daddsub_clz.o)
    0x08008314   0x08008314   0x00000056   Code   RO         3523    x$fpl$f2d           fz_ws.l(f2d.o)
    0x0800836a   0x0800836a   0x00000002   PAD
    0x0800836c   0x0800836c   0x000000c4   Code   RO         3525    x$fpl$fadd          fz_ws.l(faddsub_clz.o)
    0x08008430   0x08008430   0x0000000c   Code   RO         3666    x$fpl$fcheck1       fz_ws.l(fcheck1.o)
    0x0800843c   0x0800843c   0x00000018   Code   RO         3668    x$fpl$fcmpinf       fz_ws.l(fcmpi.o)
    0x08008454   0x08008454   0x00000184   Code   RO         3532    x$fpl$fdiv          fz_ws.l(fdiv.o)
    0x080085d8   0x080085d8   0x00000068   Code   RO         3535    x$fpl$feqf          fz_ws.l(feqf.o)
    0x08008640   0x08008640   0x00000036   Code   RO         3537    x$fpl$ffix          fz_ws.l(ffix.o)
    0x08008676   0x08008676   0x00000002   PAD
    0x08008678   0x08008678   0x0000003e   Code   RO         3545    x$fpl$ffixu         fz_ws.l(ffixu.o)
    0x080086b6   0x080086b6   0x00000002   PAD
    0x080086b8   0x080086b8   0x00000030   Code   RO         3550    x$fpl$fflt          fz_ws.l(fflt_clz.o)
    0x080086e8   0x080086e8   0x00000060   Code   RO         3555    x$fpl$ffltll        fz_ws.l(ffltll_clz.o)
    0x08008748   0x08008748   0x00000026   Code   RO         3549    x$fpl$ffltu         fz_ws.l(fflt_clz.o)
    0x0800876e   0x0800876e   0x00000002   PAD
    0x08008770   0x08008770   0x00000068   Code   RO         3557    x$fpl$fleqf         fz_ws.l(fleqf.o)
    0x080087d8   0x080087d8   0x00000102   Code   RO         3559    x$fpl$fmul          fz_ws.l(fmul.o)
    0x080088da   0x080088da   0x0000008c   Code   RO         3670    x$fpl$fnaninf       fz_ws.l(fnaninf.o)
    0x08008966   0x08008966   0x0000000a   Code   RO         3672    x$fpl$fretinf       fz_ws.l(fretinf.o)
    0x08008970   0x08008970   0x00000062   Code   RO         3561    x$fpl$frleqf        fz_ws.l(frleqf.o)
    0x080089d2   0x080089d2   0x00000014   Code   RO         3526    x$fpl$frsb          fz_ws.l(faddsub_clz.o)
    0x080089e6   0x080089e6   0x00000002   PAD
    0x080089e8   0x080089e8   0x000000ea   Code   RO         3527    x$fpl$fsub          fz_ws.l(faddsub_clz.o)
    0x08008ad2   0x08008ad2   0x00000002   PAD
    0x08008ad4   0x08008ad4   0x00000086   Code   RO         3541    x$fpl$llsfromf      fz_ws.l(ffixll.o)
    0x08008b5a   0x08008b5a   0x00000004   Code   RO         3674    x$fpl$printf1       fz_ws.l(printf1.o)
    0x08008b5e   0x08008b5e   0x00000004   Code   RO         3676    x$fpl$printf2       fz_ws.l(printf2.o)
    0x08008b62   0x08008b62   0x00000064   Code   RO         3743    x$fpl$retnan        fz_ws.l(retnan.o)
    0x08008bc6   0x08008bc6   0x0000005c   Code   RO         3745    x$fpl$scalbn        fz_ws.l(scalbn.o)
    0x08008c22   0x08008c22   0x0000004c   Code   RO         3563    x$fpl$scalbnf       fz_ws.l(scalbnf.o)
    0x08008c6e   0x08008c6e   0x00000030   Code   RO         3805    x$fpl$trapveneer    fz_ws.l(trapv.o)
    0x08008c9e   0x08008c9e   0x00000000   Code   RO         3682    x$fpl$usenofp       fz_ws.l(usenofp.o)
    0x08008c9e   0x08008c9e   0x00000b22   Data   RO         2896    .constdata          oled_fonts.o
    0x080097c0   0x080097c0   0x000005f0   Data   RO         2897    .constdata          oled_fonts.o
    0x08009db0   0x08009db0   0x00000532   Data   RO         2898    .constdata          oled_fonts.o
    0x0800a2e2   0x0800a2e2   0x0000023a   Data   RO         2899    .constdata          oled_fonts.o
    0x0800a51c   0x0800a51c   0x00000ccc   Data   RO         2900    .constdata          oled_fonts.o
    0x0800b1e8   0x0800b1e8   0x00000c94   Data   RO         2901    .constdata          oled_fonts.o
    0x0800be7c   0x0800be7c   0x00000b7f   Data   RO         2902    .constdata          oled_fonts.o
    0x0800c9fb   0x0800c9fb   0x00000252   Data   RO         2903    .constdata          oled_fonts.o
    0x0800cc4d   0x0800cc4d   0x00000006   Data   RO         2904    .constdata          oled_fonts.o
    0x0800cc53   0x0800cc53   0x00000290   Data   RO         2905    .constdata          oled_fonts.o
    0x0800cee3   0x0800cee3   0x00000080   Data   RO         2906    .constdata          oled_fonts.o
    0x0800cf63   0x0800cf63   0x00000080   Data   RO         2907    .constdata          oled_fonts.o
    0x0800cfe3   0x0800cfe3   0x00000080   Data   RO         2908    .constdata          oled_fonts.o
    0x0800d063   0x0800d063   0x00000009   Data   RO         2909    .constdata          oled_fonts.o
    0x0800d06c   0x0800d06c   0x0000000b   Data   RO         2910    .constdata          oled_fonts.o
    0x0800d077   0x0800d077   0x0000000b   Data   RO         2911    .constdata          oled_fonts.o
    0x0800d082   0x0800d082   0x00000010   Data   RO         2912    .constdata          oled_fonts.o
    0x0800d092   0x0800d092   0x00000010   Data   RO         2913    .constdata          oled_fonts.o
    0x0800d0a2   0x0800d0a2   0x00000080   Data   RO         2931    .constdata          oled_fonts.o
    0x0800d122   0x0800d122   0x000000d0   Data   RO         2932    .constdata          oled_fonts.o
    0x0800d1f2   0x0800d1f2   0x00000100   Data   RO         2933    .constdata          oled_fonts.o
    0x0800d2f2   0x0800d2f2   0x00000002   PAD
    0x0800d2f4   0x0800d2f4   0x00000024   Data   RO         3004    .constdata          oled_ui.o
    0x0800d318   0x0800d318   0x00000011   Data   RO         3479    .constdata          c_w.l(__printf_flags_ss_wp.o)
    0x0800d329   0x0800d329   0x00000003   PAD
    0x0800d32c   0x0800d32c   0x00000008   Data   RO         3601    .constdata          c_w.l(_printf_wctomb.o)
    0x0800d334   0x0800d334   0x00000028   Data   RO         3630    .constdata          c_w.l(_printf_hex_int_ll_ptr.o)
    0x0800d35c   0x0800d35c   0x00000004   PAD
    0x0800d360   0x0800d360   0x00000098   Data   RO         3685    .constdata          m_ws.l(atan.o)
    0x0800d3f8   0x0800d3f8   0x00000008   Data   RO         3707    .constdata          m_ws.l(qnan.o)
    0x0800d400   0x0800d400   0x00000026   Data   RO         3733    .constdata          c_w.l(_printf_fp_hex.o)
    0x0800d426   0x0800d426   0x00000002   PAD
    0x0800d428   0x0800d428   0x00000094   Data   RO         3766    .constdata          c_w.l(bigflt0.o)
    0x0800d4bc   0x0800d4bc   0x00000051   Data   RO         3332    .conststring        oled_ui_menudata.o
    0x0800d50d   0x0800d50d   0x00000003   PAD
    0x0800d510   0x0800d510   0x00000021   Data   RO         3333    .conststring        oled_ui_menudata.o
    0x0800d531   0x0800d531   0x00000003   PAD
    0x0800d534   0x0800d534   0x00000021   Data   RO         3334    .conststring        oled_ui_menudata.o
    0x0800d555   0x0800d555   0x00000003   PAD
    0x0800d558   0x0800d558   0x00000029   Data   RO         3335    .conststring        oled_ui_menudata.o
    0x0800d581   0x0800d581   0x00000003   PAD
    0x0800d584   0x0800d584   0x00000067   Data   RO         3336    .conststring        oled_ui_menudata.o
    0x0800d5eb   0x0800d5eb   0x00000001   PAD
    0x0800d5ec   0x0800d5ec   0x0000005a   Data   RO         3337    .conststring        oled_ui_menudata.o
    0x0800d646   0x0800d646   0x00000002   PAD
    0x0800d648   0x0800d648   0x00000020   Data   RO         3932    Region$$Table       anon$$obj.o
    0x0800d668   0x0800d668   0x0000001c   Data   RO         3790    locale$$data        c_w.l(lc_numeric_c.o)
    0x0800d684   0x0800d684   0x00000110   Data   RO         3809    locale$$data        c_w.l(lc_ctype_c.o)


    Execution Region RW_IRAM1 (Exec base: 0x20000000, Load base: 0x0800d794, Size: 0x000013a8, Max: 0x00005000, ABSOLUTE, COMPRESSED[0x000001a8])

    Exec Addr    Load Addr    Size         Type   Attr      Idx    E Section Name        Object

    0x20000000   COMPRESSED   0x00000014   Data   RW          327    .data               system_stm32f10x.o
    0x20000014   COMPRESSED   0x00000004   Data   RW          359    .data               systick.o
    0x20000018   COMPRESSED   0x00000008   Data   RW          601    .data               adc.o
    0x20000020   COMPRESSED   0x00000008   Data   RW          663    .data               sendpacket.o
    0x20000028   COMPRESSED   0x0000000b   Data   RW          725    .data               pair_freq.o
    0x20000033   COMPRESSED   0x00000014   Data   RW         1516    .data               stm32f10x_rcc.o
    0x20000047   COMPRESSED   0x00000001   Data   RW         2820    .data               oled_driver.o
    0x20000048   COMPRESSED   0x00000046   Data   RW         3005    .data               oled_ui.o
    0x2000008e   COMPRESSED   0x00000002   PAD
    0x20000090   COMPRESSED   0x00000004   Data   RW         3270    .data               oled_ui_driver.o
    0x20000094   COMPRESSED   0x00000004   Data   RW         3347    .data               oled_ui_menudata.o
    0x20000098   COMPRESSED   0x00000004   Data   RW         3348    .data               oled_ui_menudata.o
    0x2000009c   COMPRESSED   0x00000198   Data   RW         3349    .data               oled_ui_menudata.o
    0x20000234   COMPRESSED   0x00000060   Data   RW         3350    .data               oled_ui_menudata.o
    0x20000294   COMPRESSED   0x00000060   Data   RW         3351    .data               oled_ui_menudata.o
    0x200002f4   COMPRESSED   0x000000a8   Data   RW         3352    .data               oled_ui_menudata.o
    0x2000039c   COMPRESSED   0x000000f0   Data   RW         3353    .data               oled_ui_menudata.o
    0x2000048c   COMPRESSED   0x00000090   Data   RW         3354    .data               oled_ui_menudata.o
    0x2000051c   COMPRESSED   0x0000004c   Data   RW         3364    .data               oled_ui_menudata.o
    0x20000568   COMPRESSED   0x0000004c   Data   RW         3365    .data               oled_ui_menudata.o
    0x200005b4   COMPRESSED   0x0000004c   Data   RW         3366    .data               oled_ui_menudata.o
    0x20000600   COMPRESSED   0x0000004c   Data   RW         3367    .data               oled_ui_menudata.o
    0x2000064c   COMPRESSED   0x0000004c   Data   RW         3377    .data               oled_ui_menudata.o
    0x20000698   COMPRESSED   0x0000004c   Data   RW         3378    .data               oled_ui_menudata.o
    0x200006e4        -       0x0000000a   Zero   RW          600    .bss                adc.o
    0x200006ee        -       0x00000016   Zero   RW          662    .bss                sendpacket.o
    0x20000704        -       0x0000000c   Zero   RW          724    .bss                pair_freq.o
    0x20000710        -       0x00000400   Zero   RW         2819    .bss                oled_driver.o
    0x20000b10        -       0x000001a8   Zero   RW         2995    .bss                oled_ui.o
    0x20000cb8        -       0x00000090   Zero   RW         3331    .bss                oled_ui_menudata.o
    0x20000d48        -       0x00000060   Zero   RW         3752    .bss                c_w.l(libspace.o)
    0x20000da8        -       0x00000200   Zero   RW         2553    HEAP                startup_stm32f10x_md.o
    0x20000fa8        -       0x00000400   Zero   RW         2552    STACK               startup_stm32f10x_md.o


==============================================================================

Image component sizes


      Code (inc. data)   RO Data    RW Data    ZI Data      Debug   Object Name

       462         50          0          8         10       3519   adc.o
         0          0          0          0          0         32   core_cm3.o
       128         14          0          0          0     213038   key.o
       132         12          0          0          0      70527   main.o
       120         16          0          0          0       1535   misc.o
       680         52          0          0          0       6285   nrf24l01.o
        40          0          0          0          0        526   nvic.o
      3504        100          0          0          0      20551   oled.o
       618         32          0          1       1024       8131   oled_driver.o
         0          0      18004          0          0       3373   oled_fonts.o
     10852        588         36         70        424      35721   oled_ui.o
       542         46          0          4          0       4868   oled_ui_driver.o
       632         98        381       1616        144       6160   oled_ui_menudata.o
       172         28          0         11         12       1734   pair_freq.o
        98          0          0          0          0        536   rcc.o
       312         52          0          8         22       4348   sendpacket.o
       220         12          0          0          0       1286   spi.o
        64         26        236          0       1536        824   startup_stm32f10x_md.o
       282         10          0          0          0       6952   stm32f10x_adc.o
       152         16          0          0          0       4622   stm32f10x_dma.o
        44         12          0          0          0       1097   stm32f10x_flash.o
       194          0          0          0          0       4244   stm32f10x_gpio.o
        16          0          0          0          0      55196   stm32f10x_it.o
       572        100          0         20          0      11857   stm32f10x_rcc.o
        98          0          0          0          0       3934   stm32f10x_spi.o
      1064        114          0          0          0      14758   stm32f10x_tim.o
       240          6          0          0          0       3742   stm32f10x_usart.o
       248         24          0         20          0       1873   system_stm32f10x.o
        96         10          0          4          0     215257   systick.o
       112          6          0          0          0        670   timing_trigger.o
       142         10          0          0          0       1149   usart1.o

    ----------------------------------------------------------------------
     21876       1434      18706       1764       3172     708345   Object Totals
         0          0         32          0          0          0   (incl. Generated)
        40          0         17          2          0          0   (incl. Padding)

    ----------------------------------------------------------------------

      Code (inc. data)   RO Data    RW Data    ZI Data      Debug   Library Member Name

        44          6          0          0          0         84   __2sprintf.o
        90          0          0          0          0          0   __dczerorl2.o
         8          0          0          0          0         68   __main.o
       392          4         17          0          0         92   __printf_flags_ss_wp.o
        14          0          0          0          0         68   __printf_wp.o
         0          0          0          0          0          0   __rtentry.o
        12          0          0          0          0          0   __rtentry2.o
         6          0          0          0          0          0   __rtentry4.o
        52          8          0          0          0          0   __scatter.o
        28          0          0          0          0          0   __scatter_zi.o
         6          0          0          0          0          0   _printf_a.o
         6          0          0          0          0          0   _printf_c.o
        44          0          0          0          0        108   _printf_char.o
        48          6          0          0          0         96   _printf_char_common.o
        40          0          0          0          0         68   _printf_charcount.o
         6          0          0          0          0          0   _printf_d.o
       120         16          0          0          0         92   _printf_dec.o
         6          0          0          0          0          0   _printf_e.o
         6          0          0          0          0          0   _printf_f.o
      1054          0          0          0          0        216   _printf_fp_dec.o
       764          8         38          0          0        100   _printf_fp_hex.o
       128         16          0          0          0         84   _printf_fp_infnan.o
         6          0          0          0          0          0   _printf_g.o
       148          4         40          0          0        160   _printf_hex_int_ll_ptr.o
         6          0          0          0          0          0   _printf_i.o
       178          0          0          0          0         88   _printf_intcommon.o
        10          0          0          0          0          0   _printf_l.o
         6          0          0          0          0          0   _printf_lc.o
        10          0          0          0          0          0   _printf_ll.o
         6          0          0          0          0          0   _printf_lld.o
         6          0          0          0          0          0   _printf_lli.o
         6          0          0          0          0          0   _printf_llo.o
         6          0          0          0          0          0   _printf_llu.o
         6          0          0          0          0          0   _printf_llx.o
       124         16          0          0          0         92   _printf_longlong_dec.o
         6          0          0          0          0          0   _printf_ls.o
         6          0          0          0          0          0   _printf_n.o
         6          0          0          0          0          0   _printf_o.o
       112         10          0          0          0        124   _printf_oct_int_ll.o
         6          0          0          0          0          0   _printf_p.o
        78          0          0          0          0        108   _printf_pad.o
         0          0          0          0          0          0   _printf_percent.o
         4          0          0          0          0          0   _printf_percent_end.o
         6          0          0          0          0          0   _printf_s.o
        82          0          0          0          0         80   _printf_str.o
        36          0          0          0          0         84   _printf_truncate.o
         6          0          0          0          0          0   _printf_u.o
        44          0          0          0          0        108   _printf_wchar.o
       188          6          8          0          0         92   _printf_wctomb.o
         6          0          0          0          0          0   _printf_x.o
        22          0          0          0          0        100   _rserrno.o
        16          0          0          0          0         68   _snputc.o
        10          0          0          0          0         68   _sputc.o
        64          0          0          0          0         92   _wcrtomb.o
       228          4        148          0          0         96   bigflt0.o
      1936        128          0          0          0        672   btod.o
        18          0          0          0          0         80   exit.o
         6          0          0          0          0        152   heapauxi.o
        44         10        272          0          0         76   lc_ctype_c.o
        44         10         28          0          0         76   lc_numeric_c.o
         2          0          0          0          0          0   libinit.o
        30          0          0          0          0          0   libinit2.o
         2          0          0          0          0          0   libshutdown.o
         2          0          0          0          0          0   libshutdown2.o
         8          4          0          0         96         68   libspace.o
       138          0          0          0          0         80   lludiv10.o
        16          4          0          0          0         76   rt_ctype_table.o
         8          4          0          0          0         68   rt_errno_addr_intlibspace.o
         8          4          0          0          0         68   rt_locale_intlibspace.o
       100          0          0          0          0         80   rt_memcpy_w.o
         2          0          0          0          0          0   rtexit.o
        10          0          0          0          0          0   rtexit2.o
       128          0          0          0          0         68   strcmpv7m.o
        74          0          0          0          0         80   sys_stackheap_outer.o
         2          0          0          0          0         68   use_no_semi.o
         2          0          0          0          0         68   use_no_semi_2.o
        52          4          0          0          0         80   vsnprintf.o
        36          4          0          0          0         76   vsprintf.o
        98          4          0          0          0         92   d2f.o
       826         16          0          0          0        348   daddsub_clz.o
        16          4          0          0          0         68   dcheck1.o
       310          8          0          0          0        180   dcmp4.o
        24          0          0          0          0         68   dcmpi.o
       688        140          0          0          0        208   ddiv.o
       120          4          0          0          0         92   deqf.o
        94          4          0          0          0         92   dfix.o
        46          0          0          0          0         68   dflt_clz.o
       120          4          0          0          0         92   dleqf.o
       340         12          0          0          0        104   dmul.o
       156          4          0          0          0         92   dnaninf.o
        12          0          0          0          0         68   dretinf.o
       108          0          0          0          0         80   drleqf.o
        86          4          0          0          0         84   f2d.o
       450          8          0          0          0        236   faddsub_clz.o
        12          4          0          0          0         68   fcheck1.o
        24          0          0          0          0         68   fcmpi.o
       388         76          0          0          0         96   fdiv.o
       104          4          0          0          0         84   feqf.o
        54          4          0          0          0         84   ffix.o
       134          4          0          0          0         84   ffixll.o
        62          4          0          0          0         84   ffixu.o
        86          0          0          0          0        136   fflt_clz.o
        96          0          0          0          0         84   ffltll_clz.o
       104          4          0          0          0         84   fleqf.o
       258          4          0          0          0         84   fmul.o
       140          4          0          0          0         84   fnaninf.o
        10          0          0          0          0         68   fretinf.o
        98          0          0          0          0         68   frleqf.o
         4          0          0          0          0         68   printf1.o
         4          0          0          0          0         68   printf2.o
       100          0          0          0          0         68   retnan.o
        92          0          0          0          0         68   scalbn.o
        76          0          0          0          0         68   scalbnf.o
        48          0          0          0          0         68   trapv.o
         0          0          0          0          0          0   usenofp.o
       544         70        152          0          0        124   atan.o
       412         38          0          0          0        144   atan2.o
       220         16          0          0          0         84   ceil.o
        26          6          0          0          0        204   dunder.o
        66          0          0          0          0         84   fmin.o
        40          0          0          0          0         68   fpclassify.o
       170          0          0          0          0         96   poly.o
         0          0          8          0          0          0   qnan.o

    ----------------------------------------------------------------------
     13886        726        720          0         96       8732   Library Totals
        34          0          9          0          0          0   (incl. Padding)

    ----------------------------------------------------------------------

      Code (inc. data)   RO Data    RW Data    ZI Data      Debug   Library Name

      6986        276        551          0         96       4372   c_w.l
      5388        320          0          0          0       3556   fz_ws.l
      1478        130        160          0          0        804   m_ws.l

    ----------------------------------------------------------------------
     13886        726        720          0         96       8732   Library Totals

    ----------------------------------------------------------------------

==============================================================================


      Code (inc. data)   RO Data    RW Data    ZI Data      Debug   

     35762       2160      19426       1764       3268     701785   Grand Totals
     35762       2160      19426        424       3268     701785   ELF Image Totals (compressed)
     35762       2160      19426        424          0          0   ROM Totals

==============================================================================

    Total RO  Size (Code + RO Data)                55188 (  53.89kB)
    Total RW  Size (RW Data + ZI Data)              5032 (   4.91kB)
    Total ROM Size (Code + RO Data + RW Data)      55612 (  54.31kB)

==============================================================================

