Component: ARM Compiler 5.06 update 7 (build 960) Tool: armlink [4d3601]

==============================================================================

Section Cross References

    main.o(i.main) refers to system_stm32f10x.o(i.SystemInit) for SystemInit
    main.o(i.main) refers to systick.o(i.systick_init) for systick_init
    main.o(i.main) refers to usart1.o(i.Usart1Init) for Usart1Init
    main.o(i.main) refers to pair_freq.o(i.get_chip_id) for get_chip_id
    main.o(i.main) refers to spi.o(i.SPI1_Init) for SPI1_Init
    main.o(i.main) refers to nrf24l01.o(i.NRF24L01_Init) for NRF24L01_Init
    main.o(i.main) refers to led.o(i.LedBlink) for LedBlink
    main.o(i.main) refers to nrf24l01.o(i.NRF24L01_Check) for NRF24L01_Check
    main.o(i.main) refers to nrf24l01.o(i.NRF24L01_TX_Mode) for NRF24L01_TX_Mode
    main.o(i.main) refers to key.o(i.KeyInit) for KeyInit
    main.o(i.main) refers to adc.o(i.ADC_Config) for ADC_Config
    main.o(i.main) refers to timing_trigger.o(i.timing_trigger_init) for timing_trigger_init
    main.o(i.main) refers to nvic.o(i.NVIC_config) for NVIC_config
    main.o(i.main) refers to systick.o(i.delay_ms) for delay_ms
    main.o(i.main) refers to rcc.o(i.RCC_HSE_Configuration) for RCC_HSE_Configuration
    main.o(i.main) refers to iic_oled.o(i.OLED12864_IoInit) for OLED12864_IoInit
    main.o(i.main) refers to u8g2_d_setup.o(i.u8g2_Setup_ssd1306_i2c_128x64_noname_f) for u8g2_Setup_ssd1306_i2c_128x64_noname_f
    main.o(i.main) refers to u8x8_display.o(i.u8x8_InitDisplay) for u8x8_InitDisplay
    main.o(i.main) refers to u8x8_display.o(i.u8x8_SetPowerSave) for u8x8_SetPowerSave
    main.o(i.main) refers to sendpacket.o(i.NrfTxPacket) for NrfTxPacket
    main.o(i.main) refers to key.o(i.key_info) for key_info
    main.o(i.main) refers to menu.o(i.main_menu) for main_menu
    main.o(i.main) refers to pair_freq.o(i.WaitPairing) for WaitPairing
    main.o(i.main) refers to menu.o(i.no2_menu) for no2_menu
    main.o(i.main) refers to systick.o(i.u8g2_gpio_and_delay_stm32) for u8g2_gpio_and_delay_stm32
    main.o(i.main) refers to u8x8_byte.o(i.u8x8_byte_sw_i2c) for u8x8_byte_sw_i2c
    main.o(i.main) refers to u8g2_setup.o(.constdata) for u8g2_cb_r0
    main.o(i.main) refers to menu.o(.bss) for u8g2
    main.o(i.main) refers to key.o(.data) for menu_state
    system_stm32f10x.o(i.SystemCoreClockUpdate) refers to system_stm32f10x.o(.data) for .data
    system_stm32f10x.o(i.SystemInit) refers to system_stm32f10x.o(i.SetSysClockTo72) for SetSysClockTo72
    systick.o(i.SysTick_Handler) refers to systick.o(.data) for .data
    systick.o(i.delay_ms) refers to systick.o(i.delay_us) for delay_us
    systick.o(i.systick_get_ms) refers to systick.o(.data) for .data
    systick.o(i.systick_init) refers to system_stm32f10x.o(.data) for SystemCoreClock
    systick.o(i.u8g2_gpio_and_delay_stm32) refers to systick.o(i.delay_ms) for delay_ms
    systick.o(i.u8g2_gpio_and_delay_stm32) refers to systick.o(i.delay_us) for delay_us
    systick.o(i.u8g2_gpio_and_delay_stm32) refers to iic_oled.o(i.IIC_OLED_SCL_HIGH) for IIC_OLED_SCL_HIGH
    systick.o(i.u8g2_gpio_and_delay_stm32) refers to iic_oled.o(i.IIC_OLED_SCL_LOW) for IIC_OLED_SCL_LOW
    systick.o(i.u8g2_gpio_and_delay_stm32) refers to iic_oled.o(i.IIC_OLED_SDA_HIGH) for IIC_OLED_SDA_HIGH
    systick.o(i.u8g2_gpio_and_delay_stm32) refers to iic_oled.o(i.IIC_OLED_SDA_LOW) for IIC_OLED_SDA_LOW
    led.o(i.LedBlink) refers to led.o(i.LedColorSet) for LedColorSet
    led.o(i.LedBlink) refers to led.o(i.LedStatusOff) for LedStatusOff
    led.o(i.LedBlink) refers to led.o(.data) for .data
    led.o(i.LedColorSet) refers to led.o(i.LedStatusOff) for LedStatusOff
    led.o(i.LedInit) refers to stm32f10x_rcc.o(i.RCC_APB2PeriphClockCmd) for RCC_APB2PeriphClockCmd
    led.o(i.LedInit) refers to stm32f10x_gpio.o(i.GPIO_Init) for GPIO_Init
    led.o(i.LedInit) refers to led.o(i.LedColorSet) for LedColorSet
    spi.o(i.SPI1_Init) refers to stm32f10x_rcc.o(i.RCC_APB2PeriphClockCmd) for RCC_APB2PeriphClockCmd
    spi.o(i.SPI1_Init) refers to stm32f10x_gpio.o(i.GPIO_Init) for GPIO_Init
    spi.o(i.SPI1_Init) refers to stm32f10x_spi.o(i.SPI_Init) for SPI_Init
    spi.o(i.SPI1_Init) refers to stm32f10x_spi.o(i.SPI_Cmd) for SPI_Cmd
    spi.o(i.SPI1_Init) refers to spi.o(i.SPI1_RW) for SPI1_RW
    spi.o(i.SPI1_RW) refers to stm32f10x_spi.o(i.SPI_I2S_GetFlagStatus) for SPI_I2S_GetFlagStatus
    spi.o(i.SPI1_RW) refers to stm32f10x_spi.o(i.SPI_I2S_SendData) for SPI_I2S_SendData
    spi.o(i.SPI1_RW) refers to stm32f10x_spi.o(i.SPI_I2S_ReceiveData) for SPI_I2S_ReceiveData
    nrf24l01.o(i.NRF24L01_Check) refers to nrf24l01.o(i.NRF24L01_Write_Buf) for NRF24L01_Write_Buf
    nrf24l01.o(i.NRF24L01_Check) refers to nrf24l01.o(i.NRF24L01_Read_Buf) for NRF24L01_Read_Buf
    nrf24l01.o(i.NRF24L01_Init) refers to stm32f10x_rcc.o(i.RCC_APB2PeriphClockCmd) for RCC_APB2PeriphClockCmd
    nrf24l01.o(i.NRF24L01_Init) refers to stm32f10x_gpio.o(i.GPIO_Init) for GPIO_Init
[...]
    i.u8x8_SetupMemory                       0x08002c10   Section        0  u8x8_display.o(i.u8x8_SetupMemory)
    i.u8x8_ascii_next                        0x08002c20   Section        0  u8x8_8x8.o(i.u8x8_ascii_next)
    i.u8x8_byte_EndTransfer                  0x08002c2e   Section        0  u8x8_byte.o(i.u8x8_byte_EndTransfer)
    i.u8x8_byte_SendByte                     0x08002c3e   Section        0  u8x8_byte.o(i.u8x8_byte_SendByte)
    i.u8x8_byte_StartTransfer                0x08002c4c   Section        0  u8x8_byte.o(i.u8x8_byte_StartTransfer)
    i.u8x8_byte_sw_i2c                       0x08002c5c   Section        0  u8x8_byte.o(i.u8x8_byte_sw_i2c)
    i.u8x8_cad_EndTransfer                   0x08002d18   Section        0  u8x8_cad.o(i.u8x8_cad_EndTransfer)
    i.u8x8_cad_SendArg                       0x08002d28   Section        0  u8x8_cad.o(i.u8x8_cad_SendArg)
    i.u8x8_cad_SendCmd                       0x08002d38   Section        0  u8x8_cad.o(i.u8x8_cad_SendCmd)
    i.u8x8_cad_SendData                      0x08002d48   Section        0  u8x8_cad.o(i.u8x8_cad_SendData)
    i.u8x8_cad_SendSequence                  0x08002d58   Section        0  u8x8_cad.o(i.u8x8_cad_SendSequence)
    i.u8x8_cad_StartTransfer                 0x08002dc0   Section        0  u8x8_cad.o(i.u8x8_cad_StartTransfer)
    i.u8x8_cad_ssd13xx_fast_i2c              0x08002dd0   Section        0  u8x8_cad.o(i.u8x8_cad_ssd13xx_fast_i2c)
    i.u8x8_d_helper_display_init             0x08002e8c   Section        0  u8x8_display.o(i.u8x8_d_helper_display_init)
    i.u8x8_d_helper_display_setup_memory     0x08002eec   Section        0  u8x8_display.o(i.u8x8_d_helper_display_setup_memory)
    i.u8x8_d_ssd1306_128x64_noname           0x08002ef8   Section        0  u8x8_d_ssd1306_128x64_noname.o(i.u8x8_d_ssd1306_128x64_noname)
    i.u8x8_d_ssd1306_sh1106_generic          0x08002f34   Section        0  u8x8_d_ssd1306_128x64_noname.o(i.u8x8_d_ssd1306_sh1106_generic)
    u8x8_d_ssd1306_sh1106_generic            0x08002f35   Thumb Code   196  u8x8_d_ssd1306_128x64_noname.o(i.u8x8_d_ssd1306_sh1106_generic)
    i.u8x8_dummy_cb                          0x08002ffc   Section        0  u8x8_setup.o(i.u8x8_dummy_cb)
    i.u8x8_gpio_call                         0x08003000   Section        0  u8x8_gpio.o(i.u8x8_gpio_call)
    i.u8x8_i2c_data_transfer                 0x0800300c   Section        0  u8x8_cad.o(i.u8x8_i2c_data_transfer)
    u8x8_i2c_data_transfer                   0x0800300d   Thumb Code    44  u8x8_cad.o(i.u8x8_i2c_data_transfer)
    i.u8x8_utf8_init                         0x08003038   Section        0  u8x8_8x8.o(i.u8x8_utf8_init)
    i.ui_icon                                0x08003040   Section        0  ui.o(i.ui_icon)
    i.update_smoothed_values                 0x08003148   Section        0  ui.o(i.update_smoothed_values)
    x$fpl$fadd                               0x08003204   Section      196  faddsub_clz.o(x$fpl$fadd)
    _fadd1                                   0x08003213   Thumb Code     0  faddsub_clz.o(x$fpl$fadd)
    x$fpl$fcheck1                            0x080032c8   Section       12  fcheck1.o(x$fpl$fcheck1)
    x$fpl$ffix                               0x080032d4   Section       54  ffix.o(x$fpl$ffix)
    x$fpl$ffixu                              0x0800330c   Section       62  ffixu.o(x$fpl$ffixu)
    x$fpl$fflt                               0x0800334c   Section       48  fflt_clz.o(x$fpl$fflt)
    x$fpl$ffltu                              0x0800337c   Section       38  fflt_clz.o(x$fpl$ffltu)
    x$fpl$fmul                               0x080033a4   Section      258  fmul.o(x$fpl$fmul)
    x$fpl$fnaninf                            0x080034a6   Section      140  fnaninf.o(x$fpl$fnaninf)
    x$fpl$fretinf                            0x08003532   Section       10  fretinf.o(x$fpl$fretinf)
    x$fpl$fsub                               0x0800353c   Section      234  faddsub_clz.o(x$fpl$fsub)
    _fsub1                                   0x0800354b   Thumb Code     0  faddsub_clz.o(x$fpl$fsub)
    x$fpl$retnan                             0x08003626   Section      100  retnan.o(x$fpl$retnan)
    x$fpl$scalbnf                            0x0800368a   Section       76  scalbnf.o(x$fpl$scalbnf)
    x$fpl$trapveneer                         0x080036d6   Section       48  trapv.o(x$fpl$trapveneer)
    .constdata                               0x08003706   Section      979  u8g2_fonts.o(.constdata)
    x$fpl$usenofp                            0x08003706   Section        0  usenofp.o(x$fpl$usenofp)
    .constdata                               0x08003ad9   Section      969  u8g2_fonts.o(.constdata)
    .constdata                               0x08003ea2   Section    12052  u8g2_fonts.o(.constdata)
    .constdata                               0x08006db6   Section     1596  u8g2_fonts.o(.constdata)
    .constdata                               0x080073f2   Section     9391  u8g2_fonts.o(.constdata)
    .constdata                               0x080098a4   Section       12  u8g2_setup.o(.constdata)
    .constdata                               0x080098b0   Section      344  u8x8_d_ssd1306_128x64_noname.o(.constdata)
    u8x8_d_ssd1306_128x64_noname_powersave0_seq 0x080098b0   Data           5  u8x8_d_ssd1306_128x64_noname.o(.constdata)
    u8x8_d_ssd1306_128x64_noname_powersave1_seq 0x080098b5   Data           5  u8x8_d_ssd1306_128x64_noname.o(.constdata)
    u8x8_d_ssd1306_128x64_noname_flip0_seq   0x080098ba   Data           7  u8x8_d_ssd1306_128x64_noname.o(.constdata)
    u8x8_d_ssd1306_128x64_noname_flip1_seq   0x080098c1   Data           7  u8x8_d_ssd1306_128x64_noname.o(.constdata)
    u8x8_d_ssd1312_128x64_noname_flip0_seq   0x080098c8   Data           7  u8x8_d_ssd1306_128x64_noname.o(.constdata)
    u8x8_d_ssd1312_128x64_noname_flip1_seq   0x080098cf   Data           7  u8x8_d_ssd1306_128x64_noname.o(.constdata)
    u8x8_d_ssd1306_128x64_noname_init_seq    0x080098d6   Data          53  u8x8_d_ssd1306_128x64_noname.o(.constdata)
    u8x8_d_ssd1306_128x64_vcomh0_init_seq    0x0800990b   Data          53  u8x8_d_ssd1306_128x64_noname.o(.constdata)
    u8x8_d_ssd1306_128x64_alt0_init_seq      0x08009940   Data          53  u8x8_d_ssd1306_128x64_noname.o(.constdata)
    u8x8_d_sh1106_128x64_winstar_init_seq    0x08009975   Data          45  u8x8_d_ssd1306_128x64_noname.o(.constdata)
    u8x8_d_ssd1312_128x64_noname_init_seq    0x080099a2   Data          53  u8x8_d_ssd1306_128x64_noname.o(.constdata)
    u8x8_ssd1306_128x64_noname_display_info  0x080099d8   Data          24  u8x8_d_ssd1306_128x64_noname.o(.constdata)
    u8x8_sh1106_128x64_noname_display_info   0x080099f0   Data          24  u8x8_d_ssd1306_128x64_noname.o(.constdata)
    .constdata                               0x08009a08   Section        1  ui.o(.constdata)
    .constdata                               0x08009a09   Section       17  __printf_flags_wp.o(.constdata)
    maptable                                 0x08009a09   Data          17  __printf_flags_wp.o(.constdata)
    .data                                    0x20000000   Section       20  system_stm32f10x.o(.data)
    .data                                    0x20000014   Section        4  systick.o(.data)
    .data                                    0x20000018   Section        4  led.o(.data)
    .data                                    0x2000001c   Section        8  adc.o(.data)
    temp                                     0x2000001c   Data           4  adc.o(.data)
    .data                                    0x20000024   Section        8  sendpacket.o(.data)
    .data                                    0x2000002c   Section        7  key.o(.data)
    key_up                                   0x2000002d   Data           1  key.o(.data)
    last_key_value                           0x2000002e   Data           1  key.o(.data)
    .data                                    0x20000034   Section       11  pair_freq.o(.data)
    .data                                    0x2000003f   Section       20  stm32f10x_rcc.o(.data)
    ADCPrescTable                            0x2000003f   Data           4  stm32f10x_rcc.o(.data)
    APBAHBPrescTable                         0x20000043   Data          16  stm32f10x_rcc.o(.data)
    .data                                    0x20000053   Section        6  u8x8_cad.o(.data)
    in_transfer                              0x20000053   Data           1  u8x8_cad.o(.data)
    in_transfer                              0x20000054   Data           1  u8x8_cad.o(.data)
    in_transfer                              0x20000055   Data           1  u8x8_cad.o(.data)
    is_data                                  0x20000056   Data           1  u8x8_cad.o(.data)
    in_transfer                              0x20000057   Data           1  u8x8_cad.o(.data)
    is_data                                  0x20000058   Data           1  u8x8_cad.o(.data)
    .data                                    0x2000005c   Section       24  ui.o(.data)
    lastSignalStatus                         0x2000005c   Data           1  ui.o(.data)
    current_fps                              0x2000005d   Data           1  ui.o(.data)
    frame_counter                            0x2000005e   Data           2  ui.o(.data)
    last_fps_tick                            0x20000070   Data           4  ui.o(.data)
    .bss                                     0x20000074   Section       10  adc.o(.bss)
    .bss                                     0x2000007e   Section       22  sendpacket.o(.bss)
    .bss                                     0x20000094   Section       14  key.o(.bss)
    .bss                                     0x200000a4   Section       12  pair_freq.o(.bss)
    .bss                                     0x200000b0   Section     1024  u8g2_d_memory.o(.bss)
    buf                                      0x200000b0   Data        1024  u8g2_d_memory.o(.bss)
    .bss                                     0x200004b0   Section      148  menu.o(.bss)
    .bss                                     0x20000544   Section       96  libspace.o(.bss)
    HEAP                                     0x200005a8   Section      512  startup_stm32f10x_md.o(HEAP)
    Heap_Mem                                 0x200005a8   Data         512  startup_stm32f10x_md.o(HEAP)
    STACK                                    0x200007a8   Section     1024  startup_stm32f10x_md.o(STACK)
    Stack_Mem                                0x200007a8   Data        1024  startup_stm32f10x_md.o(STACK)
    __initial_sp                             0x20000ba8   Data           0  startup_stm32f10x_md.o(STACK)

    Global Symbols

    Symbol Name                              Value     Ov Type        Size  Object(Section)

    BuildAttributes$$THM_ISAv4$P$D$K$B$S$PE$A:L22UL41UL21$X:L11$S22US41US21$IEEE1$IW$USESV6$~STKCKD$USESV7$~SHL$OSPACE$ROPI$EBA8$UX$STANDARDLIB$REQ8$PRES8$EABIv2 0x00000000   Number         0  anon$$obj.o ABSOLUTE
    __ARM_use_no_argv                        0x00000000   Number         0  main.o ABSOLUTE
    _printf_flags                            0x00000000   Number         0  printf_stubs.o ABSOLUTE
    _printf_return_value                     0x00000000   Number         0  printf_stubs.o ABSOLUTE
    _printf_sizespec                         0x00000000   Number         0  printf_stubs.o ABSOLUTE
    _printf_widthprec                        0x00000000   Number         0  printf_stubs.o ABSOLUTE
    __ARM_exceptions_init                     - Undefined Weak Reference
    __alloca_initialize                       - Undefined Weak Reference
    __arm_fini_                               - Undefined Weak Reference
    __arm_preinit_                            - Undefined Weak Reference
    __cpp_initialize__aeabi_                  - Undefined Weak Reference
    __cxa_finalize                            - Undefined Weak Reference
    __rt_locale                               - Undefined Weak Reference
    __sigvec_lookup                           - Undefined Weak Reference
    _atexit_init                              - Undefined Weak Reference
    _call_atexit_fns                          - Undefined Weak Reference
    _clock_init                               - Undefined Weak Reference
    _fp_trap_init                             - Undefined Weak Reference
    _fp_trap_shutdown                         - Undefined Weak Reference
    _get_lc_collate                           - Undefined Weak Reference
    _get_lc_ctype                             - Undefined Weak Reference
    _get_lc_monetary                          - Undefined Weak Reference
    _get_lc_numeric                           - Undefined Weak Reference
    _get_lc_time                              - Undefined Weak Reference
    _getenv_init                              - Undefined Weak Reference
    _handle_redirection                       - Undefined Weak Reference
    _init_alloc                               - Undefined Weak Reference
    _init_user_alloc                          - Undefined Weak Reference
    _initio                                   - Undefined Weak Reference
    _printf_truncate_signed                   - Undefined Weak Reference
    _printf_truncate_unsigned                 - Undefined Weak Reference
    _rand_init                                - Undefined Weak Reference
    _signal_finish                            - Undefined Weak Reference
    _signal_init                              - Undefined Weak Reference
    _terminate_alloc                          - Undefined Weak Reference
    _terminate_user_alloc                     - Undefined Weak Reference
    _terminateio                              - Undefined Weak Reference
    __Vectors_Size                           0x000000ec   Number         0  startup_stm32f10x_md.o ABSOLUTE
    __Vectors                                0x08000000   Data           4  startup_stm32f10x_md.o(RESET)
    __Vectors_End                            0x080000ec   Data           0  startup_stm32f10x_md.o(RESET)
    __main                                   0x080000ed   Thumb Code     8  __main.o(!!!main)
    __scatterload                            0x080000f5   Thumb Code     0  __scatter.o(!!!scatter)
    __scatterload_rt2                        0x080000f5   Thumb Code    44  __scatter.o(!!!scatter)
    __scatterload_rt2_thumb_only             0x080000f5   Thumb Code     0  __scatter.o(!!!scatter)
    __scatterload_null                       0x08000103   Thumb Code     0  __scatter.o(!!!scatter)
    __scatterload_copy                       0x08000129   Thumb Code    26  __scatter_copy.o(!!handler_copy)
    __scatterload_zeroinit                   0x08000145   Thumb Code    28  __scatter_zi.o(!!handler_zi)
    _printf_d                                0x08000161   Thumb Code     0  _printf_d.o(.ARM.Collect$$_printf_percent$$00000009)
    _printf_percent                          0x08000161   Thumb Code     0  _printf_percent.o(.ARM.Collect$$_printf_percent$$00000000)
    _printf_percent_end                      0x08000167   Thumb Code     0  _printf_percent_end.o(.ARM.Collect$$_printf_percent$$00000017)
    __rt_lib_init                            0x0800016b   Thumb Code     0  libinit.o(.ARM.Collect$$libinit$$00000000)
    __rt_lib_init_alloca_1                   0x0800016d   Thumb Code     0  libinit2.o(.ARM.Collect$$libinit$$0000002E)
    __rt_lib_init_argv_1                     0x0800016d   Thumb Code     0  libinit2.o(.ARM.Collect$$libinit$$0000002C)
    __rt_lib_init_atexit_1                   0x0800016d   Thumb Code     0  libinit2.o(.ARM.Collect$$libinit$$0000001B)
    __rt_lib_init_clock_1                    0x0800016d   Thumb Code     0  libinit2.o(.ARM.Collect$$libinit$$00000021)
    __rt_lib_init_cpp_1                      0x0800016d   Thumb Code     0  libinit2.o(.ARM.Collect$$libinit$$00000032)
    __rt_lib_init_exceptions_1               0x0800016d   Thumb Code     0  libinit2.o(.ARM.Collect$$libinit$$00000030)
    __rt_lib_init_fp_1                       0x0800016d   Thumb Code     0  libinit2.o(.ARM.Collect$$libinit$$00000002)
    __rt_lib_init_fp_trap_1                  0x0800016d   Thumb Code     0  libinit2.o(.ARM.Collect$$libinit$$0000001F)
    __rt_lib_init_getenv_1                   0x0800016d   Thumb Code     0  libinit2.o(.ARM.Collect$$libinit$$00000023)
    __rt_lib_init_heap_1                     0x0800016d   Thumb Code     0  libinit2.o(.ARM.Collect$$libinit$$0000000A)
    __rt_lib_init_lc_collate_1               0x0800016d   Thumb Code     0  libinit2.o(.ARM.Collect$$libinit$$00000011)
    __rt_lib_init_lc_ctype_1                 0x0800016d   Thumb Code     0  libinit2.o(.ARM.Collect$$libinit$$00000013)
    __rt_lib_init_lc_monetary_1              0x0800016d   Thumb Code     0  libinit2.o(.ARM.Collect$$libinit$$00000015)
    __rt_lib_init_lc_numeric_1               0x0800016d   Thumb Code     0  libinit2.o(.ARM.Collect$$libinit$$00000017)
    __rt_lib_init_lc_time_1                  0x0800016d   Thumb Code     0  libinit2.o(.ARM.Collect$$libinit$$00000019)
    __rt_lib_init_preinit_1                  0x0800016d   Thumb Code     0  libinit2.o(.ARM.Collect$$libinit$$00000004)
    __rt_lib_init_rand_1                     0x0800016d   Thumb Code     0  libinit2.o(.ARM.Collect$$libinit$$0000000E)
    __rt_lib_init_return                     0x0800016d   Thumb Code     0  libinit2.o(.ARM.Collect$$libinit$$00000033)
    __rt_lib_init_signal_1                   0x0800016d   Thumb Code     0  libinit2.o(.ARM.Collect$$libinit$$0000001D)
    __rt_lib_init_stdio_1                    0x0800016d   Thumb Code     0  libinit2.o(.ARM.Collect$$libinit$$00000025)
    __rt_lib_init_user_alloc_1               0x0800016d   Thumb Code     0  libinit2.o(.ARM.Collect$$libinit$$0000000C)
    __rt_lib_shutdown                        0x0800016f   Thumb Code     0  libshutdown.o(.ARM.Collect$$libshutdown$$00000000)
    __rt_lib_shutdown_cpp_1                  0x08000171   Thumb Code     0  libshutdown2.o(.ARM.Collect$$libshutdown$$00000004)
    __rt_lib_shutdown_fini_1                 0x08000171   Thumb Code     0  libshutdown2.o(.ARM.Collect$$libshutdown$$00000002)
    __rt_lib_shutdown_fp_trap_1              0x08000171   Thumb Code     0  libshutdown2.o(.ARM.Collect$$libshutdown$$00000009)
    __rt_lib_shutdown_heap_1                 0x08000171   Thumb Code     0  libshutdown2.o(.ARM.Collect$$libshutdown$$00000011)
    __rt_lib_shutdown_return                 0x08000171   Thumb Code     0  libshutdown2.o(.ARM.Collect$$libshutdown$$00000012)
    __rt_lib_shutdown_signal_1               0x08000171   Thumb Code     0  libshutdown2.o(.ARM.Collect$$libshutdown$$0000000C)
    __rt_lib_shutdown_stdio_1                0x08000171   Thumb Code     0  libshutdown2.o(.ARM.Collect$$libshutdown$$00000006)
    __rt_lib_shutdown_user_alloc_1           0x08000171   Thumb Code     0  libshutdown2.o(.ARM.Collect$$libshutdown$$0000000E)
    __rt_entry                               0x08000173   Thumb Code     0  __rtentry.o(.ARM.Collect$$rtentry$$00000000)
    __rt_entry_presh_1                       0x08000173   Thumb Code     0  __rtentry2.o(.ARM.Collect$$rtentry$$00000002)
    __rt_entry_sh                            0x08000173   Thumb Code     0  __rtentry4.o(.ARM.Collect$$rtentry$$00000004)
    __rt_entry_li                            0x08000179   Thumb Code     0  __rtentry2.o(.ARM.Collect$$rtentry$$0000000A)
    __rt_entry_postsh_1                      0x08000179   Thumb Code     0  __rtentry2.o(.ARM.Collect$$rtentry$$00000009)
    __rt_entry_main                          0x0800017d   Thumb Code     0  __rtentry2.o(.ARM.Collect$$rtentry$$0000000D)
    __rt_entry_postli_1                      0x0800017d   Thumb Code     0  __rtentry2.o(.ARM.Collect$$rtentry$$0000000C)
    __rt_exit                                0x08000185   Thumb Code     0  rtexit.o(.ARM.Collect$$rtexit$$00000000)
    __rt_exit_ls                             0x08000187   Thumb Code     0  rtexit2.o(.ARM.Collect$$rtexit$$00000003)
    __rt_exit_prels_1                        0x08000187   Thumb Code     0  rtexit2.o(.ARM.Collect$$rtexit$$00000002)
    __rt_exit_exit                           0x0800018b   Thumb Code     0  rtexit2.o(.ARM.Collect$$rtexit$$00000004)
    Reset_Handler                            0x08000191   Thumb Code     8  startup_stm32f10x_md.o(.text)
    ADC1_2_IRQHandler                        0x080001ab   Thumb Code     0  startup_stm32f10x_md.o(.text)
    CAN1_RX1_IRQHandler                      0x080001ab   Thumb Code     0  startup_stm32f10x_md.o(.text)
    CAN1_SCE_IRQHandler                      0x080001ab   Thumb Code     0  startup_stm32f10x_md.o(.text)
    DMA1_Channel2_IRQHandler                 0x080001ab   Thumb Code     0  startup_stm32f10x_md.o(.text)
    DMA1_Channel3_IRQHandler                 0x080001ab   Thumb Code     0  startup_stm32f10x_md.o(.text)
    DMA1_Channel4_IRQHandler                 0x080001ab   Thumb Code     0  startup_stm32f10x_md.o(.text)
    DMA1_Channel5_IRQHandler                 0x080001ab   Thumb Code     0  startup_stm32f10x_md.o(.text)
    DMA1_Channel6_IRQHandler                 0x080001ab   Thumb Code     0  startup_stm32f10x_md.o(.text)
    DMA1_Channel7_IRQHandler                 0x080001ab   Thumb Code     0  startup_stm32f10x_md.o(.text)
    EXTI0_IRQHandler                         0x080001ab   Thumb Code     0  startup_stm32f10x_md.o(.text)
    EXTI15_10_IRQHandler                     0x080001ab   Thumb Code     0  startup_stm32f10x_md.o(.text)
    EXTI1_IRQHandler                         0x080001ab   Thumb Code     0  startup_stm32f10x_md.o(.text)
    EXTI2_IRQHandler                         0x080001ab   Thumb Code     0  startup_stm32f10x_md.o(.text)
    EXTI3_IRQHandler                         0x080001ab   Thumb Code     0  startup_stm32f10x_md.o(.text)
    EXTI4_IRQHandler                         0x080001ab   Thumb Code     0  startup_stm32f10x_md.o(.text)
    EXTI9_5_IRQHandler                       0x080001ab   Thumb Code     0  startup_stm32f10x_md.o(.text)
    FLASH_IRQHandler                         0x080001ab   Thumb Code     0  startup_stm32f10x_md.o(.text)
    I2C1_ER_IRQHandler                       0x080001ab   Thumb Code     0  startup_stm32f10x_md.o(.text)
    I2C1_EV_IRQHandler                       0x080001ab   Thumb Code     0  startup_stm32f10x_md.o(.text)
    I2C2_ER_IRQHandler                       0x080001ab   Thumb Code     0  startup_stm32f10x_md.o(.text)
    I2C2_EV_IRQHandler                       0x080001ab   Thumb Code     0  startup_stm32f10x_md.o(.text)
    PVD_IRQHandler                           0x080001ab   Thumb Code     0  startup_stm32f10x_md.o(.text)
    RCC_IRQHandler                           0x080001ab   Thumb Code     0  startup_stm32f10x_md.o(.text)
    RTCAlarm_IRQHandler                      0x080001ab   Thumb Code     0  startup_stm32f10x_md.o(.text)
    RTC_IRQHandler                           0x080001ab   Thumb Code     0  startup_stm32f10x_md.o(.text)
    SPI1_IRQHandler                          0x080001ab   Thumb Code     0  startup_stm32f10x_md.o(.text)
    SPI2_IRQHandler                          0x080001ab   Thumb Code     0  startup_stm32f10x_md.o(.text)
    TAMPER_IRQHandler                        0x080001ab   Thumb Code     0  startup_stm32f10x_md.o(.text)
    TIM1_BRK_IRQHandler                      0x080001ab   Thumb Code     0  startup_stm32f10x_md.o(.text)
    TIM1_CC_IRQHandler                       0x080001ab   Thumb Code     0  startup_stm32f10x_md.o(.text)
    TIM1_TRG_COM_IRQHandler                  0x080001ab   Thumb Code     0  startup_stm32f10x_md.o(.text)
    TIM1_UP_IRQHandler                       0x080001ab   Thumb Code     0  startup_stm32f10x_md.o(.text)
    TIM2_IRQHandler                          0x080001ab   Thumb Code     0  startup_stm32f10x_md.o(.text)
    TIM3_IRQHandler                          0x080001ab   Thumb Code     0  startup_stm32f10x_md.o(.text)
    TIM4_IRQHandler                          0x080001ab   Thumb Code     0  startup_stm32f10x_md.o(.text)
    USART1_IRQHandler                        0x080001ab   Thumb Code     0  startup_stm32f10x_md.o(.text)
    USART2_IRQHandler                        0x080001ab   Thumb Code     0  startup_stm32f10x_md.o(.text)
    USART3_IRQHandler                        0x080001ab   Thumb Code     0  startup_stm32f10x_md.o(.text)
    USBWakeUp_IRQHandler                     0x080001ab   Thumb Code     0  startup_stm32f10x_md.o(.text)
    USB_HP_CAN1_TX_IRQHandler                0x080001ab   Thumb Code     0  startup_stm32f10x_md.o(.text)
    USB_LP_CAN1_RX0_IRQHandler               0x080001ab   Thumb Code     0  startup_stm32f10x_md.o(.text)
    WWDG_IRQHandler                          0x080001ab   Thumb Code     0  startup_stm32f10x_md.o(.text)
    __user_initial_stackheap                 0x080001ad   Thumb Code     0  startup_stm32f10x_md.o(.text)
    __use_no_semihosting                     0x080001d1   Thumb Code     2  use_no_semi_2.o(.text)
    __2sprintf                               0x080001d5   Thumb Code    34  noretval__2sprintf.o(.text)
    _printf_pre_padding                      0x080001fd   Thumb Code    44  _printf_pad.o(.text)
    _printf_post_padding                     0x08000229   Thumb Code    34  _printf_pad.o(.text)
    _printf_int_dec                          0x0800024d   Thumb Code   104  _printf_dec.o(.text)
    __printf                                 0x080002c5   Thumb Code   308  __printf_flags_wp.o(.text)
    __aeabi_memclr                           0x080003fd   Thumb Code     0  rt_memclr.o(.text)
    __rt_memclr                              0x080003fd   Thumb Code    68  rt_memclr.o(.text)
    _memset                                  0x08000401   Thumb Code     0  rt_memclr.o(.text)
    __aeabi_memclr4                          0x08000441   Thumb Code     0  rt_memclr_w.o(.text)
    __aeabi_memclr8                          0x08000441   Thumb Code     0  rt_memclr_w.o(.text)
    __rt_memclr_w                            0x08000441   Thumb Code    78  rt_memclr_w.o(.text)
    _memset_w                                0x08000445   Thumb Code     0  rt_memclr_w.o(.text)
    __use_two_region_memory                  0x0800048f   Thumb Code     2  heapauxi.o(.text)
    __rt_heap_escrow$2region                 0x08000491   Thumb Code     2  heapauxi.o(.text)
    __rt_heap_expand$2region                 0x08000493   Thumb Code     2  heapauxi.o(.text)
    __I$use$semihosting                      0x08000495   Thumb Code     0  use_no_semi.o(.text)
    __use_no_semihosting_swi                 0x08000495   Thumb Code     2  use_no_semi.o(.text)
    _printf_int_common                       0x08000497   Thumb Code   178  _printf_intcommon.o(.text)
    _printf_char_common                      0x08000553   Thumb Code    32  _printf_char_common.o(.text)
    _sputc                                   0x08000579   Thumb Code    10  _sputc.o(.text)
    __user_setup_stackheap                   0x08000583   Thumb Code    74  sys_stackheap_outer.o(.text)
    exit                                     0x080005cd   Thumb Code    18  exit.o(.text)
    __user_libspace                          0x080005e1   Thumb Code     8  libspace.o(.text)
    __user_perproc_libspace                  0x080005e1   Thumb Code     0  libspace.o(.text)
    __user_perthread_libspace                0x080005e1   Thumb Code     0  libspace.o(.text)
    ADC_Cmd                                  0x080005e9   Thumb Code    20  stm32f10x_adc.o(i.ADC_Cmd)
    ADC_Config                               0x080005fd   Thumb Code    18  adc.o(i.ADC_Config)
    ADC_DMACmd                               0x0800060f   Thumb Code    20  stm32f10x_adc.o(i.ADC_DMACmd)
    ADC_DMA_Config                           0x08000625   Thumb Code    92  adc.o(i.ADC_DMA_Config)
    ADC_ExternalTrigConvCmd                  0x0800068d   Thumb Code    20  stm32f10x_adc.o(i.ADC_ExternalTrigConvCmd)
    ADC_GetCalibrationStatus                 0x080006a1   Thumb Code    14  stm32f10x_adc.o(i.ADC_GetCalibrationStatus)
    ADC_Init                                 0x080006b1   Thumb Code    62  stm32f10x_adc.o(i.ADC_Init)
    ADC_RegularChannelConfig                 0x080006f9   Thumb Code   116  stm32f10x_adc.o(i.ADC_RegularChannelConfig)
    ADC_ResetCalibration                     0x0800076d   Thumb Code    10  stm32f10x_adc.o(i.ADC_ResetCalibration)
    ADC_StartCalibration                     0x08000777   Thumb Code    10  stm32f10x_adc.o(i.ADC_StartCalibration)
    BusFault_Handler                         0x08000781   Thumb Code     2  stm32f10x_it.o(i.BusFault_Handler)
    DMA1_Channel1_IRQHandler                 0x08000785   Thumb Code    28  sendpacket.o(i.DMA1_Channel1_IRQHandler)
    DMA_ClearITPendingBit                    0x080007a5   Thumb Code    16  stm32f10x_dma.o(i.DMA_ClearITPendingBit)
    DMA_Cmd                                  0x080007bd   Thumb Code    22  stm32f10x_dma.o(i.DMA_Cmd)
    DMA_GetITStatus                          0x080007d5   Thumb Code    24  stm32f10x_dma.o(i.DMA_GetITStatus)
    DMA_ITConfig                             0x080007f5   Thumb Code    16  stm32f10x_dma.o(i.DMA_ITConfig)
    DMA_Init                                 0x08000805   Thumb Code    58  stm32f10x_dma.o(i.DMA_Init)
    DebugMon_Handler                         0x0800083f   Thumb Code     2  stm32f10x_it.o(i.DebugMon_Handler)
    DisplayInfo                              0x08000841   Thumb Code   252  ui.o(i.DisplayInfo)
    FLASH_PrefetchBufferCmd                  0x0800097d   Thumb Code    18  stm32f10x_flash.o(i.FLASH_PrefetchBufferCmd)
    FLASH_SetLatency                         0x08000995   Thumb Code    14  stm32f10x_flash.o(i.FLASH_SetLatency)
    GPIO_Init                                0x080009a9   Thumb Code   162  stm32f10x_gpio.o(i.GPIO_Init)
    GPIO_ReadInputDataBit                    0x08000a4b   Thumb Code    14  stm32f10x_gpio.o(i.GPIO_ReadInputDataBit)
    GPIO_ResetBits                           0x08000a59   Thumb Code     4  stm32f10x_gpio.o(i.GPIO_ResetBits)
    GPIO_SetBits                             0x08000a5d   Thumb Code     4  stm32f10x_gpio.o(i.GPIO_SetBits)
    HardFault_Handler                        0x08000a61   Thumb Code     2  stm32f10x_it.o(i.HardFault_Handler)
    IIC_OLED_SCL_HIGH                        0x08000a65   Thumb Code    10  iic_oled.o(i.IIC_OLED_SCL_HIGH)
    IIC_OLED_SCL_LOW                         0x08000a75   Thumb Code    10  iic_oled.o(i.IIC_OLED_SCL_LOW)
    IIC_OLED_SDA_HIGH                        0x08000a85   Thumb Code    10  iic_oled.o(i.IIC_OLED_SDA_HIGH)
    IIC_OLED_SDA_LOW                         0x08000a95   Thumb Code    10  iic_oled.o(i.IIC_OLED_SDA_LOW)
    KeyInit                                  0x08000aa5   Thumb Code   114  key.o(i.KeyInit)
    KeyScan                                  0x08000b25   Thumb Code   208  key.o(i.KeyScan)
    LedBlink                                 0x08000c05   Thumb Code    56  led.o(i.LedBlink)
    LedColorSet                              0x08000c41   Thumb Code    66  led.o(i.LedColorSet)
    MemManage_Handler                        0x08000c9d   Thumb Code     2  stm32f10x_it.o(i.MemManage_Handler)
    NMI_Handler                              0x08000c9f   Thumb Code     2  stm32f10x_it.o(i.NMI_Handler)
    NRF24L01_Check                           0x08000ca1   Thumb Code    64  nrf24l01.o(i.NRF24L01_Check)
    NRF24L01_Init                            0x08000ce9   Thumb Code   134  nrf24l01.o(i.NRF24L01_Init)
    NRF24L01_Read_Buf                        0x08000d79   Thumb Code    64  nrf24l01.o(i.NRF24L01_Read_Buf)
    NRF24L01_Read_Reg                        0x08000dbd   Thumb Code    40  nrf24l01.o(i.NRF24L01_Read_Reg)
    NRF24L01_TX_Mode                         0x08000de9   Thumb Code   122  nrf24l01.o(i.NRF24L01_TX_Mode)
    NRF24L01_TxPacket                        0x08000e6d   Thumb Code    96  nrf24l01.o(i.NRF24L01_TxPacket)
    NRF24L01_Write_Buf                       0x08000ed1   Thumb Code    66  nrf24l01.o(i.NRF24L01_Write_Buf)
    NRF24L01_Write_Reg                       0x08000f19   Thumb Code    42  nrf24l01.o(i.NRF24L01_Write_Reg)
    NVIC_Init                                0x08000f49   Thumb Code    94  misc.o(i.NVIC_Init)
    NVIC_PriorityGroupConfig                 0x08000fad   Thumb Code    10  misc.o(i.NVIC_PriorityGroupConfig)
    NVIC_config                              0x08000fc1   Thumb Code    40  nvic.o(i.NVIC_config)
    NrfRxPacket                              0x08000fe9   Thumb Code    38  sendpacket.o(i.NrfRxPacket)
    NrfTxPacket                              0x08001019   Thumb Code    48  sendpacket.o(i.NrfTxPacket)
    OLED12864_IoInit                         0x08001055   Thumb Code    76  iic_oled.o(i.OLED12864_IoInit)
    PendSV_Handler                           0x080010a5   Thumb Code     2  stm32f10x_it.o(i.PendSV_Handler)
    RCC_ADCCLKConfig                         0x080010a9   Thumb Code    14  stm32f10x_rcc.o(i.RCC_ADCCLKConfig)
    RCC_AHBPeriphClockCmd                    0x080010bd   Thumb Code    18  stm32f10x_rcc.o(i.RCC_AHBPeriphClockCmd)
    RCC_APB1PeriphClockCmd                   0x080010d5   Thumb Code    18  stm32f10x_rcc.o(i.RCC_APB1PeriphClockCmd)
    RCC_APB2PeriphClockCmd                   0x080010ed   Thumb Code    18  stm32f10x_rcc.o(i.RCC_APB2PeriphClockCmd)
    RCC_DeInit                               0x08001105   Thumb Code    50  stm32f10x_rcc.o(i.RCC_DeInit)
    RCC_GetClocksFreq                        0x08001145   Thumb Code   128  stm32f10x_rcc.o(i.RCC_GetClocksFreq)
    RCC_GetFlagStatus                        0x080011d5   Thumb Code    44  stm32f10x_rcc.o(i.RCC_GetFlagStatus)
    RCC_GetSYSCLKSource                      0x08001205   Thumb Code    10  stm32f10x_rcc.o(i.RCC_GetSYSCLKSource)
    RCC_HCLKConfig                           0x08001215   Thumb Code    14  stm32f10x_rcc.o(i.RCC_HCLKConfig)
    RCC_HSEConfig                            0x08001229   Thumb Code    48  stm32f10x_rcc.o(i.RCC_HSEConfig)
    RCC_HSE_Configuration                    0x0800125d   Thumb Code    98  rcc.o(i.RCC_HSE_Configuration)
    RCC_PCLK1Config                          0x080012c1   Thumb Code    14  stm32f10x_rcc.o(i.RCC_PCLK1Config)
    RCC_PCLK2Config                          0x080012d5   Thumb Code    16  stm32f10x_rcc.o(i.RCC_PCLK2Config)
    RCC_PLLCmd                               0x080012e9   Thumb Code     6  stm32f10x_rcc.o(i.RCC_PLLCmd)
    RCC_PLLConfig                            0x080012f5   Thumb Code    16  stm32f10x_rcc.o(i.RCC_PLLConfig)
    RCC_SYSCLKConfig                         0x08001309   Thumb Code    14  stm32f10x_rcc.o(i.RCC_SYSCLKConfig)
    RCC_WaitForHSEStartUp                    0x0800131d   Thumb Code    44  stm32f10x_rcc.o(i.RCC_WaitForHSEStartUp)
    RemoteVoltageDetect                      0x08001349   Thumb Code    66  adc.o(i.RemoteVoltageDetect)
    Remotecontroldata                        0x080013a1   Thumb Code   500  ui.o(i.Remotecontroldata)
    SPI1_Init                                0x080015d5   Thumb Code   132  spi.o(i.SPI1_Init)
    SPI1_RW                                  0x08001661   Thumb Code    76  spi.o(i.SPI1_RW)
    SPI_Cmd                                  0x080016b1   Thumb Code    20  stm32f10x_spi.o(i.SPI_Cmd)
    SPI_I2S_GetFlagStatus                    0x080016c5   Thumb Code    14  stm32f10x_spi.o(i.SPI_I2S_GetFlagStatus)
    SPI_I2S_ReceiveData                      0x080016d3   Thumb Code     4  stm32f10x_spi.o(i.SPI_I2S_ReceiveData)
    SPI_I2S_SendData                         0x080016d7   Thumb Code     4  stm32f10x_spi.o(i.SPI_I2S_SendData)
    SPI_Init                                 0x080016db   Thumb Code    56  stm32f10x_spi.o(i.SPI_Init)
    SVC_Handler                              0x08001713   Thumb Code     2  stm32f10x_it.o(i.SVC_Handler)
    SysTick_Handler                          0x080017bd   Thumb Code    10  systick.o(i.SysTick_Handler)
    SystemInit                               0x080017cd   Thumb Code    64  system_stm32f10x.o(i.SystemInit)
    TIM_ARRPreloadConfig                     0x0800181d   Thumb Code    20  stm32f10x_tim.o(i.TIM_ARRPreloadConfig)
    TIM_Cmd                                  0x08001831   Thumb Code    20  stm32f10x_tim.o(i.TIM_Cmd)
    TIM_OC4Init                              0x08001845   Thumb Code    90  stm32f10x_tim.o(i.TIM_OC4Init)
    TIM_OC4PreloadConfig                     0x080018a9   Thumb Code    20  stm32f10x_tim.o(i.TIM_OC4PreloadConfig)
    TIM_TimeBaseInit                         0x080018bd   Thumb Code   114  stm32f10x_tim.o(i.TIM_TimeBaseInit)
    USART_Cmd                                0x08001959   Thumb Code    20  stm32f10x_usart.o(i.USART_Cmd)
    USART_ITConfig                           0x0800196d   Thumb Code    48  stm32f10x_usart.o(i.USART_ITConfig)
    USART_Init                               0x0800199d   Thumb Code   166  stm32f10x_usart.o(i.USART_Init)
    UsageFault_Handler                       0x08001a49   Thumb Code     2  stm32f10x_it.o(i.UsageFault_Handler)
    Usart1Init                               0x08001a4d   Thumb Code   130  usart1.o(i.Usart1Init)
    WaitPairing                              0x08001ad9   Thumb Code   110  pair_freq.o(i.WaitPairing)
    _is_digit                                0x08001b55   Thumb Code    14  __printf_wp.o(i._is_digit)
    _sys_exit                                0x08001b63   Thumb Code     2  usart1.o(i._sys_exit)
    adc_config                               0x08001b65   Thumb Code   178  adc.o(i.adc_config)
    adc_gpio_init                            0x08001c1d   Thumb Code    58  adc.o(i.adc_gpio_init)
    analyze_packet                           0x08001c61   Thumb Code    82  sendpacket.o(i.analyze_packet)
    data_exchange                            0x08001cc1   Thumb Code    92  sendpacket.o(i.data_exchange)
    delay_ms                                 0x08001d29   Thumb Code    22  systick.o(i.delay_ms)
    delay_us                                 0x08001d3f   Thumb Code    22  systick.o(i.delay_us)
    get_chip_id                              0x08001d55   Thumb Code    34  pair_freq.o(i.get_chip_id)
    key_info                                 0x08001e61   Thumb Code    30  key.o(i.key_info)
    main                                     0x08001e85   Thumb Code   140  main.o(i.main)
    main_menu                                0x08001f25   Thumb Code    36  menu.o(i.main_menu)
    menu_fps                                 0x08001f4d   Thumb Code    68  ui.o(i.menu_fps)
    menu_process                             0x08001fa1   Thumb Code   146  key.o(i.menu_process)
    no2_menu                                 0x0800203d   Thumb Code    18  menu.o(i.no2_menu)
    systick_get_ms                           0x08002055   Thumb Code     6  systick.o(i.systick_get_ms)
    systick_init                             0x08002061   Thumb Code    32  systick.o(i.systick_init)
    timing_trigger_init                      0x08002085   Thumb Code   106  timing_trigger.o(i.timing_trigger_init)
    u8g2_ClearBuffer                         0x080020f5   Thumb Code    18  u8g2_buffer.o(i.u8g2_ClearBuffer)
    u8g2_DrawBox                             0x08002107   Thumb Code    68  u8g2_box.o(i.u8g2_DrawBox)
    u8g2_DrawFrame                           0x0800214b   Thumb Code   136  u8g2_box.o(i.u8g2_DrawFrame)
    u8g2_DrawGlyph                           0x080021d3   Thumb Code   110  u8g2_font.o(i.u8g2_DrawGlyph)
    u8g2_DrawHVLine                          0x08002241   Thumb Code   172  u8g2_hvline.o(i.u8g2_DrawHVLine)
    u8g2_DrawStr                             0x080022ed   Thumb Code    12  u8g2_font.o(i.u8g2_DrawStr)
    u8g2_DrawVLine                           0x080022fd   Thumb Code    12  u8g2_hvline.o(i.u8g2_DrawVLine)
    u8g2_GetGlyphWidth                       0x08002309   Thumb Code    62  u8g2_font.o(i.u8g2_GetGlyphWidth)
    u8g2_GetStrWidth                         0x08002349   Thumb Code     8  u8g2_font.o(i.u8g2_GetStrWidth)
    u8g2_IsIntersection                      0x08002355   Thumb Code    48  u8g2_intersection.o(i.u8g2_IsIntersection)
    u8g2_SendBuffer                          0x08002385   Thumb Code    18  u8g2_buffer.o(i.u8g2_SendBuffer)
    u8g2_SetDrawColor                        0x08002397   Thumb Code    16  u8g2_hvline.o(i.u8g2_SetDrawColor)
    u8g2_SetFont                             0x080023a7   Thumb Code    32  u8g2_font.o(i.u8g2_SetFont)
    u8g2_SetFontPosBaseline                  0x080023c9   Thumb Code     6  u8g2_font.o(i.u8g2_SetFontPosBaseline)
    u8g2_SetMaxClipWindow                    0x080023d5   Thumb Code    28  u8g2_setup.o(i.u8g2_SetMaxClipWindow)
    u8g2_SetupBuffer                         0x080023f1   Thumb Code    70  u8g2_setup.o(i.u8g2_SetupBuffer)
    u8g2_Setup_ssd1306_i2c_128x64_noname_f   0x08002439   Thumb Code    42  u8g2_d_setup.o(i.u8g2_Setup_ssd1306_i2c_128x64_noname_f)
    u8g2_UpdateRefHeight                     0x08002471   Thumb Code    82  u8g2_font.o(i.u8g2_UpdateRefHeight)
    u8g2_add_vector_x                        0x080024c3   Thumb Code    28  u8g2_font.o(i.u8g2_add_vector_x)
    u8g2_add_vector_y                        0x080024df   Thumb Code    28  u8g2_font.o(i.u8g2_add_vector_y)
    u8g2_draw_hv_line_2dir                   0x080025a5   Thumb Code    18  u8g2_hvline.o(i.u8g2_draw_hv_line_2dir)
    u8g2_draw_l90_r0                         0x080025b7   Thumb Code    12  u8g2_setup.o(i.u8g2_draw_l90_r0)
    u8g2_font_calc_vref_font                 0x08002639   Thumb Code     4  u8g2_font.o(i.u8g2_font_calc_vref_font)
    u8g2_font_decode_get_signed_bits         0x0800263d   Thumb Code    20  u8g2_font.o(i.u8g2_font_decode_get_signed_bits)
    u8g2_font_decode_get_unsigned_bits       0x08002651   Thumb Code    52  u8g2_font.o(i.u8g2_font_decode_get_unsigned_bits)
    u8g2_font_decode_glyph                   0x08002685   Thumb Code   276  u8g2_font.o(i.u8g2_font_decode_glyph)
    u8g2_font_decode_len                     0x08002799   Thumb Code   140  u8g2_font.o(i.u8g2_font_decode_len)
    u8g2_font_get_glyph_data                 0x08002825   Thumb Code   114  u8g2_font.o(i.u8g2_font_get_glyph_data)
    u8g2_gpio_and_delay_stm32                0x080028df   Thumb Code    80  systick.o(i.u8g2_gpio_and_delay_stm32)
    u8g2_is_intersection_decision_tree       0x0800292f   Thumb Code    24  u8g2_intersection.o(i.u8g2_is_intersection_decision_tree)
    u8g2_ll_hvline_vertical_top_lsb          0x08002949   Thumb Code   144  u8g2_ll_hvline.o(i.u8g2_ll_hvline_vertical_top_lsb)
    u8g2_m_16_8_f                            0x080029d9   Thumb Code     8  u8g2_d_memory.o(i.u8g2_m_16_8_f)
    u8g2_read_font_info                      0x080029e5   Thumb Code   106  u8g2_font.o(i.u8g2_read_font_info)
    u8g2_update_dimension_r0                 0x08002b57   Thumb Code     4  u8g2_setup.o(i.u8g2_update_dimension_r0)
    u8g2_update_page_win_r0                  0x08002b5b   Thumb Code    34  u8g2_setup.o(i.u8g2_update_page_win_r0)
    u8x8_DrawTile                            0x08002b7d   Thumb Code    30  u8x8_display.o(i.u8x8_DrawTile)
    u8x8_InitDisplay                         0x08002b9b   Thumb Code    16  u8x8_display.o(i.u8x8_InitDisplay)
    u8x8_RefreshDisplay                      0x08002bab   Thumb Code    16  u8x8_display.o(i.u8x8_RefreshDisplay)
    u8x8_SetPowerSave                        0x08002bbb   Thumb Code    16  u8x8_display.o(i.u8x8_SetPowerSave)
    u8x8_Setup                               0x08002bcb   Thumb Code    34  u8x8_setup.o(i.u8x8_Setup)
    u8x8_SetupDefaults                       0x08002bed   Thumb Code    32  u8x8_setup.o(i.u8x8_SetupDefaults)
    u8x8_SetupMemory                         0x08002c11   Thumb Code    16  u8x8_display.o(i.u8x8_SetupMemory)
    u8x8_ascii_next                          0x08002c21   Thumb Code    14  u8x8_8x8.o(i.u8x8_ascii_next)
    u8x8_byte_EndTransfer                    0x08002c2f   Thumb Code    16  u8x8_byte.o(i.u8x8_byte_EndTransfer)
    u8x8_byte_SendByte                       0x08002c3f   Thumb Code    14  u8x8_byte.o(i.u8x8_byte_SendByte)
    u8x8_byte_StartTransfer                  0x08002c4d   Thumb Code    16  u8x8_byte.o(i.u8x8_byte_StartTransfer)
    u8x8_byte_sw_i2c                         0x08002c5d   Thumb Code   188  u8x8_byte.o(i.u8x8_byte_sw_i2c)
    u8x8_cad_EndTransfer                     0x08002d19   Thumb Code    16  u8x8_cad.o(i.u8x8_cad_EndTransfer)
    u8x8_cad_SendArg                         0x08002d29   Thumb Code    16  u8x8_cad.o(i.u8x8_cad_SendArg)
    u8x8_cad_SendCmd                         0x08002d39   Thumb Code    16  u8x8_cad.o(i.u8x8_cad_SendCmd)
    u8x8_cad_SendData                        0x08002d49   Thumb Code    16  u8x8_cad.o(i.u8x8_cad_SendData)
    u8x8_cad_SendSequence                    0x08002d59   Thumb Code   104  u8x8_cad.o(i.u8x8_cad_SendSequence)
    u8x8_cad_StartTransfer                   0x08002dc1   Thumb Code    16  u8x8_cad.o(i.u8x8_cad_StartTransfer)
    u8x8_cad_ssd13xx_fast_i2c                0x08002dd1   Thumb Code   182  u8x8_cad.o(i.u8x8_cad_ssd13xx_fast_i2c)
    u8x8_d_helper_display_init               0x08002e8d   Thumb Code    96  u8x8_display.o(i.u8x8_d_helper_display_init)
    u8x8_d_helper_display_setup_memory       0x08002eed   Thumb Code    10  u8x8_display.o(i.u8x8_d_helper_display_setup_memory)
    u8x8_d_ssd1306_128x64_noname             0x08002ef9   Thumb Code    52  u8x8_d_ssd1306_128x64_noname.o(i.u8x8_d_ssd1306_128x64_noname)
    u8x8_dummy_cb                            0x08002ffd   Thumb Code     4  u8x8_setup.o(i.u8x8_dummy_cb)
    u8x8_gpio_call                           0x08003001   Thumb Code    12  u8x8_gpio.o(i.u8x8_gpio_call)
    u8x8_utf8_init                           0x08003039   Thumb Code     8  u8x8_8x8.o(i.u8x8_utf8_init)
    ui_icon                                  0x08003041   Thumb Code   214  ui.o(i.ui_icon)
    update_smoothed_values                   0x08003149   Thumb Code   170  ui.o(i.update_smoothed_values)
    __aeabi_fadd                             0x08003205   Thumb Code     0  faddsub_clz.o(x$fpl$fadd)
    _fadd                                    0x08003205   Thumb Code   196  faddsub_clz.o(x$fpl$fadd)
    __fpl_fcheck_NaN1                        0x080032c9   Thumb Code     6  fcheck1.o(x$fpl$fcheck1)
    __aeabi_f2iz                             0x080032d5   Thumb Code     0  ffix.o(x$fpl$ffix)
    _ffix                                    0x080032d5   Thumb Code    54  ffix.o(x$fpl$ffix)
    __aeabi_f2uiz                            0x0800330d   Thumb Code     0  ffixu.o(x$fpl$ffixu)
    _ffixu                                   0x0800330d   Thumb Code    62  ffixu.o(x$fpl$ffixu)
    __aeabi_i2f                              0x0800334d   Thumb Code     0  fflt_clz.o(x$fpl$fflt)
    _fflt                                    0x0800334d   Thumb Code    48  fflt_clz.o(x$fpl$fflt)
    __aeabi_ui2f                             0x0800337d   Thumb Code     0  fflt_clz.o(x$fpl$ffltu)
    _ffltu                                   0x0800337d   Thumb Code    38  fflt_clz.o(x$fpl$ffltu)
    __aeabi_fmul                             0x080033a5   Thumb Code     0  fmul.o(x$fpl$fmul)
    _fmul                                    0x080033a5   Thumb Code   258  fmul.o(x$fpl$fmul)
    __fpl_fnaninf                            0x080034a7   Thumb Code   140  fnaninf.o(x$fpl$fnaninf)
    __fpl_fretinf                            0x08003533   Thumb Code    10  fretinf.o(x$fpl$fretinf)
    __aeabi_fsub                             0x0800353d   Thumb Code     0  faddsub_clz.o(x$fpl$fsub)
    _fsub                                    0x0800353d   Thumb Code   234  faddsub_clz.o(x$fpl$fsub)
    __fpl_return_NaN                         0x08003627   Thumb Code   100  retnan.o(x$fpl$retnan)
    __ARM_scalbnf                            0x0800368b   Thumb Code    76  scalbnf.o(x$fpl$scalbnf)
    __fpl_cmpreturn                          0x080036d7   Thumb Code    48  trapv.o(x$fpl$trapveneer)
    __I$use$fp                               0x08003706   Number         0  usenofp.o(x$fpl$usenofp)
    u8g2_font_6x10_tr                        0x08003706   Data         979  u8g2_fonts.o(.constdata)
    u8g2_font_6x12_tr                        0x08003ad9   Data         969  u8g2_fonts.o(.constdata)
    u8g2_font_waffle_t_all                   0x08003ea2   Data       12052  u8g2_fonts.o(.constdata)
    u8g2_font_twelvedings_t_all              0x08006db6   Data        1596  u8g2_fonts.o(.constdata)
    u8g2_font_wqy12_t_chinese1               0x080073f2   Data        9391  u8g2_fonts.o(.constdata)
    u8g2_cb_r0                               0x080098a4   Data          12  u8g2_setup.o(.constdata)
    menu_count                               0x08009a08   Data           1  ui.o(.constdata)
    Region$$Table$$Base                      0x08009a1c   Number         0  anon$$obj.o(Region$$Table)
    Region$$Table$$Limit                     0x08009a3c   Number         0  anon$$obj.o(Region$$Table)
    SystemCoreClock                          0x20000000   Data           4  system_stm32f10x.o(.data)
    AHBPrescTable                            0x20000004   Data          16  system_stm32f10x.o(.data)
    millis_count                             0x20000014   Data           4  systick.o(.data)
    blinkSpeedCount                          0x20000018   Data           2  led.o(.data)
    blinkPeriodCount                         0x2000001a   Data           2  led.o(.data)
    remoteVoltage                            0x20000020   Data           4  adc.o(.data)
    adc_dma_done                             0x20000024   Data           1  sendpacket.o(.data)
    rxPacketStatus                           0x20000025   Data           1  sendpacket.o(.data)
    tx                                       0x20000026   Data           6  sendpacket.o(.data)
    menu_state                               0x2000002c   Data           1  key.o(.data)
    menu_ctx                                 0x2000002f   Data           4  key.o(.data)
    ID                                       0x20000034   Data           4  pair_freq.o(.data)
    pair                                     0x20000038   Data           7  pair_freq.o(.data)
    smooth_thr                               0x20000060   Data           4  ui.o(.data)
    smooth_pit                               0x20000064   Data           4  ui.o(.data)
    smooth_rol                               0x20000068   Data           4  ui.o(.data)
    smooth_yaw                               0x2000006c   Data           4  ui.o(.data)
    ADC_value                                0x20000074   Data          10  adc.o(.bss)
    rxPacket                                 0x2000007e   Data          11  sendpacket.o(.bss)
    tx_dat                                   0x20000089   Data          11  sendpacket.o(.bss)
    key                                      0x20000094   Data          14  key.o(.bss)
    chip_id                                  0x200000a4   Data          12  pair_freq.o(.bss)
    u8g2                                     0x200004b0   Data         148  menu.o(.bss)
    __libspace_start                         0x20000544   Data          96  libspace.o(.bss)
    __temporary_stack_top$libspace           0x200005a4   Data           0  libspace.o(.bss)



==============================================================================

Memory Map of the image

  Image Entry point : 0x080000ed

  Load Region LR_IROM1 (Base: 0x08000000, Size: 0x00009ab0, Max: 0x00010000, ABSOLUTE)

    Execution Region ER_IROM1 (Exec base: 0x08000000, Load base: 0x08000000, Size: 0x00009a3c, Max: 0x00010000, ABSOLUTE)

    Exec Addr    Load Addr    Size         Type   Attr      Idx    E Section Name        Object

    0x08000000   0x08000000   0x000000ec   Data   RO         2512    RESET               startup_stm32f10x_md.o
    0x080000ec   0x080000ec   0x00000008   Code   RO         7370  * !!!main             c_w.l(__main.o)
    0x080000f4   0x080000f4   0x00000034   Code   RO         7571    !!!scatter          c_w.l(__scatter.o)
    0x08000128   0x08000128   0x0000001a   Code   RO         7573    !!handler_copy      c_w.l(__scatter_copy.o)
    0x08000142   0x08000142   0x00000002   PAD
    0x08000144   0x08000144   0x0000001c   Code   RO         7575    !!handler_zi        c_w.l(__scatter_zi.o)
    0x08000160   0x08000160   0x00000000   Code   RO         7363    .ARM.Collect$$_printf_percent$$00000000  c_w.l(_printf_percent.o)
    0x08000160   0x08000160   0x00000006   Code   RO         7362    .ARM.Collect$$_printf_percent$$00000009  c_w.l(_printf_d.o)
    0x08000166   0x08000166   0x00000004   Code   RO         7405    .ARM.Collect$$_printf_percent$$00000017  c_w.l(_printf_percent_end.o)
    0x0800016a   0x0800016a   0x00000002   Code   RO         7441    .ARM.Collect$$libinit$$00000000  c_w.l(libinit.o)
    0x0800016c   0x0800016c   0x00000000   Code   RO         7450    .ARM.Collect$$libinit$$00000002  c_w.l(libinit2.o)
    0x0800016c   0x0800016c   0x00000000   Code   RO         7452    .ARM.Collect$$libinit$$00000004  c_w.l(libinit2.o)
    0x0800016c   0x0800016c   0x00000000   Code   RO         7455    .ARM.Collect$$libinit$$0000000A  c_w.l(libinit2.o)
    0x0800016c   0x0800016c   0x00000000   Code   RO         7457    .ARM.Collect$$libinit$$0000000C  c_w.l(libinit2.o)
    0x0800016c   0x0800016c   0x00000000   Code   RO         7459    .ARM.Collect$$libinit$$0000000E  c_w.l(libinit2.o)
    0x0800016c   0x0800016c   0x00000000   Code   RO         7462    .ARM.Collect$$libinit$$00000011  c_w.l(libinit2.o)
    0x0800016c   0x0800016c   0x00000000   Code   RO         7464    .ARM.Collect$$libinit$$00000013  c_w.l(libinit2.o)
    0x0800016c   0x0800016c   0x00000000   Code   RO         7466    .ARM.Collect$$libinit$$00000015  c_w.l(libinit2.o)
    0x0800016c   0x0800016c   0x00000000   Code   RO         7468    .ARM.Collect$$libinit$$00000017  c_w.l(libinit2.o)
    0x0800016c   0x0800016c   0x00000000   Code   RO         7470    .ARM.Collect$$libinit$$00000019  c_w.l(libinit2.o)
    0x0800016c   0x0800016c   0x00000000   Code   RO         7472    .ARM.Collect$$libinit$$0000001B  c_w.l(libinit2.o)
    0x0800016c   0x0800016c   0x00000000   Code   RO         7474    .ARM.Collect$$libinit$$0000001D  c_w.l(libinit2.o)
    0x0800016c   0x0800016c   0x00000000   Code   RO         7476    .ARM.Collect$$libinit$$0000001F  c_w.l(libinit2.o)
    0x0800016c   0x0800016c   0x00000000   Code   RO         7478    .ARM.Collect$$libinit$$00000021  c_w.l(libinit2.o)
    0x0800016c   0x0800016c   0x00000000   Code   RO         7480    .ARM.Collect$$libinit$$00000023  c_w.l(libinit2.o)
    0x0800016c   0x0800016c   0x00000000   Code   RO         7482    .ARM.Collect$$libinit$$00000025  c_w.l(libinit2.o)
    0x0800016c   0x0800016c   0x00000000   Code   RO         7486    .ARM.Collect$$libinit$$0000002C  c_w.l(libinit2.o)
    0x0800016c   0x0800016c   0x00000000   Code   RO         7488    .ARM.Collect$$libinit$$0000002E  c_w.l(libinit2.o)
    0x0800016c   0x0800016c   0x00000000   Code   RO         7490    .ARM.Collect$$libinit$$00000030  c_w.l(libinit2.o)
    0x0800016c   0x0800016c   0x00000000   Code   RO         7492    .ARM.Collect$$libinit$$00000032  c_w.l(libinit2.o)
    0x0800016c   0x0800016c   0x00000002   Code   RO         7493    .ARM.Collect$$libinit$$00000033  c_w.l(libinit2.o)
    0x0800016e   0x0800016e   0x00000002   Code   RO         7511    .ARM.Collect$$libshutdown$$00000000  c_w.l(libshutdown.o)
    0x08000170   0x08000170   0x00000000   Code   RO         7521    .ARM.Collect$$libshutdown$$00000002  c_w.l(libshutdown2.o)
    0x08000170   0x08000170   0x00000000   Code   RO         7523    .ARM.Collect$$libshutdown$$00000004  c_w.l(libshutdown2.o)
    0x08000170   0x08000170   0x00000000   Code   RO         7525    .ARM.Collect$$libshutdown$$00000006  c_w.l(libshutdown2.o)
    0x08000170   0x08000170   0x00000000   Code   RO         7528    .ARM.Collect$$libshutdown$$00000009  c_w.l(libshutdown2.o)
    0x08000170   0x08000170   0x00000000   Code   RO         7531    .ARM.Collect$$libshutdown$$0000000C  c_w.l(libshutdown2.o)
    0x08000170   0x08000170   0x00000000   Code   RO         7533    .ARM.Collect$$libshutdown$$0000000E  c_w.l(libshutdown2.o)
    0x08000170   0x08000170   0x00000000   Code   RO         7536    .ARM.Collect$$libshutdown$$00000011  c_w.l(libshutdown2.o)
    0x08000170   0x08000170   0x00000002   Code   RO         7537    .ARM.Collect$$libshutdown$$00000012  c_w.l(libshutdown2.o)
    0x08000172   0x08000172   0x00000000   Code   RO         7398    .ARM.Collect$$rtentry$$00000000  c_w.l(__rtentry.o)
    0x08000172   0x08000172   0x00000000   Code   RO         7414    .ARM.Collect$$rtentry$$00000002  c_w.l(__rtentry2.o)
    0x08000172   0x08000172   0x00000006   Code   RO         7426    .ARM.Collect$$rtentry$$00000004  c_w.l(__rtentry4.o)
    0x08000178   0x08000178   0x00000000   Code   RO         7416    .ARM.Collect$$rtentry$$00000009  c_w.l(__rtentry2.o)
    0x08000178   0x08000178   0x00000004   Code   RO         7417    .ARM.Collect$$rtentry$$0000000A  c_w.l(__rtentry2.o)
    0x0800017c   0x0800017c   0x00000000   Code   RO         7419    .ARM.Collect$$rtentry$$0000000C  c_w.l(__rtentry2.o)
    0x0800017c   0x0800017c   0x00000008   Code   RO         7420    .ARM.Collect$$rtentry$$0000000D  c_w.l(__rtentry2.o)
    0x08000184   0x08000184   0x00000002   Code   RO         7447    .ARM.Collect$$rtexit$$00000000  c_w.l(rtexit.o)
    0x08000186   0x08000186   0x00000000   Code   RO         7495    .ARM.Collect$$rtexit$$00000002  c_w.l(rtexit2.o)
    0x08000186   0x08000186   0x00000004   Code   RO         7496    .ARM.Collect$$rtexit$$00000003  c_w.l(rtexit2.o)
    0x0800018a   0x0800018a   0x00000006   Code   RO         7497    .ARM.Collect$$rtexit$$00000004  c_w.l(rtexit2.o)
    0x08000190   0x08000190   0x00000040   Code   RO         2513    .text               startup_stm32f10x_md.o
    0x080001d0   0x080001d0   0x00000002   Code   RO         7330    .text               c_w.l(use_no_semi_2.o)
    0x080001d2   0x080001d2   0x00000002   PAD
    0x080001d4   0x080001d4   0x00000028   Code   RO         7334    .text               c_w.l(noretval__2sprintf.o)
    0x080001fc   0x080001fc   0x0000004e   Code   RO         7338    .text               c_w.l(_printf_pad.o)
    0x0800024a   0x0800024a   0x00000002   PAD
    0x0800024c   0x0800024c   0x00000078   Code   RO         7340    .text               c_w.l(_printf_dec.o)
    0x080002c4   0x080002c4   0x00000138   Code   RO         7354    .text               c_w.l(__printf_flags_wp.o)
    0x080003fc   0x080003fc   0x00000044   Code   RO         7364    .text               c_w.l(rt_memclr.o)
    0x08000440   0x08000440   0x0000004e   Code   RO         7366    .text               c_w.l(rt_memclr_w.o)
    0x0800048e   0x0800048e   0x00000006   Code   RO         7368    .text               c_w.l(heapauxi.o)
    0x08000494   0x08000494   0x00000002   Code   RO         7396    .text               c_w.l(use_no_semi.o)
    0x08000496   0x08000496   0x000000b2   Code   RO         7399    .text               c_w.l(_printf_intcommon.o)
    0x08000548   0x08000548   0x00000030   Code   RO         7401    .text               c_w.l(_printf_char_common.o)
    0x08000578   0x08000578   0x0000000a   Code   RO         7403    .text               c_w.l(_sputc.o)
    0x08000582   0x08000582   0x0000004a   Code   RO         7432    .text               c_w.l(sys_stackheap_outer.o)
    0x080005cc   0x080005cc   0x00000012   Code   RO         7434    .text               c_w.l(exit.o)
    0x080005de   0x080005de   0x00000002   PAD
    0x080005e0   0x080005e0   0x00000008   Code   RO         7444    .text               c_w.l(libspace.o)
    0x080005e8   0x080005e8   0x00000014   Code   RO          868    i.ADC_Cmd           stm32f10x_adc.o
    0x080005fc   0x080005fc   0x00000012   Code   RO          512    i.ADC_Config        adc.o
    0x0800060e   0x0800060e   0x00000014   Code   RO          869    i.ADC_DMACmd        stm32f10x_adc.o
    0x08000622   0x08000622   0x00000002   PAD
    0x08000624   0x08000624   0x00000068   Code   RO          513    i.ADC_DMA_Config    adc.o
    0x0800068c   0x0800068c   0x00000014   Code   RO          873    i.ADC_ExternalTrigConvCmd  stm32f10x_adc.o
    0x080006a0   0x080006a0   0x0000000e   Code   RO          876    i.ADC_GetCalibrationStatus  stm32f10x_adc.o
    0x080006ae   0x080006ae   0x00000002   PAD
    0x080006b0   0x080006b0   0x00000048   Code   RO          886    i.ADC_Init          stm32f10x_adc.o
    0x080006f8   0x080006f8   0x00000074   Code   RO          890    i.ADC_RegularChannelConfig  stm32f10x_adc.o
    0x0800076c   0x0800076c   0x0000000a   Code   RO          891    i.ADC_ResetCalibration  stm32f10x_adc.o
    0x08000776   0x08000776   0x0000000a   Code   RO          895    i.ADC_StartCalibration  stm32f10x_adc.o
    0x08000780   0x08000780   0x00000002   Code   RO          175    i.BusFault_Handler  stm32f10x_it.o
    0x08000782   0x08000782   0x00000002   PAD
    0x08000784   0x08000784   0x00000020   Code   RO          571    i.DMA1_Channel1_IRQHandler  sendpacket.o
    0x080007a4   0x080007a4   0x00000018   Code   RO         1085    i.DMA_ClearITPendingBit  stm32f10x_dma.o
    0x080007bc   0x080007bc   0x00000016   Code   RO         1086    i.DMA_Cmd           stm32f10x_dma.o
    0x080007d2   0x080007d2   0x00000002   PAD
    0x080007d4   0x080007d4   0x00000020   Code   RO         1090    i.DMA_GetITStatus   stm32f10x_dma.o
    0x080007f4   0x080007f4   0x00000010   Code   RO         1091    i.DMA_ITConfig      stm32f10x_dma.o
    0x08000804   0x08000804   0x0000003a   Code   RO         1092    i.DMA_Init          stm32f10x_dma.o
    0x0800083e   0x0800083e   0x00000002   Code   RO          176    i.DebugMon_Handler  stm32f10x_it.o
    0x08000840   0x08000840   0x0000013c   Code   RO         7146    i.DisplayInfo       ui.o
    0x0800097c   0x0800097c   0x00000018   Code   RO         1173    i.FLASH_PrefetchBufferCmd  stm32f10x_flash.o
    0x08000994   0x08000994   0x00000014   Code   RO         1178    i.FLASH_SetLatency  stm32f10x_flash.o
    0x080009a8   0x080009a8   0x000000a2   Code   RO         1334    i.GPIO_Init         stm32f10x_gpio.o
    0x08000a4a   0x08000a4a   0x0000000e   Code   RO         1338    i.GPIO_ReadInputDataBit  stm32f10x_gpio.o
    0x08000a58   0x08000a58   0x00000004   Code   RO         1341    i.GPIO_ResetBits    stm32f10x_gpio.o
    0x08000a5c   0x08000a5c   0x00000004   Code   RO         1342    i.GPIO_SetBits      stm32f10x_gpio.o
    0x08000a60   0x08000a60   0x00000002   Code   RO          177    i.HardFault_Handler  stm32f10x_it.o
    0x08000a62   0x08000a62   0x00000002   PAD
    0x08000a64   0x08000a64   0x00000010   Code   RO          771    i.IIC_OLED_SCL_HIGH  iic_oled.o
    0x08000a74   0x08000a74   0x00000010   Code   RO          772    i.IIC_OLED_SCL_LOW  iic_oled.o
    0x08000a84   0x08000a84   0x00000010   Code   RO          773    i.IIC_OLED_SDA_HIGH  iic_oled.o
    0x08000a94   0x08000a94   0x00000010   Code   RO          774    i.IIC_OLED_SDA_LOW  iic_oled.o
    0x08000aa4   0x08000aa4   0x00000080   Code   RO          636    i.KeyInit           key.o
    0x08000b24   0x08000b24   0x000000e0   Code   RO          637    i.KeyScan           key.o
    0x08000c04   0x08000c04   0x0000003c   Code   RO          332    i.LedBlink          led.o
    0x08000c40   0x08000c40   0x00000048   Code   RO          333    i.LedColorSet       led.o
    0x08000c88   0x08000c88   0x00000014   Code   RO          335    i.LedStatusOff      led.o
    0x08000c9c   0x08000c9c   0x00000002   Code   RO          178    i.MemManage_Handler  stm32f10x_it.o
    0x08000c9e   0x08000c9e   0x00000002   Code   RO          179    i.NMI_Handler       stm32f10x_it.o
    0x08000ca0   0x08000ca0   0x00000048   Code   RO          382    i.NRF24L01_Check    nrf24l01.o
    0x08000ce8   0x08000ce8   0x00000090   Code   RO          383    i.NRF24L01_Init     nrf24l01.o
    0x08000d78   0x08000d78   0x00000044   Code   RO          384    i.NRF24L01_Read_Buf  nrf24l01.o
    0x08000dbc   0x08000dbc   0x0000002c   Code   RO          385    i.NRF24L01_Read_Reg  nrf24l01.o
    0x08000de8   0x08000de8   0x00000084   Code   RO          386    i.NRF24L01_TX_Mode  nrf24l01.o
    0x08000e6c   0x08000e6c   0x00000064   Code   RO          387    i.NRF24L01_TxPacket  nrf24l01.o
    0x08000ed0   0x08000ed0   0x00000048   Code   RO          388    i.NRF24L01_Write_Buf  nrf24l01.o
    0x08000f18   0x08000f18   0x00000030   Code   RO          389    i.NRF24L01_Write_Reg  nrf24l01.o
    0x08000f48   0x08000f48   0x00000064   Code   RO          826    i.NVIC_Init         misc.o
    0x08000fac   0x08000fac   0x00000014   Code   RO          827    i.NVIC_PriorityGroupConfig  misc.o
    0x08000fc0   0x08000fc0   0x00000028   Code   RO          559    i.NVIC_config       nvic.o
    0x08000fe8   0x08000fe8   0x00000030   Code   RO          572    i.NrfRxPacket       sendpacket.o
    0x08001018   0x08001018   0x0000003c   Code   RO          573    i.NrfTxPacket       sendpacket.o
    0x08001054   0x08001054   0x00000050   Code   RO          775    i.OLED12864_IoInit  iic_oled.o
    0x080010a4   0x080010a4   0x00000002   Code   RO          180    i.PendSV_Handler    stm32f10x_it.o
    0x080010a6   0x080010a6   0x00000002   PAD
    0x080010a8   0x080010a8   0x00000014   Code   RO         1442    i.RCC_ADCCLKConfig  stm32f10x_rcc.o
    0x080010bc   0x080010bc   0x00000018   Code   RO         1443    i.RCC_AHBPeriphClockCmd  stm32f10x_rcc.o
    0x080010d4   0x080010d4   0x00000018   Code   RO         1444    i.RCC_APB1PeriphClockCmd  stm32f10x_rcc.o
    0x080010ec   0x080010ec   0x00000018   Code   RO         1446    i.RCC_APB2PeriphClockCmd  stm32f10x_rcc.o
    0x08001104   0x08001104   0x00000040   Code   RO         1453    i.RCC_DeInit        stm32f10x_rcc.o
    0x08001144   0x08001144   0x00000090   Code   RO         1454    i.RCC_GetClocksFreq  stm32f10x_rcc.o
    0x080011d4   0x080011d4   0x00000030   Code   RO         1455    i.RCC_GetFlagStatus  stm32f10x_rcc.o
    0x08001204   0x08001204   0x00000010   Code   RO         1457    i.RCC_GetSYSCLKSource  stm32f10x_rcc.o
    0x08001214   0x08001214   0x00000014   Code   RO         1458    i.RCC_HCLKConfig    stm32f10x_rcc.o
    0x08001228   0x08001228   0x00000034   Code   RO         1459    i.RCC_HSEConfig     stm32f10x_rcc.o
    0x0800125c   0x0800125c   0x00000062   Code   RO         7113    i.RCC_HSE_Configuration  rcc.o
    0x080012be   0x080012be   0x00000002   PAD
    0x080012c0   0x080012c0   0x00000014   Code   RO         1465    i.RCC_PCLK1Config   stm32f10x_rcc.o
    0x080012d4   0x080012d4   0x00000014   Code   RO         1466    i.RCC_PCLK2Config   stm32f10x_rcc.o
    0x080012e8   0x080012e8   0x0000000c   Code   RO         1467    i.RCC_PLLCmd        stm32f10x_rcc.o
    0x080012f4   0x080012f4   0x00000014   Code   RO         1468    i.RCC_PLLConfig     stm32f10x_rcc.o
    0x08001308   0x08001308   0x00000014   Code   RO         1471    i.RCC_SYSCLKConfig  stm32f10x_rcc.o
    0x0800131c   0x0800131c   0x0000002c   Code   RO         1473    i.RCC_WaitForHSEStartUp  stm32f10x_rcc.o
    0x08001348   0x08001348   0x00000058   Code   RO          514    i.RemoteVoltageDetect  adc.o
    0x080013a0   0x080013a0   0x00000234   Code   RO         7147    i.Remotecontroldata  ui.o
    0x080015d4   0x080015d4   0x0000008c   Code   RO          364    i.SPI1_Init         spi.o
    0x08001660   0x08001660   0x00000050   Code   RO          365    i.SPI1_RW           spi.o
    0x080016b0   0x080016b0   0x00000014   Code   RO         1647    i.SPI_Cmd           stm32f10x_spi.o
    0x080016c4   0x080016c4   0x0000000e   Code   RO         1655    i.SPI_I2S_GetFlagStatus  stm32f10x_spi.o
    0x080016d2   0x080016d2   0x00000004   Code   RO         1658    i.SPI_I2S_ReceiveData  stm32f10x_spi.o
    0x080016d6   0x080016d6   0x00000004   Code   RO         1659    i.SPI_I2S_SendData  stm32f10x_spi.o
    0x080016da   0x080016da   0x00000038   Code   RO         1660    i.SPI_Init          stm32f10x_spi.o
    0x08001712   0x08001712   0x00000002   Code   RO          181    i.SVC_Handler       stm32f10x_it.o
    0x08001714   0x08001714   0x000000a8   Code   RO          232    i.SetSysClockTo72   system_stm32f10x.o
    0x080017bc   0x080017bc   0x00000010   Code   RO          261    i.SysTick_Handler   systick.o
    0x080017cc   0x080017cc   0x00000050   Code   RO          234    i.SystemInit        system_stm32f10x.o
    0x0800181c   0x0800181c   0x00000014   Code   RO         1788    i.TIM_ARRPreloadConfig  stm32f10x_tim.o
    0x08001830   0x08001830   0x00000014   Code   RO         1800    i.TIM_Cmd           stm32f10x_tim.o
    0x08001844   0x08001844   0x00000064   Code   RO         1844    i.TIM_OC4Init       stm32f10x_tim.o
    0x080018a8   0x080018a8   0x00000014   Code   RO         1846    i.TIM_OC4PreloadConfig  stm32f10x_tim.o
    0x080018bc   0x080018bc   0x0000009c   Code   RO         1871    i.TIM_TimeBaseInit  stm32f10x_tim.o
    0x08001958   0x08001958   0x00000014   Code   RO         2323    i.USART_Cmd         stm32f10x_usart.o
    0x0800196c   0x0800196c   0x00000030   Code   RO         2329    i.USART_ITConfig    stm32f10x_usart.o
    0x0800199c   0x0800199c   0x000000ac   Code   RO         2330    i.USART_Init        stm32f10x_usart.o
    0x08001a48   0x08001a48   0x00000002   Code   RO          182    i.UsageFault_Handler  stm32f10x_it.o
    0x08001a4a   0x08001a4a   0x00000002   PAD
    0x08001a4c   0x08001a4c   0x0000008c   Code   RO          439    i.Usart1Init        usart1.o
    0x08001ad8   0x08001ad8   0x0000007c   Code   RO          677    i.WaitPairing       pair_freq.o
    0x08001b54   0x08001b54   0x0000000e   Code   RO         7352    i._is_digit         c_w.l(__printf_wp.o)
    0x08001b62   0x08001b62   0x00000002   Code   RO          440    i._sys_exit         usart1.o
    0x08001b64   0x08001b64   0x000000b8   Code   RO          515    i.adc_config        adc.o
    0x08001c1c   0x08001c1c   0x00000044   Code   RO          516    i.adc_gpio_init     adc.o
    0x08001c60   0x08001c60   0x00000060   Code   RO          574    i.analyze_packet    sendpacket.o
    0x08001cc0   0x08001cc0   0x00000068   Code   RO          575    i.data_exchange     sendpacket.o
    0x08001d28   0x08001d28   0x00000016   Code   RO          262    i.delay_ms          systick.o
    0x08001d3e   0x08001d3e   0x00000016   Code   RO          263    i.delay_us          systick.o
    0x08001d54   0x08001d54   0x00000030   Code   RO          678    i.get_chip_id       pair_freq.o
    0x08001d84   0x08001d84   0x00000008   Code   RO         6306    i.i2c_clear_scl     u8x8_byte.o
    0x08001d8c   0x08001d8c   0x00000008   Code   RO         6307    i.i2c_clear_sda     u8x8_byte.o
    0x08001d94   0x08001d94   0x0000000a   Code   RO         6308    i.i2c_delay         u8x8_byte.o
    0x08001d9e   0x08001d9e   0x00000016   Code   RO         6309    i.i2c_read_scl_and_delay  u8x8_byte.o
    0x08001db4   0x08001db4   0x00000008   Code   RO         6310    i.i2c_read_sda      u8x8_byte.o
    0x08001dbc   0x08001dbc   0x00000026   Code   RO         6311    i.i2c_write_bit     u8x8_byte.o
    0x08001de2   0x08001de2   0x0000007c   Code   RO         6312    i.i2c_write_byte    u8x8_byte.o
    0x08001e5e   0x08001e5e   0x00000002   PAD
    0x08001e60   0x08001e60   0x00000024   Code   RO          638    i.key_info          key.o
    0x08001e84   0x08001e84   0x000000a0   Code   RO            1    i.main              main.o
    0x08001f24   0x08001f24   0x00000028   Code   RO         7125    i.main_menu         menu.o
    0x08001f4c   0x08001f4c   0x00000054   Code   RO         7148    i.menu_fps          ui.o
    0x08001fa0   0x08001fa0   0x0000009c   Code   RO          639    i.menu_process      key.o
    0x0800203c   0x0800203c   0x00000018   Code   RO         7126    i.no2_menu          menu.o
    0x08002054   0x08002054   0x0000000c   Code   RO          264    i.systick_get_ms    systick.o
    0x08002060   0x08002060   0x00000024   Code   RO          265    i.systick_init      systick.o
    0x08002084   0x08002084   0x00000070   Code   RO          624    i.timing_trigger_init  timing_trigger.o
    0x080020f4   0x080020f4   0x00000012   Code   RO         3190    i.u8g2_ClearBuffer  u8g2_buffer.o
    0x08002106   0x08002106   0x00000044   Code   RO         3160    i.u8g2_DrawBox      u8g2_box.o
    0x0800214a   0x0800214a   0x00000088   Code   RO         3161    i.u8g2_DrawFrame    u8g2_box.o
    0x080021d2   0x080021d2   0x0000006e   Code   RO         3393    i.u8g2_DrawGlyph    u8g2_font.o
    0x08002240   0x08002240   0x000000ac   Code   RO         5648    i.u8g2_DrawHVLine   u8g2_hvline.o
    0x080022ec   0x080022ec   0x00000010   Code   RO         3395    i.u8g2_DrawStr      u8g2_font.o
    0x080022fc   0x080022fc   0x0000000c   Code   RO         5650    i.u8g2_DrawVLine    u8g2_hvline.o
    0x08002308   0x08002308   0x0000003e   Code   RO         3405    i.u8g2_GetGlyphWidth  u8g2_font.o
    0x08002346   0x08002346   0x00000002   PAD
    0x08002348   0x08002348   0x0000000c   Code   RO         3406    i.u8g2_GetStrWidth  u8g2_font.o
    0x08002354   0x08002354   0x00000030   Code   RO         5709    i.u8g2_IsIntersection  u8g2_intersection.o
    0x08002384   0x08002384   0x00000012   Code   RO         3193    i.u8g2_SendBuffer   u8g2_buffer.o
    0x08002396   0x08002396   0x00000010   Code   RO         5651    i.u8g2_SetDrawColor  u8g2_hvline.o
    0x080023a6   0x080023a6   0x00000020   Code   RO         3411    i.u8g2_SetFont      u8g2_font.o
    0x080023c6   0x080023c6   0x00000002   PAD
    0x080023c8   0x080023c8   0x0000000c   Code   RO         3414    i.u8g2_SetFontPosBaseline  u8g2_font.o
    0x080023d4   0x080023d4   0x0000001c   Code   RO         5897    i.u8g2_SetMaxClipWindow  u8g2_setup.o
    0x080023f0   0x080023f0   0x00000046   Code   RO         5898    i.u8g2_SetupBuffer  u8g2_setup.o
    0x08002436   0x08002436   0x00000002   PAD
    0x08002438   0x08002438   0x00000038   Code   RO         3379    i.u8g2_Setup_ssd1306_i2c_128x64_noname_f  u8g2_d_setup.o
    0x08002470   0x08002470   0x00000052   Code   RO         3421    i.u8g2_UpdateRefHeight  u8g2_font.o
    0x080024c2   0x080024c2   0x0000001c   Code   RO         3422    i.u8g2_add_vector_x  u8g2_font.o
    0x080024de   0x080024de   0x0000001c   Code   RO         3423    i.u8g2_add_vector_y  u8g2_font.o
    0x080024fa   0x080024fa   0x0000006e   Code   RO         5900    i.u8g2_apply_clip_window  u8g2_setup.o
    0x08002568   0x08002568   0x0000003c   Code   RO         5652    i.u8g2_clip_intersection2  u8g2_hvline.o
    0x080025a4   0x080025a4   0x00000012   Code   RO         5653    i.u8g2_draw_hv_line_2dir  u8g2_hvline.o
    0x080025b6   0x080025b6   0x0000000c   Code   RO         5902    i.u8g2_draw_l90_r0  u8g2_setup.o
    0x080025c2   0x080025c2   0x00000076   Code   RO         3424    i.u8g2_draw_string  u8g2_font.o
    0x08002638   0x08002638   0x00000004   Code   RO         3430    i.u8g2_font_calc_vref_font  u8g2_font.o
    0x0800263c   0x0800263c   0x00000014   Code   RO         3432    i.u8g2_font_decode_get_signed_bits  u8g2_font.o
    0x08002650   0x08002650   0x00000034   Code   RO         3433    i.u8g2_font_decode_get_unsigned_bits  u8g2_font.o
    0x08002684   0x08002684   0x00000114   Code   RO         3434    i.u8g2_font_decode_glyph  u8g2_font.o
    0x08002798   0x08002798   0x0000008c   Code   RO         3435    i.u8g2_font_decode_len  u8g2_font.o
    0x08002824   0x08002824   0x00000072   Code   RO         3436    i.u8g2_font_get_glyph_data  u8g2_font.o
    0x08002896   0x08002896   0x00000014   Code   RO         3437    i.u8g2_font_get_word  u8g2_font.o
    0x080028aa   0x080028aa   0x00000034   Code   RO         3438    i.u8g2_font_setup_decode  u8g2_font.o
    0x080028de   0x080028de   0x00000050   Code   RO          266    i.u8g2_gpio_and_delay_stm32  systick.o
    0x0800292e   0x0800292e   0x00000018   Code   RO         5710    i.u8g2_is_intersection_decision_tree  u8g2_intersection.o
    0x08002946   0x08002946   0x00000002   PAD
    0x08002948   0x08002948   0x00000090   Code   RO         5758    i.u8g2_ll_hvline_vertical_top_lsb  u8g2_ll_hvline.o
    0x080029d8   0x080029d8   0x0000000c   Code   RO         3366    i.u8g2_m_16_8_f     u8g2_d_memory.o
    0x080029e4   0x080029e4   0x0000006a   Code   RO         3439    i.u8g2_read_font_info  u8g2_font.o
    0x08002a4e   0x08002a4e   0x0000004e   Code   RO         3201    i.u8g2_send_buffer  u8g2_buffer.o
    0x08002a9c   0x08002a9c   0x00000074   Code   RO         3440    i.u8g2_string_width  u8g2_font.o
    0x08002b10   0x08002b10   0x00000046   Code   RO         5907    i.u8g2_update_dimension_common  u8g2_setup.o
    0x08002b56   0x08002b56   0x00000004   Code   RO         5908    i.u8g2_update_dimension_r0  u8g2_setup.o
    0x08002b5a   0x08002b5a   0x00000022   Code   RO         5912    i.u8g2_update_page_win_r0  u8g2_setup.o
    0x08002b7c   0x08002b7c   0x0000001e   Code   RO         6685    i.u8x8_DrawTile     u8x8_display.o
    0x08002b9a   0x08002b9a   0x00000010   Code   RO         6687    i.u8x8_InitDisplay  u8x8_display.o
    0x08002baa   0x08002baa   0x00000010   Code   RO         6689    i.u8x8_RefreshDisplay  u8x8_display.o
    0x08002bba   0x08002bba   0x00000010   Code   RO         6692    i.u8x8_SetPowerSave  u8x8_display.o
    0x08002bca   0x08002bca   0x00000022   Code   RO         6991    i.u8x8_Setup        u8x8_setup.o
    0x08002bec   0x08002bec   0x00000024   Code   RO         6992    i.u8x8_SetupDefaults  u8x8_setup.o
    0x08002c10   0x08002c10   0x00000010   Code   RO         6693    i.u8x8_SetupMemory  u8x8_display.o
    0x08002c20   0x08002c20   0x0000000e   Code   RO         6192    i.u8x8_ascii_next   u8x8_8x8.o
    0x08002c2e   0x08002c2e   0x00000010   Code   RO         6317    i.u8x8_byte_EndTransfer  u8x8_byte.o
    0x08002c3e   0x08002c3e   0x0000000e   Code   RO         6318    i.u8x8_byte_SendByte  u8x8_byte.o
    0x08002c4c   0x08002c4c   0x00000010   Code   RO         6321    i.u8x8_byte_StartTransfer  u8x8_byte.o
    0x08002c5c   0x08002c5c   0x000000bc   Code   RO         6326    i.u8x8_byte_sw_i2c  u8x8_byte.o
    0x08002d18   0x08002d18   0x00000010   Code   RO         6437    i.u8x8_cad_EndTransfer  u8x8_cad.o
    0x08002d28   0x08002d28   0x00000010   Code   RO         6438    i.u8x8_cad_SendArg  u8x8_cad.o
    0x08002d38   0x08002d38   0x00000010   Code   RO         6439    i.u8x8_cad_SendCmd  u8x8_cad.o
    0x08002d48   0x08002d48   0x00000010   Code   RO         6440    i.u8x8_cad_SendData  u8x8_cad.o
    0x08002d58   0x08002d58   0x00000068   Code   RO         6442    i.u8x8_cad_SendSequence  u8x8_cad.o
    0x08002dc0   0x08002dc0   0x00000010   Code   RO         6443    i.u8x8_cad_StartTransfer  u8x8_cad.o
    0x08002dd0   0x08002dd0   0x000000bc   Code   RO         6446    i.u8x8_cad_ssd13xx_fast_i2c  u8x8_cad.o
    0x08002e8c   0x08002e8c   0x00000060   Code   RO         6694    i.u8x8_d_helper_display_init  u8x8_display.o
    0x08002eec   0x08002eec   0x0000000a   Code   RO         6695    i.u8x8_d_helper_display_setup_memory  u8x8_display.o
    0x08002ef6   0x08002ef6   0x00000002   PAD
    0x08002ef8   0x08002ef8   0x0000003c   Code   RO         6619    i.u8x8_d_ssd1306_128x64_noname  u8x8_d_ssd1306_128x64_noname.o
    0x08002f34   0x08002f34   0x000000c8   Code   RO         6621    i.u8x8_d_ssd1306_sh1106_generic  u8x8_d_ssd1306_128x64_noname.o
    0x08002ffc   0x08002ffc   0x00000004   Code   RO         6994    i.u8x8_dummy_cb     u8x8_setup.o
    0x08003000   0x08003000   0x0000000c   Code   RO         6913    i.u8x8_gpio_call    u8x8_gpio.o
    0x0800300c   0x0800300c   0x0000002c   Code   RO         6454    i.u8x8_i2c_data_transfer  u8x8_cad.o
    0x08003038   0x08003038   0x00000008   Code   RO         6200    i.u8x8_utf8_init    u8x8_8x8.o
    0x08003040   0x08003040   0x00000108   Code   RO         7150    i.ui_icon           ui.o
    0x08003148   0x08003148   0x000000bc   Code   RO         7151    i.update_smoothed_values  ui.o
    0x08003204   0x08003204   0x000000c4   Code   RO         7372    x$fpl$fadd          fz_ws.l(faddsub_clz.o)
    0x080032c8   0x080032c8   0x0000000c   Code   RO         7406    x$fpl$fcheck1       fz_ws.l(fcheck1.o)
    0x080032d4   0x080032d4   0x00000036   Code   RO         7378    x$fpl$ffix          fz_ws.l(ffix.o)
    0x0800330a   0x0800330a   0x00000002   PAD
    0x0800330c   0x0800330c   0x0000003e   Code   RO         7382    x$fpl$ffixu         fz_ws.l(ffixu.o)
    0x0800334a   0x0800334a   0x00000002   PAD
    0x0800334c   0x0800334c   0x00000030   Code   RO         7387    x$fpl$fflt          fz_ws.l(fflt_clz.o)
    0x0800337c   0x0800337c   0x00000026   Code   RO         7386    x$fpl$ffltu         fz_ws.l(fflt_clz.o)
    0x080033a2   0x080033a2   0x00000002   PAD
    0x080033a4   0x080033a4   0x00000102   Code   RO         7392    x$fpl$fmul          fz_ws.l(fmul.o)
    0x080034a6   0x080034a6   0x0000008c   Code   RO         7408    x$fpl$fnaninf       fz_ws.l(fnaninf.o)
    0x08003532   0x08003532   0x0000000a   Code   RO         7410    x$fpl$fretinf       fz_ws.l(fretinf.o)
    0x0800353c   0x0800353c   0x000000ea   Code   RO         7374    x$fpl$fsub          fz_ws.l(faddsub_clz.o)
    0x08003626   0x08003626   0x00000064   Code   RO         7430    x$fpl$retnan        fz_ws.l(retnan.o)
    0x0800368a   0x0800368a   0x0000004c   Code   RO         7394    x$fpl$scalbnf       fz_ws.l(scalbnf.o)
    0x080036d6   0x080036d6   0x00000030   Code   RO         7442    x$fpl$trapveneer    fz_ws.l(trapv.o)
    0x08003706   0x08003706   0x00000000   Code   RO         7412    x$fpl$usenofp       fz_ws.l(usenofp.o)
    0x08003706   0x08003706   0x000003d3   Data   RO         3748    .constdata          u8g2_fonts.o
    0x08003ad9   0x08003ad9   0x000003c9   Data   RO         3754    .constdata          u8g2_fonts.o
    0x08003ea2   0x08003ea2   0x00002f14   Data   RO         3887    .constdata          u8g2_fonts.o
    0x08006db6   0x08006db6   0x0000063c   Data   RO         4402    .constdata          u8g2_fonts.o
    0x080073f2   0x080073f2   0x000024af   Data   RO         4822    .constdata          u8g2_fonts.o
    0x080098a1   0x080098a1   0x00000003   PAD
    0x080098a4   0x080098a4   0x0000000c   Data   RO         5916    .constdata          u8g2_setup.o
    0x080098b0   0x080098b0   0x00000158   Data   RO         6623    .constdata          u8x8_d_ssd1306_128x64_noname.o
    0x08009a08   0x08009a08   0x00000001   Data   RO         7152    .constdata          ui.o
    0x08009a09   0x08009a09   0x00000011   Data   RO         7355    .constdata          c_w.l(__printf_flags_wp.o)
    0x08009a1a   0x08009a1a   0x00000002   PAD
    0x08009a1c   0x08009a1c   0x00000020   Data   RO         7569    Region$$Table       anon$$obj.o


    Execution Region RW_IRAM1 (Exec base: 0x20000000, Load base: 0x08009a3c, Size: 0x00000ba8, Max: 0x00005000, ABSOLUTE)

    Exec Addr    Load Addr    Size         Type   Attr      Idx    E Section Name        Object

    0x20000000   0x08009a3c   0x00000014   Data   RW          235    .data               system_stm32f10x.o
    0x20000014   0x08009a50   0x00000004   Data   RW          268    .data               systick.o
    0x20000018   0x08009a54   0x00000004   Data   RW          336    .data               led.o
    0x2000001c   0x08009a58   0x00000008   Data   RW          518    .data               adc.o
    0x20000024   0x08009a60   0x00000008   Data   RW          577    .data               sendpacket.o
    0x2000002c   0x08009a68   0x00000007   Data   RW          641    .data               key.o
    0x20000033   0x08009a6f   0x00000001   PAD
    0x20000034   0x08009a70   0x0000000b   Data   RW          680    .data               pair_freq.o
    0x2000003f   0x08009a7b   0x00000014   Data   RW         1474    .data               stm32f10x_rcc.o
    0x20000053   0x08009a8f   0x00000006   Data   RW         6456    .data               u8x8_cad.o
    0x20000059   0x08009a95   0x00000003   PAD
    0x2000005c   0x08009a98   0x00000018   Data   RW         7153    .data               ui.o
    0x20000074        -       0x0000000a   Zero   RW          517    .bss                adc.o
    0x2000007e        -       0x00000016   Zero   RW          576    .bss                sendpacket.o
    0x20000094        -       0x0000000e   Zero   RW          640    .bss                key.o
    0x200000a2   0x08009ab0   0x00000002   PAD
    0x200000a4        -       0x0000000c   Zero   RW          679    .bss                pair_freq.o
    0x200000b0        -       0x00000400   Zero   RW         3367    .bss                u8g2_d_memory.o
    0x200004b0        -       0x00000094   Zero   RW         7127    .bss                menu.o
    0x20000544        -       0x00000060   Zero   RW         7445    .bss                c_w.l(libspace.o)
    0x200005a4   0x08009ab0   0x00000004   PAD
    0x200005a8        -       0x00000200   Zero   RW         2511    HEAP                startup_stm32f10x_md.o
    0x200007a8        -       0x00000400   Zero   RW         2510    STACK               startup_stm32f10x_md.o


==============================================================================

Image component sizes


      Code (inc. data)   RO Data    RW Data    ZI Data      Debug   Object Name

       462         50          0          8         10       3531   adc.o
         0          0          0          0          0         32   core_cm3.o
       144         28          0          0          0       2429   iic_oled.o
       544         46          0          7         14       4556   key.o
       152         22          0          4          0       2320   led.o
       160         20          0          0          0     225753   main.o
        64         10          0          0        148       1230   menu.o
       120         16          0          0          0       1547   misc.o
       680         52          0          0          0       5857   nrf24l01.o
        40          0          0          0          0        526   nvic.o
       172         28          0         11         12       1734   pair_freq.o
        98          0          0          0          0        540   rcc.o
       340         52          0          8         22       4445   sendpacket.o
       220         12          0          0          0       1286   spi.o
        64         26        236          0       1536        828   startup_stm32f10x_md.o
       282         10          0          0          0       6996   stm32f10x_adc.o
       152         16          0          0          0       4650   stm32f10x_dma.o
        44         12          0          0          0       1109   stm32f10x_flash.o
       184          0          0          0          0       3668   stm32f10x_gpio.o
        16          0          0          0          0       3580   stm32f10x_it.o
       572        100          0         20          0      11941   stm32f10x_rcc.o
        98          0          0          0          0       3962   stm32f10x_spi.o
       316         52          0          0          0       4560   stm32f10x_tim.o
       240          6          0          0          0       3762   stm32f10x_usart.o
       248         24          0         20          0       1873   system_stm32f10x.o
       188         16          0          4          0     216488   systick.o
       112          6          0          0          0        670   timing_trigger.o
       204          0          0          0          0       1440   u8g2_box.o
       114          0          0          0          0       2551   u8g2_buffer.o
        12          4          0          0       1024        876   u8g2_d_memory.o
        56         14          0          0          0       1085   u8g2_d_setup.o
      1400         14          0          0          0      16164   u8g2_font.o
         0          0      24987          0          0     145427   u8g2_fonts.o
       278          0          0          0          0       3704   u8g2_hvline.o
        72          0          0          0          0       1943   u8g2_intersection.o
       144          0          0          0          0       1414   u8g2_ll_hvline.o
       328          0         12          0          0     146967   u8g2_setup.o
        22          0          0          0          0       1877   u8x8_8x8.o
       452          0          0          0          0       6926   u8x8_byte.o
       416         12          0          6          0       8968   u8x8_cad.o
       260         12        344          0          0       3171   u8x8_d_ssd1306_128x64_noname.o
       200          0          0          0          0       4454   u8x8_display.o
        12          0          0          0          0        601   u8x8_gpio.o
        74          4          0          0          0       1790   u8x8_setup.o
      1416        212          1         24          0     366450   ui.o
       142         10          0          0          0       1149   usart1.o

    ----------------------------------------------------------------------
     11342        886      25615        116       2768    1236830   Object Totals
         0          0         32          0          0          0   (incl. Generated)
        28          0          3          4          2          0   (incl. Padding)

    ----------------------------------------------------------------------

      Code (inc. data)   RO Data    RW Data    ZI Data      Debug   Library Member Name

         8          0          0          0          0         68   __main.o
       312          4         17          0          0         92   __printf_flags_wp.o
        14          0          0          0          0         68   __printf_wp.o
         0          0          0          0          0          0   __rtentry.o
        12          0          0          0          0          0   __rtentry2.o
         6          0          0          0          0          0   __rtentry4.o
        52          8          0          0          0          0   __scatter.o
        26          0          0          0          0          0   __scatter_copy.o
        28          0          0          0          0          0   __scatter_zi.o
        48          6          0          0          0         96   _printf_char_common.o
         6          0          0          0          0          0   _printf_d.o
       120         16          0          0          0         92   _printf_dec.o
       178          0          0          0          0         88   _printf_intcommon.o
        78          0          0          0          0        108   _printf_pad.o
         0          0          0          0          0          0   _printf_percent.o
         4          0          0          0          0          0   _printf_percent_end.o
        10          0          0          0          0         68   _sputc.o
        18          0          0          0          0         80   exit.o
         6          0          0          0          0        152   heapauxi.o
         2          0          0          0          0          0   libinit.o
         2          0          0          0          0          0   libinit2.o
         2          0          0          0          0          0   libshutdown.o
         2          0          0          0          0          0   libshutdown2.o
         8          4          0          0         96         68   libspace.o
        40          6          0          0          0         84   noretval__2sprintf.o
        68          0          0          0          0         68   rt_memclr.o
        78          0          0          0          0         80   rt_memclr_w.o
         2          0          0          0          0          0   rtexit.o
        10          0          0          0          0          0   rtexit2.o
        74          0          0          0          0         80   sys_stackheap_outer.o
         2          0          0          0          0         68   use_no_semi.o
         2          0          0          0          0         68   use_no_semi_2.o
       430          8          0          0          0        168   faddsub_clz.o
        12          4          0          0          0         68   fcheck1.o
        54          4          0          0          0         84   ffix.o
        62          4          0          0          0         84   ffixu.o
        86          0          0          0          0        136   fflt_clz.o
       258          4          0          0          0         84   fmul.o
       140          4          0          0          0         84   fnaninf.o
        10          0          0          0          0         68   fretinf.o
       100          0          0          0          0         68   retnan.o
        76          0          0          0          0         68   scalbnf.o
        48          0          0          0          0         68   trapv.o
         0          0          0          0          0          0   usenofp.o

    ----------------------------------------------------------------------
      2508         72         19          0        100       2408   Library Totals
        14          0          2          0          4          0   (incl. Padding)

    ----------------------------------------------------------------------

      Code (inc. data)   RO Data    RW Data    ZI Data      Debug   Library Name

      1218         44         17          0         96       1428   c_w.l
      1276         28          0          0          0        980   fz_ws.l

    ----------------------------------------------------------------------
      2508         72         19          0        100       2408   Library Totals

    ----------------------------------------------------------------------

==============================================================================


      Code (inc. data)   RO Data    RW Data    ZI Data      Debug   

     13850        958      25634        116       2868    1228314   Grand Totals
     13850        958      25634        116       2868    1228314   ELF Image Totals
     13850        958      25634        116          0          0   ROM Totals

==============================================================================

    Total RO  Size (Code + RO Data)                39484 (  38.56kB)
    Total RW  Size (RW Data + ZI Data)              2984 (   2.91kB)
    Total ROM Size (Code + RO Data + RW Data)      39600 (  38.67kB)

==============================================================================

