<html>
<body>
<pre>
<h1>礦ision Build Log</h1>
<h2>Tool Versions:</h2>
IDE-Version: μVision V5.36.0.0
Copyright (C) 2021 ARM Ltd and ARM Germany GmbH. All rights reserved.
License Information: 321321 213231, 32132, LIC=JL28G-V9GXY-12GLE-5SRUC-L52I1-T2TPA
 
Tool Versions:
Toolchain:       MDK-ARM Plus  Version: 5.36.0.0
Toolchain Path:  C:\Keil_MDK\ARM\ARMCC\Bin
C Compiler:      Armcc.exe V5.06 update 7 (build 960)
Assembler:       Armasm.exe V5.06 update 7 (build 960)
Linker/Locator:  ArmLink.exe V5.06 update 7 (build 960)
Library Manager: ArmAr.exe V5.06 update 7 (build 960)
Hex Converter:   FromElf.exe V5.06 update 7 (build 960)
CPU DLL:         SARMCM3.DLL V5.36.0.0
Dialog DLL:      DCM.DLL V1.17.3.0
Target DLL:      STLink\ST-LINKIII-KEIL_SWO.dll V3.0.9.0
Dialog DLL:      TCM.DLL V1.53.0.0
 
<h2>Project:</h2>
c:\Users\Tinch\Desktop\stm32\开源小四轴汇总资料\程序文件及KEIL5\Perfei_Remote_ug82\user\remote.uvprojx
Project File Date:  07/29/2025

<h2>Output:</h2>
*** Using Compiler 'V5.06 update 7 (build 960)', folder: 'C:\Keil_MDK\ARM\ARMCC\Bin'
Build target 'remote'
compiling ui.c...
..\ui\ui.c(161): warning:  #223-D: function "analyze_packet" declared implicitly
      analyze_packet(ADC_value); // 鏇存柊tx
..\ui\ui.c(21): warning:  #550-D: variable "lastSignalStatus"  was set but never used
  static u8 lastSignalStatus = 0xFF; // 鍒濆鍖栦负闈炴硶鍊硷紝纭繚绗竴娆″埛鏂?
..\ui\ui.c: 2 warnings, 0 errors
linking...
Program Size: Code=13850 RO-data=25634 RW-data=116 ZI-data=2868  
FromELF: creating hex file...
"..\out_file\four rotor.axf" - 0 Error(s), 2 Warning(s).

<h2>Software Packages used:</h2>

Package Vendor: Keil
                http://www.keil.com/pack/Keil.STM32F1xx_DFP.2.1.0.pack
                Keil.STM32F1xx_DFP.2.1.0
                STMicroelectronics STM32F1 Series Device Support, Drivers and Examples

<h2>Collection of Component include folders:</h2>
  C:\Keil_MDK\Keil\STM32F1xx_DFP\2.1.0\Device\Include

<h2>Collection of Component Files used:</h2>
Build Time Elapsed:  00:00:01
</pre>
</body>
</html>
